<?xml version="1.0"?>
<link_info>
   <banner>TMS320C2000 Linker Unix v16.12.0.STS</banner>
   <copyright>Copyright (c) 1996-2015 Texas Instruments Incorporated</copyright>
   <link_time>0x590bfeb7</link_time>
   <link_errors>0x0</link_errors>
   <output_file>ELT131_LAB_06.out</output_file>
   <entry_point>
      <name>_c_int00</name>
      <address>0x301d05</address>
   </entry_point>
   <input_file_list>
      <input_file id="fl-2">
         <path>./</path>
         <kind>object</kind>
         <file>ELT131_LAB_06_03.obj</file>
         <name>ELT131_LAB_06_03.obj</name>
      </input_file>
      <input_file id="fl-3">
         <path>./MD_F2833x_LIB/</path>
         <kind>object</kind>
         <file>md_bsp_explorer.obj</file>
         <name>md_bsp_explorer.obj</name>
      </input_file>
      <input_file id="fl-4">
         <path>./MD_F2833x_LIB/</path>
         <kind>object</kind>
         <file>md_epwm.obj</file>
         <name>md_epwm.obj</name>
      </input_file>
      <input_file id="fl-5">
         <path>./MD_F2833x_LIB/</path>
         <kind>object</kind>
         <file>md_gpio.obj</file>
         <name>md_gpio.obj</name>
      </input_file>
      <input_file id="fl-6">
         <path>./MD_F2833x_LIB/</path>
         <kind>object</kind>
         <file>md_spi.obj</file>
         <name>md_spi.obj</name>
      </input_file>
      <input_file id="fl-7">
         <path>./MD_F2833x_LIB/</path>
         <kind>object</kind>
         <file>md_uart_sci.obj</file>
         <name>md_uart_sci.obj</name>
      </input_file>
      <input_file id="fl-8">
         <path>./bsp/</path>
         <kind>object</kind>
         <file>DSP2833x_ADC_cal.obj</file>
         <name>DSP2833x_ADC_cal.obj</name>
      </input_file>
      <input_file id="fl-9">
         <path>./bsp/</path>
         <kind>object</kind>
         <file>DSP2833x_CpuTimers.obj</file>
         <name>DSP2833x_CpuTimers.obj</name>
      </input_file>
      <input_file id="fl-a">
         <path>./bsp/</path>
         <kind>object</kind>
         <file>DSP2833x_GlobalVariableDefs.obj</file>
         <name>DSP2833x_GlobalVariableDefs.obj</name>
      </input_file>
      <input_file id="fl-b">
         <path>./bsp/</path>
         <kind>object</kind>
         <file>DSP2833x_SysCtrl.obj</file>
         <name>DSP2833x_SysCtrl.obj</name>
      </input_file>
      <input_file id="fl-c">
         <path>./bsp/</path>
         <kind>object</kind>
         <file>DSP2833x_usDelay.obj</file>
         <name>DSP2833x_usDelay.obj</name>
      </input_file>
      <input_file id="fl-10">
         <path>/media/data/CODES/ccs7_workspace/ELT131_LAB_06/Debug/configPkg/package/cfg/</path>
         <kind>object</kind>
         <file>app_03_p28FP.o28FP</file>
         <name>app_03_p28FP.o28FP</name>
      </input_file>
      <input_file id="fl-1c">
         <path>/opt/ti/tirtos_c2000_2_16_01_14/products/uia_2_00_05_50/packages/ti/uia/loggers/lib/release/</path>
         <kind>archive</kind>
         <file>ti.uia.loggers.a28FP</file>
         <name>LoggerStopMode.o28FP</name>
      </input_file>
      <input_file id="fl-1d">
         <path>/media/data/CODES/ccs7_workspace/ELT131_LAB_06/src/sysbios/</path>
         <kind>archive</kind>
         <file>sysbios.a28FP</file>
         <name>BIOS.obj</name>
      </input_file>
      <input_file id="fl-1e">
         <path>/media/data/CODES/ccs7_workspace/ELT131_LAB_06/src/sysbios/</path>
         <kind>archive</kind>
         <file>sysbios.a28FP</file>
         <name>c28_Hwi_asm.obj</name>
      </input_file>
      <input_file id="fl-1f">
         <path>/media/data/CODES/ccs7_workspace/ELT131_LAB_06/src/sysbios/</path>
         <kind>archive</kind>
         <file>sysbios.a28FP</file>
         <name>c28_Hwi_disp_asm.obj</name>
      </input_file>
      <input_file id="fl-20">
         <path>/media/data/CODES/ccs7_workspace/ELT131_LAB_06/src/sysbios/</path>
         <kind>archive</kind>
         <file>sysbios.a28FP</file>
         <name>c28_IntrinsicsSupport_asm.obj</name>
      </input_file>
      <input_file id="fl-21">
         <path>/media/data/CODES/ccs7_workspace/ELT131_LAB_06/src/sysbios/</path>
         <kind>archive</kind>
         <file>sysbios.a28FP</file>
         <name>c28_TaskSupport_asm.obj</name>
      </input_file>
      <input_file id="fl-22">
         <path>/opt/ti/tirtos_c2000_2_16_01_14/products/bios_6_45_02_31/packages/ti/catalog/c2800/init/lib/</path>
         <kind>archive</kind>
         <file>Boot.a28FP</file>
         <name>Boot.o28FP</name>
      </input_file>
      <input_file id="fl-23">
         <path>/opt/ti/tirtos_c2000_2_16_01_14/products/bios_6_45_02_31/packages/ti/catalog/c2800/init/lib/</path>
         <kind>archive</kind>
         <file>Boot.a28FP</file>
         <name>Boot_asm.o28FP</name>
      </input_file>
      <input_file id="fl-24">
         <path>/opt/ti/tirtos_c2000_2_16_01_14/products/uia_2_00_05_50/packages/ti/uia/runtime/lib/release/</path>
         <kind>archive</kind>
         <file>ti.uia.runtime.a28FP</file>
         <name>QueueDescriptor.o28FP</name>
      </input_file>
      <input_file id="fl-25">
         <path>/opt/ti/tirtos_c2000_2_16_01_14/products/bios_6_45_02_31/packages/ti/targets/rts2800/lib/</path>
         <kind>archive</kind>
         <file>ti.targets.rts2800.a28FP</file>
         <name>Assert.o28FP</name>
      </input_file>
      <input_file id="fl-26">
         <path>/opt/ti/tirtos_c2000_2_16_01_14/products/bios_6_45_02_31/packages/ti/targets/rts2800/lib/</path>
         <kind>archive</kind>
         <file>ti.targets.rts2800.a28FP</file>
         <name>Core-mem.o28FP</name>
      </input_file>
      <input_file id="fl-27">
         <path>/opt/ti/tirtos_c2000_2_16_01_14/products/bios_6_45_02_31/packages/ti/targets/rts2800/lib/</path>
         <kind>archive</kind>
         <file>ti.targets.rts2800.a28FP</file>
         <name>Core-smem.o28FP</name>
      </input_file>
      <input_file id="fl-28">
         <path>/opt/ti/tirtos_c2000_2_16_01_14/products/bios_6_45_02_31/packages/ti/targets/rts2800/lib/</path>
         <kind>archive</kind>
         <file>ti.targets.rts2800.a28FP</file>
         <name>Core-label.o28FP</name>
      </input_file>
      <input_file id="fl-29">
         <path>/opt/ti/tirtos_c2000_2_16_01_14/products/bios_6_45_02_31/packages/ti/targets/rts2800/lib/</path>
         <kind>archive</kind>
         <file>ti.targets.rts2800.a28FP</file>
         <name>Core-params.o28FP</name>
      </input_file>
      <input_file id="fl-2a">
         <path>/opt/ti/tirtos_c2000_2_16_01_14/products/bios_6_45_02_31/packages/ti/targets/rts2800/lib/</path>
         <kind>archive</kind>
         <file>ti.targets.rts2800.a28FP</file>
         <name>Error.o28FP</name>
      </input_file>
      <input_file id="fl-2b">
         <path>/opt/ti/tirtos_c2000_2_16_01_14/products/bios_6_45_02_31/packages/ti/targets/rts2800/lib/</path>
         <kind>archive</kind>
         <file>ti.targets.rts2800.a28FP</file>
         <name>Gate.o28FP</name>
      </input_file>
      <input_file id="fl-2c">
         <path>/opt/ti/tirtos_c2000_2_16_01_14/products/bios_6_45_02_31/packages/ti/targets/rts2800/lib/</path>
         <kind>archive</kind>
         <file>ti.targets.rts2800.a28FP</file>
         <name>LoggerBuf.o28FP</name>
      </input_file>
      <input_file id="fl-2d">
         <path>/opt/ti/tirtos_c2000_2_16_01_14/products/bios_6_45_02_31/packages/ti/targets/rts2800/lib/</path>
         <kind>archive</kind>
         <file>ti.targets.rts2800.a28FP</file>
         <name>Memory.o28FP</name>
      </input_file>
      <input_file id="fl-2e">
         <path>/opt/ti/tirtos_c2000_2_16_01_14/products/bios_6_45_02_31/packages/ti/targets/rts2800/lib/</path>
         <kind>archive</kind>
         <file>ti.targets.rts2800.a28FP</file>
         <name>Startup.o28FP</name>
      </input_file>
      <input_file id="fl-2f">
         <path>/opt/ti/tirtos_c2000_2_16_01_14/products/bios_6_45_02_31/packages/ti/targets/rts2800/lib/</path>
         <kind>archive</kind>
         <file>ti.targets.rts2800.a28FP</file>
         <name>System.o28FP</name>
      </input_file>
      <input_file id="fl-30">
         <path>/opt/ti/tirtos_c2000_2_16_01_14/products/bios_6_45_02_31/packages/ti/targets/rts2800/lib/</path>
         <kind>archive</kind>
         <file>ti.targets.rts2800.a28FP</file>
         <name>SysMin.o28FP</name>
      </input_file>
      <input_file id="fl-31">
         <path>/opt/ti/tirtos_c2000_2_16_01_14/products/bios_6_45_02_31/packages/ti/targets/rts2800/lib/</path>
         <kind>archive</kind>
         <file>ti.targets.rts2800.a28FP</file>
         <name>Text.o28FP</name>
      </input_file>
      <input_file id="fl-32">
         <path>/opt/ti/tirtos_c2000_2_16_01_14/products/bios_6_45_02_31/packages/ti/targets/rts2800/lib/</path>
         <kind>archive</kind>
         <file>ti.targets.rts2800.a28FP</file>
         <name>Timestamp.o28FP</name>
      </input_file>
      <input_file id="fl-33">
         <path>/opt/ti/tirtos_c2000_2_16_01_14/products/bios_6_45_02_31/packages/ti/targets/rts2800/lib/</path>
         <kind>archive</kind>
         <file>ti.targets.rts2800.a28FP</file>
         <name>TimestampNull.o28FP</name>
      </input_file>
      <input_file id="fl-34">
         <path>/opt/ti/tirtos_c2000_2_16_01_14/products/bios_6_45_02_31/packages/ti/targets/rts2800/lib/</path>
         <kind>archive</kind>
         <file>ti.targets.rts2800.a28FP</file>
         <name>xdc_noinit.o28FP</name>
      </input_file>
      <input_file id="fl-35">
         <path>/opt/ti/tirtos_c2000_2_16_01_14/products/bios_6_45_02_31/packages/ti/targets/rts2800/lib/</path>
         <kind>archive</kind>
         <file>ti.targets.rts2800.a28FP</file>
         <name>Log.o28FP</name>
      </input_file>
      <input_file id="fl-36">
         <path>/opt/ti/tirtos_c2000_2_16_01_14/products/bios_6_45_02_31/packages/ti/targets/rts2800/lib/</path>
         <kind>archive</kind>
         <file>ti.targets.rts2800.a28FP</file>
         <name>Registry.o28FP</name>
      </input_file>
      <input_file id="fl-37">
         <path>/opt/ti/tirtos_c2000_2_16_01_14/products/bios_6_45_02_31/packages/ti/targets/rts2800/lib/</path>
         <kind>archive</kind>
         <file>boot.a28FP</file>
         <name>boot_cg.o28FP</name>
      </input_file>
      <input_file id="fl-45">
         <path>/opt/ti/ccsv7/tools/compiler/ti-cgt-c2000_16.12.0.STS/lib/</path>
         <kind>archive</kind>
         <file>rts2800_fpu32.lib</file>
         <name>_lock.obj</name>
      </input_file>
      <input_file id="fl-46">
         <path>/opt/ti/ccsv7/tools/compiler/ti-cgt-c2000_16.12.0.STS/lib/</path>
         <kind>archive</kind>
         <file>rts2800_fpu32.lib</file>
         <name>args_main.obj</name>
      </input_file>
      <input_file id="fl-47">
         <path>/opt/ti/ccsv7/tools/compiler/ti-cgt-c2000_16.12.0.STS/lib/</path>
         <kind>archive</kind>
         <file>rts2800_fpu32.lib</file>
         <name>cpy_tbl.obj</name>
      </input_file>
      <input_file id="fl-48">
         <path>/opt/ti/ccsv7/tools/compiler/ti-cgt-c2000_16.12.0.STS/lib/</path>
         <kind>archive</kind>
         <file>rts2800_fpu32.lib</file>
         <name>exit.obj</name>
      </input_file>
      <input_file id="fl-49">
         <path>/opt/ti/ccsv7/tools/compiler/ti-cgt-c2000_16.12.0.STS/lib/</path>
         <kind>archive</kind>
         <file>rts2800_fpu32.lib</file>
         <name>fs_div28.obj</name>
      </input_file>
      <input_file id="fl-4a">
         <path>/opt/ti/ccsv7/tools/compiler/ti-cgt-c2000_16.12.0.STS/lib/</path>
         <kind>archive</kind>
         <file>rts2800_fpu32.lib</file>
         <name>ll_div28.obj</name>
      </input_file>
      <input_file id="fl-4b">
         <path>/opt/ti/ccsv7/tools/compiler/ti-cgt-c2000_16.12.0.STS/lib/</path>
         <kind>archive</kind>
         <file>rts2800_fpu32.lib</file>
         <name>memcpy.obj</name>
      </input_file>
      <input_file id="fl-4c">
         <path>/opt/ti/ccsv7/tools/compiler/ti-cgt-c2000_16.12.0.STS/lib/</path>
         <kind>archive</kind>
         <file>rts2800_fpu32.lib</file>
         <name>memset.obj</name>
      </input_file>
      <input_file id="fl-4d">
         <path>/opt/ti/ccsv7/tools/compiler/ti-cgt-c2000_16.12.0.STS/lib/</path>
         <kind>archive</kind>
         <file>rts2800_fpu32.lib</file>
         <name>strcat.obj</name>
      </input_file>
      <input_file id="fl-4e">
         <path>/opt/ti/ccsv7/tools/compiler/ti-cgt-c2000_16.12.0.STS/lib/</path>
         <kind>archive</kind>
         <file>rts2800_fpu32.lib</file>
         <name>strcmp.obj</name>
      </input_file>
      <input_file id="fl-4f">
         <path>/opt/ti/ccsv7/tools/compiler/ti-cgt-c2000_16.12.0.STS/lib/</path>
         <kind>archive</kind>
         <file>rts2800_fpu32.lib</file>
         <name>strcpy.obj</name>
      </input_file>
      <input_file id="fl-50">
         <path>/opt/ti/ccsv7/tools/compiler/ti-cgt-c2000_16.12.0.STS/lib/</path>
         <kind>archive</kind>
         <file>rts2800_fpu32.lib</file>
         <name>strlen.obj</name>
      </input_file>
      <input_file id="fl-51">
         <path>/opt/ti/ccsv7/tools/compiler/ti-cgt-c2000_16.12.0.STS/lib/</path>
         <kind>archive</kind>
         <file>rts2800_fpu32.lib</file>
         <name>strncpy.obj</name>
      </input_file>
      <input_file id="fl-52">
         <path>/opt/ti/ccsv7/tools/compiler/ti-cgt-c2000_16.12.0.STS/lib/</path>
         <kind>archive</kind>
         <file>rts2800_fpu32.lib</file>
         <name>trgdrv.obj</name>
      </input_file>
      <input_file id="fl-53">
         <path>/opt/ti/ccsv7/tools/compiler/ti-cgt-c2000_16.12.0.STS/lib/</path>
         <kind>archive</kind>
         <file>rts2800_fpu32.lib</file>
         <name>trgmsg.obj</name>
      </input_file>
   </input_file_list>
   <object_component_list>
      <object_component id="oc-b2">
         <name>PieVectTableFile</name>
         <uninitialized>true</uninitialized>
         <run_address>0xd00</run_address>
         <size>0x100</size>
         <input_file_ref idref="fl-a"/>
      </object_component>
      <object_component id="oc-ae">
         <name>DevEmuRegsFile</name>
         <uninitialized>true</uninitialized>
         <run_address>0x880</run_address>
         <size>0xd0</size>
         <input_file_ref idref="fl-a"/>
      </object_component>
      <object_component id="oc-84">
         <name>FlashRegsFile</name>
         <uninitialized>true</uninitialized>
         <run_address>0xa80</run_address>
         <size>0x8</size>
         <input_file_ref idref="fl-a"/>
      </object_component>
      <object_component id="oc-8c">
         <name>CsmRegsFile</name>
         <uninitialized>true</uninitialized>
         <run_address>0xae0</run_address>
         <size>0x10</size>
         <input_file_ref idref="fl-a"/>
      </object_component>
      <object_component id="oc-8d">
         <name>AdcMirrorFile</name>
         <uninitialized>true</uninitialized>
         <run_address>0xb00</run_address>
         <size>0x10</size>
         <input_file_ref idref="fl-a"/>
      </object_component>
      <object_component id="oc-91">
         <name>XintfRegsFile</name>
         <uninitialized>true</uninitialized>
         <run_address>0xb20</run_address>
         <size>0x1e</size>
         <input_file_ref idref="fl-a"/>
      </object_component>
      <object_component id="oc-85">
         <name>CpuTimer0RegsFile</name>
         <uninitialized>true</uninitialized>
         <run_address>0xc00</run_address>
         <size>0x8</size>
         <input_file_ref idref="fl-a"/>
      </object_component>
      <object_component id="oc-86">
         <name>CpuTimer1RegsFile</name>
         <uninitialized>true</uninitialized>
         <run_address>0xc08</run_address>
         <size>0x8</size>
         <input_file_ref idref="fl-a"/>
      </object_component>
      <object_component id="oc-82">
         <name>CpuTimer2RegsFile</name>
         <uninitialized>true</uninitialized>
         <run_address>0xc10</run_address>
         <size>0x8</size>
         <input_file_ref idref="fl-a"/>
      </object_component>
      <object_component id="oc-8f">
         <name>PieCtrlRegsFile</name>
         <uninitialized>true</uninitialized>
         <run_address>0xce0</run_address>
         <size>0x1a</size>
         <input_file_ref idref="fl-a"/>
      </object_component>
      <object_component id="oc-af">
         <name>DmaRegsFile</name>
         <uninitialized>true</uninitialized>
         <run_address>0x1000</run_address>
         <size>0xe0</size>
         <input_file_ref idref="fl-a"/>
      </object_component>
      <object_component id="oc-a2">
         <name>McbspaRegsFile</name>
         <uninitialized>true</uninitialized>
         <run_address>0x5000</run_address>
         <size>0x25</size>
         <input_file_ref idref="fl-a"/>
      </object_component>
      <object_component id="oc-a1">
         <name>McbspbRegsFile</name>
         <uninitialized>true</uninitialized>
         <run_address>0x5040</run_address>
         <size>0x25</size>
         <input_file_ref idref="fl-a"/>
      </object_component>
      <object_component id="oc-a4">
         <name>ECanaRegsFile</name>
         <uninitialized>true</uninitialized>
         <run_address>0x6000</run_address>
         <size>0x34</size>
         <input_file_ref idref="fl-a"/>
      </object_component>
      <object_component id="oc-a8">
         <name>ECanaLAMRegsFile</name>
         <uninitialized>true</uninitialized>
         <run_address>0x6040</run_address>
         <size>0x40</size>
         <input_file_ref idref="fl-a"/>
      </object_component>
      <object_component id="oc-b1">
         <name>ECanaMboxesFile</name>
         <uninitialized>true</uninitialized>
         <run_address>0x6100</run_address>
         <size>0x100</size>
         <input_file_ref idref="fl-a"/>
      </object_component>
      <object_component id="oc-a9">
         <name>ECanaMOTSRegsFile</name>
         <uninitialized>true</uninitialized>
         <run_address>0x6080</run_address>
         <size>0x40</size>
         <input_file_ref idref="fl-a"/>
      </object_component>
      <object_component id="oc-a6">
         <name>ECanaMOTORegsFile</name>
         <uninitialized>true</uninitialized>
         <run_address>0x60c0</run_address>
         <size>0x40</size>
         <input_file_ref idref="fl-a"/>
      </object_component>
      <object_component id="oc-a5">
         <name>ECanbRegsFile</name>
         <uninitialized>true</uninitialized>
         <run_address>0x6200</run_address>
         <size>0x34</size>
         <input_file_ref idref="fl-a"/>
      </object_component>
      <object_component id="oc-ad">
         <name>ECanbLAMRegsFile</name>
         <uninitialized>true</uninitialized>
         <run_address>0x6240</run_address>
         <size>0x40</size>
         <input_file_ref idref="fl-a"/>
      </object_component>
      <object_component id="oc-b0">
         <name>ECanbMboxesFile</name>
         <uninitialized>true</uninitialized>
         <run_address>0x6300</run_address>
         <size>0x100</size>
         <input_file_ref idref="fl-a"/>
      </object_component>
      <object_component id="oc-a7">
         <name>ECanbMOTSRegsFile</name>
         <uninitialized>true</uninitialized>
         <run_address>0x6280</run_address>
         <size>0x40</size>
         <input_file_ref idref="fl-a"/>
      </object_component>
      <object_component id="oc-aa">
         <name>ECanbMOTORegsFile</name>
         <uninitialized>true</uninitialized>
         <run_address>0x62c0</run_address>
         <size>0x40</size>
         <input_file_ref idref="fl-a"/>
      </object_component>
      <object_component id="oc-9f">
         <name>EPwm1RegsFile</name>
         <uninitialized>true</uninitialized>
         <run_address>0x6800</run_address>
         <size>0x22</size>
         <input_file_ref idref="fl-a"/>
      </object_component>
      <object_component id="oc-9a">
         <name>EPwm2RegsFile</name>
         <uninitialized>true</uninitialized>
         <run_address>0x6840</run_address>
         <size>0x22</size>
         <input_file_ref idref="fl-a"/>
      </object_component>
      <object_component id="oc-9b">
         <name>EPwm3RegsFile</name>
         <uninitialized>true</uninitialized>
         <run_address>0x6880</run_address>
         <size>0x22</size>
         <input_file_ref idref="fl-a"/>
      </object_component>
      <object_component id="oc-a0">
         <name>EPwm4RegsFile</name>
         <uninitialized>true</uninitialized>
         <run_address>0x68c0</run_address>
         <size>0x22</size>
         <input_file_ref idref="fl-a"/>
      </object_component>
      <object_component id="oc-9d">
         <name>EPwm5RegsFile</name>
         <uninitialized>true</uninitialized>
         <run_address>0x6900</run_address>
         <size>0x22</size>
         <input_file_ref idref="fl-a"/>
      </object_component>
      <object_component id="oc-9e">
         <name>EPwm6RegsFile</name>
         <uninitialized>true</uninitialized>
         <run_address>0x6940</run_address>
         <size>0x22</size>
         <input_file_ref idref="fl-a"/>
      </object_component>
      <object_component id="oc-94">
         <name>ECap1RegsFile</name>
         <uninitialized>true</uninitialized>
         <run_address>0x6a00</run_address>
         <size>0x20</size>
         <input_file_ref idref="fl-a"/>
      </object_component>
      <object_component id="oc-95">
         <name>ECap2RegsFile</name>
         <uninitialized>true</uninitialized>
         <run_address>0x6a20</run_address>
         <size>0x20</size>
         <input_file_ref idref="fl-a"/>
      </object_component>
      <object_component id="oc-92">
         <name>ECap3RegsFile</name>
         <uninitialized>true</uninitialized>
         <run_address>0x6a40</run_address>
         <size>0x20</size>
         <input_file_ref idref="fl-a"/>
      </object_component>
      <object_component id="oc-93">
         <name>ECap4RegsFile</name>
         <uninitialized>true</uninitialized>
         <run_address>0x6a60</run_address>
         <size>0x20</size>
         <input_file_ref idref="fl-a"/>
      </object_component>
      <object_component id="oc-98">
         <name>ECap5RegsFile</name>
         <uninitialized>true</uninitialized>
         <run_address>0x6a80</run_address>
         <size>0x20</size>
         <input_file_ref idref="fl-a"/>
      </object_component>
      <object_component id="oc-99">
         <name>ECap6RegsFile</name>
         <uninitialized>true</uninitialized>
         <run_address>0x6aa0</run_address>
         <size>0x20</size>
         <input_file_ref idref="fl-a"/>
      </object_component>
      <object_component id="oc-ab">
         <name>EQep1RegsFile</name>
         <uninitialized>true</uninitialized>
         <run_address>0x6b00</run_address>
         <size>0x40</size>
         <input_file_ref idref="fl-a"/>
      </object_component>
      <object_component id="oc-ac">
         <name>EQep2RegsFile</name>
         <uninitialized>true</uninitialized>
         <run_address>0x6b40</run_address>
         <size>0x40</size>
         <input_file_ref idref="fl-a"/>
      </object_component>
      <object_component id="oc-a3">
         <name>GpioCtrlRegsFile</name>
         <uninitialized>true</uninitialized>
         <run_address>0x6f80</run_address>
         <size>0x2e</size>
         <input_file_ref idref="fl-a"/>
      </object_component>
      <object_component id="oc-96">
         <name>GpioDataRegsFile</name>
         <uninitialized>true</uninitialized>
         <run_address>0x6fc0</run_address>
         <size>0x20</size>
         <input_file_ref idref="fl-a"/>
      </object_component>
      <object_component id="oc-87">
         <name>GpioIntRegsFile</name>
         <uninitialized>true</uninitialized>
         <run_address>0x6fe0</run_address>
         <size>0xa</size>
         <input_file_ref idref="fl-a"/>
      </object_component>
      <object_component id="oc-97">
         <name>SysCtrlRegsFile</name>
         <uninitialized>true</uninitialized>
         <run_address>0x7010</run_address>
         <size>0x20</size>
         <input_file_ref idref="fl-a"/>
      </object_component>
      <object_component id="oc-88">
         <name>SpiaRegsFile</name>
         <uninitialized>true</uninitialized>
         <run_address>0x7040</run_address>
         <size>0x10</size>
         <input_file_ref idref="fl-a"/>
      </object_component>
      <object_component id="oc-8b">
         <name>SciaRegsFile</name>
         <uninitialized>true</uninitialized>
         <run_address>0x7050</run_address>
         <size>0x10</size>
         <input_file_ref idref="fl-a"/>
      </object_component>
      <object_component id="oc-8e">
         <name>XIntruptRegsFile</name>
         <uninitialized>true</uninitialized>
         <run_address>0x7070</run_address>
         <size>0x10</size>
         <input_file_ref idref="fl-a"/>
      </object_component>
      <object_component id="oc-90">
         <name>AdcRegsFile</name>
         <uninitialized>true</uninitialized>
         <run_address>0x7100</run_address>
         <size>0x1e</size>
         <input_file_ref idref="fl-a"/>
      </object_component>
      <object_component id="oc-89">
         <name>ScibRegsFile</name>
         <uninitialized>true</uninitialized>
         <run_address>0x7750</run_address>
         <size>0x10</size>
         <input_file_ref idref="fl-a"/>
      </object_component>
      <object_component id="oc-8a">
         <name>ScicRegsFile</name>
         <uninitialized>true</uninitialized>
         <run_address>0x7770</run_address>
         <size>0x10</size>
         <input_file_ref idref="fl-a"/>
      </object_component>
      <object_component id="oc-9c">
         <name>I2caRegsFile</name>
         <uninitialized>true</uninitialized>
         <run_address>0x7900</run_address>
         <size>0x22</size>
         <input_file_ref idref="fl-a"/>
      </object_component>
      <object_component id="oc-83">
         <name>CsmPwlFile</name>
         <uninitialized>true</uninitialized>
         <run_address>0x33fff8</run_address>
         <size>0x8</size>
         <input_file_ref idref="fl-a"/>
      </object_component>
      <object_component id="oc-81">
         <name>PartIdRegsFile</name>
         <uninitialized>true</uninitialized>
         <run_address>0x380090</run_address>
         <size>0x1</size>
         <input_file_ref idref="fl-a"/>
      </object_component>
      <object_component id="oc-bf">
         <name>.cinit</name>
         <load_address>0x303648</load_address>
         <run_address>0x303648</run_address>
         <size>0x446</size>
         <input_file_ref idref="fl-10"/>
      </object_component>
      <object_component id="oc-6d">
         <name>.cinit</name>
         <load_address>0x303a8e</load_address>
         <run_address>0x303a8e</run_address>
         <size>0x21</size>
         <input_file_ref idref="fl-7"/>
      </object_component>
      <object_component id="oc-4d">
         <name>.cinit</name>
         <load_address>0x303aaf</load_address>
         <run_address>0x303aaf</run_address>
         <size>0x12</size>
         <input_file_ref idref="fl-2"/>
      </object_component>
      <object_component id="oc-169">
         <name>.cinit</name>
         <load_address>0x303ac1</load_address>
         <run_address>0x303ac1</run_address>
         <size>0xe</size>
         <input_file_ref idref="fl-48"/>
      </object_component>
      <object_component id="oc-ee">
         <name>.cinit</name>
         <load_address>0x303acf</load_address>
         <run_address>0x303acf</run_address>
         <size>0x9</size>
         <input_file_ref idref="fl-24"/>
      </object_component>
      <object_component id="oc-236">
         <name>.cinit:__lock</name>
         <load_address>0x303ad8</load_address>
         <run_address>0x303ad8</run_address>
         <size>0x5</size>
         <input_file_ref idref="fl-45"/>
      </object_component>
      <object_component id="oc-235">
         <name>.cinit:__unlock</name>
         <load_address>0x303add</load_address>
         <run_address>0x303add</run_address>
         <size>0x5</size>
         <input_file_ref idref="fl-45"/>
      </object_component>
      <object_component id="oc-55">
         <name>.cinit</name>
         <load_address>0x303ae2</load_address>
         <run_address>0x303ae2</run_address>
         <size>0x4</size>
         <input_file_ref idref="fl-3"/>
      </object_component>
      <object_component id="oc-30c">
         <name>.text</name>
         <load_address>0x300000</load_address>
         <run_address>0x300000</run_address>
         <size>0x27c</size>
         <input_file_ref idref="fl-52"/>
      </object_component>
      <object_component id="oc-339">
         <name>.text:_xdc_runtime_System_doPrint__I</name>
         <load_address>0x30027c</load_address>
         <run_address>0x30027c</run_address>
         <size>0x252</size>
         <input_file_ref idref="fl-2f"/>
      </object_component>
      <object_component id="oc-1ae">
         <name>.text</name>
         <load_address>0x3004ce</load_address>
         <run_address>0x3004ce</run_address>
         <size>0x14a</size>
         <input_file_ref idref="fl-2"/>
      </object_component>
      <object_component id="oc-1b1">
         <name>.text</name>
         <load_address>0x300618</load_address>
         <run_address>0x300618</run_address>
         <size>0x13c</size>
         <input_file_ref idref="fl-7"/>
      </object_component>
      <object_component id="oc-174">
         <name>.text</name>
         <load_address>0x300754</load_address>
         <run_address>0x300754</run_address>
         <size>0x107</size>
         <input_file_ref idref="fl-4a"/>
      </object_component>
      <object_component id="oc-1c8">
         <name>.text</name>
         <load_address>0x30085b</load_address>
         <run_address>0x30085b</run_address>
         <size>0xf8</size>
         <input_file_ref idref="fl-b"/>
      </object_component>
      <object_component id="oc-200">
         <name>.text:_ti_uia_loggers_LoggerStopMode_write8__E</name>
         <load_address>0x300953</load_address>
         <run_address>0x300953</run_address>
         <size>0xec</size>
         <input_file_ref idref="fl-10"/>
      </object_component>
      <object_component id="oc-20b">
         <name>.text:_ti_uia_loggers_LoggerStopMode_writeMemoryRange__E</name>
         <load_address>0x300a3f</load_address>
         <run_address>0x300a3f</run_address>
         <size>0xec</size>
         <input_file_ref idref="fl-10"/>
      </object_component>
      <object_component id="oc-1ff">
         <name>.text:_ti_uia_loggers_LoggerStopMode_write4__E</name>
         <load_address>0x300b2b</load_address>
         <run_address>0x300b2b</run_address>
         <size>0xdc</size>
         <input_file_ref idref="fl-10"/>
      </object_component>
      <object_component id="oc-1fe">
         <name>.text:_ti_uia_loggers_LoggerStopMode_write2__E</name>
         <load_address>0x300c07</load_address>
         <run_address>0x300c07</run_address>
         <size>0xd0</size>
         <input_file_ref idref="fl-10"/>
      </object_component>
      <object_component id="oc-1cb">
         <name>.text</name>
         <load_address>0x300cd7</load_address>
         <run_address>0x300cd7</run_address>
         <size>0xc9</size>
         <input_file_ref idref="fl-4"/>
      </object_component>
      <object_component id="oc-1fd">
         <name>.text:_ti_uia_loggers_LoggerStopMode_write1__E</name>
         <load_address>0x300da0</load_address>
         <run_address>0x300da0</run_address>
         <size>0xc8</size>
         <input_file_ref idref="fl-10"/>
      </object_component>
      <object_component id="oc-227">
         <name>.text:_xdc_runtime_Core_createObject__I</name>
         <load_address>0x300e68</load_address>
         <run_address>0x300e68</run_address>
         <size>0xc3</size>
         <input_file_ref idref="fl-26"/>
      </object_component>
      <object_component id="oc-34c">
         <name>.text:_xdc_runtime_System_printfExtend__I</name>
         <load_address>0x300f2b</load_address>
         <run_address>0x300f2b</run_address>
         <size>0xc0</size>
         <input_file_ref idref="fl-10"/>
      </object_component>
      <object_component id="oc-1fc">
         <name>.text:_ti_uia_loggers_LoggerStopMode_write0__E</name>
         <load_address>0x300feb</load_address>
         <run_address>0x300feb</run_address>
         <size>0xbb</size>
         <input_file_ref idref="fl-10"/>
      </object_component>
      <object_component id="oc-34e">
         <name>.text:_ti_sysbios_family_c28_Hwi_dispatchCore__I</name>
         <load_address>0x3010a6</load_address>
         <run_address>0x3010a6</run_address>
         <size>0xa3</size>
         <input_file_ref idref="fl-1d"/>
      </object_component>
      <object_component id="oc-1ce">
         <name>.text:_ti_sysbios_knl_Semaphore_pend__E</name>
         <load_address>0x301149</load_address>
         <run_address>0x301149</run_address>
         <size>0xa3</size>
         <input_file_ref idref="fl-1d"/>
      </object_component>
      <object_component id="oc-1e2">
         <name>.text:_ti_sysbios_heaps_HeapMem_alloc__E</name>
         <load_address>0x3011ec</load_address>
         <run_address>0x3011ec</run_address>
         <size>0xa2</size>
         <input_file_ref idref="fl-1d"/>
      </object_component>
      <object_component id="oc-2b7">
         <name>.text:_xdc_runtime_Core_constructObject__I</name>
         <load_address>0x30128e</load_address>
         <run_address>0x30128e</run_address>
         <size>0x9c</size>
         <input_file_ref idref="fl-27"/>
      </object_component>
      <object_component id="oc-24f">
         <name>.text:_xdc_runtime_Error_policyDefault__E</name>
         <load_address>0x30132a</load_address>
         <run_address>0x30132a</run_address>
         <size>0x9c</size>
         <input_file_ref idref="fl-2a"/>
      </object_component>
      <object_component id="oc-31c">
         <name>.text:_ti_sysbios_family_c28_Hwi_dispatch</name>
         <load_address>0x3013c6</load_address>
         <run_address>0x3013c6</run_address>
         <size>0x9b</size>
         <input_file_ref idref="fl-1f"/>
      </object_component>
      <object_component id="oc-1ad">
         <name>.text</name>
         <load_address>0x301461</load_address>
         <run_address>0x301461</run_address>
         <size>0x97</size>
         <input_file_ref idref="fl-3"/>
      </object_component>
      <object_component id="oc-32b">
         <name>.text</name>
         <load_address>0x3014f8</load_address>
         <run_address>0x3014f8</run_address>
         <size>0x94</size>
         <input_file_ref idref="fl-53"/>
      </object_component>
      <object_component id="oc-240">
         <name>.text:_ti_sysbios_knl_Task_startCore__E</name>
         <load_address>0x30158c</load_address>
         <run_address>0x30158c</run_address>
         <size>0x8d</size>
         <input_file_ref idref="fl-1d"/>
      </object_component>
      <object_component id="oc-27a">
         <name>.text:_ti_sysbios_family_c28_Hwi_clearInterrupt__E</name>
         <load_address>0x301619</load_address>
         <run_address>0x301619</run_address>
         <size>0x8b</size>
         <input_file_ref idref="fl-1d"/>
      </object_component>
      <object_component id="oc-16f">
         <name>.text</name>
         <load_address>0x3016a4</load_address>
         <run_address>0x3016a4</run_address>
         <size>0x88</size>
         <input_file_ref idref="fl-49"/>
      </object_component>
      <object_component id="oc-262">
         <name>.text:_ti_sysbios_knl_Task_schedule__I</name>
         <load_address>0x30172c</load_address>
         <run_address>0x30172c</run_address>
         <size>0x83</size>
         <input_file_ref idref="fl-1d"/>
      </object_component>
      <object_component id="oc-24c">
         <name>.text:_ti_uia_loggers_LoggerStopMode_flush__E</name>
         <load_address>0x3017af</load_address>
         <run_address>0x3017af</run_address>
         <size>0x7d</size>
         <input_file_ref idref="fl-1c"/>
      </object_component>
      <object_component id="oc-254">
         <name>.text:_xdc_runtime_Startup_startMods__I</name>
         <load_address>0x30182c</load_address>
         <run_address>0x30182c</run_address>
         <size>0x7d</size>
         <input_file_ref idref="fl-2e"/>
      </object_component>
      <object_component id="oc-6f">
         <name>.text:retain</name>
         <load_address>0x3018a9</load_address>
         <run_address>0x3018a9</run_address>
         <size>0x7d</size>
         <input_file_ref idref="fl-7"/>
      </object_component>
      <object_component id="oc-2f3">
         <name>.text:_ti_sysbios_utils_Load_updateLoads__E</name>
         <load_address>0x301926</load_address>
         <run_address>0x301926</run_address>
         <size>0x74</size>
         <input_file_ref idref="fl-1d"/>
      </object_component>
      <object_component id="oc-1ca">
         <name>.text</name>
         <load_address>0x30199a</load_address>
         <run_address>0x30199a</run_address>
         <size>0x73</size>
         <input_file_ref idref="fl-9"/>
      </object_component>
      <object_component id="oc-27f">
         <name>.text:_ti_sysbios_knl_Task_checkStacks__E</name>
         <load_address>0x301a0d</load_address>
         <run_address>0x301a0d</run_address>
         <size>0x73</size>
         <input_file_ref idref="fl-1d"/>
      </object_component>
      <object_component id="oc-2f6">
         <name>.text:_xdc_runtime_Text_putSite__E</name>
         <load_address>0x301a80</load_address>
         <run_address>0x301a80</run_address>
         <size>0x6f</size>
         <input_file_ref idref="fl-31"/>
      </object_component>
      <object_component id="oc-306">
         <name>.text:_ti_sysbios_knl_Task_postInit__I</name>
         <load_address>0x301aef</load_address>
         <run_address>0x301aef</run_address>
         <size>0x6e</size>
         <input_file_ref idref="fl-1d"/>
      </object_component>
      <object_component id="oc-320">
         <name>.text:_ti_sysbios_knl_Task_exit__E</name>
         <load_address>0x301b5d</load_address>
         <run_address>0x301b5d</run_address>
         <size>0x6d</size>
         <input_file_ref idref="fl-1d"/>
      </object_component>
      <object_component id="oc-220">
         <name>.text:_ti_sysbios_knl_Task_unblockI__E</name>
         <load_address>0x301bca</load_address>
         <run_address>0x301bca</run_address>
         <size>0x6d</size>
         <input_file_ref idref="fl-1d"/>
      </object_component>
      <object_component id="oc-67">
         <name>.text:retain</name>
         <load_address>0x301c37</load_address>
         <run_address>0x301c37</run_address>
         <size>0x68</size>
         <input_file_ref idref="fl-6"/>
      </object_component>
      <object_component id="oc-31d">
         <name>.text:_ti_sysbios_family_c28_Timer_stopAndClear__I</name>
         <load_address>0x301c9f</load_address>
         <run_address>0x301c9f</run_address>
         <size>0x66</size>
         <input_file_ref idref="fl-1d"/>
      </object_component>
      <object_component id="oc-4a">
         <name>.text</name>
         <load_address>0x301d05</load_address>
         <run_address>0x301d05</run_address>
         <size>0x63</size>
         <input_file_ref idref="fl-37"/>
      </object_component>
      <object_component id="oc-1cd">
         <name>.text:_ti_sysbios_knl_Semaphore_post__E</name>
         <load_address>0x301d68</load_address>
         <run_address>0x301d68</run_address>
         <size>0x62</size>
         <input_file_ref idref="fl-1d"/>
      </object_component>
      <object_component id="oc-224">
         <name>.text:_ti_sysbios_knl_Task_blockI__E</name>
         <load_address>0x301dca</load_address>
         <run_address>0x301dca</run_address>
         <size>0x60</size>
         <input_file_ref idref="fl-1d"/>
      </object_component>
      <object_component id="oc-32c">
         <name>.text:_ti_sysbios_utils_Load_logLoads__I</name>
         <load_address>0x301e2a</load_address>
         <run_address>0x301e2a</run_address>
         <size>0x60</size>
         <input_file_ref idref="fl-1d"/>
      </object_component>
      <object_component id="oc-312">
         <name>.text:_ti_sysbios_utils_Load_updateThreadContexts__E</name>
         <load_address>0x301e8a</load_address>
         <run_address>0x301e8a</run_address>
         <size>0x5d</size>
         <input_file_ref idref="fl-1d"/>
      </object_component>
      <object_component id="oc-1e3">
         <name>.text:_ti_sysbios_heaps_HeapMem_free__E</name>
         <load_address>0x301ee7</load_address>
         <run_address>0x301ee7</run_address>
         <size>0x59</size>
         <input_file_ref idref="fl-1d"/>
      </object_component>
      <object_component id="oc-30a">
         <name>.text:_ti_uia_loggers_LoggerStopMode_initQueueDescriptor__E</name>
         <load_address>0x301f40</load_address>
         <run_address>0x301f40</run_address>
         <size>0x58</size>
         <input_file_ref idref="fl-1c"/>
      </object_component>
      <object_component id="oc-2cb">
         <name>.text:_xdc_runtime_Memory_alloc__E</name>
         <load_address>0x301f98</load_address>
         <run_address>0x301f98</run_address>
         <size>0x57</size>
         <input_file_ref idref="fl-2d"/>
      </object_component>
      <object_component id="oc-350">
         <name>.text:_xdc_runtime_Text_putLab__E</name>
         <load_address>0x301fef</load_address>
         <run_address>0x301fef</run_address>
         <size>0x4f</size>
         <input_file_ref idref="fl-31"/>
      </object_component>
      <object_component id="oc-2de">
         <name>.text:_ti_sysbios_family_c28_Hwi_Module_startup__E</name>
         <load_address>0x30203e</load_address>
         <run_address>0x30203e</run_address>
         <size>0x47</size>
         <input_file_ref idref="fl-1d"/>
      </object_component>
      <object_component id="oc-2e2">
         <name>.text:_ti_sysbios_knl_Task_Module_startup__E</name>
         <load_address>0x302085</load_address>
         <run_address>0x302085</run_address>
         <size>0x47</size>
         <input_file_ref idref="fl-1d"/>
      </object_component>
      <object_component id="oc-229">
         <name>.text:_xdc_runtime_Core_deleteObject__I</name>
         <load_address>0x3020cc</load_address>
         <run_address>0x3020cc</run_address>
         <size>0x46</size>
         <input_file_ref idref="fl-26"/>
      </object_component>
      <object_component id="oc-57">
         <name>.text:retain</name>
         <load_address>0x302112</load_address>
         <run_address>0x302112</run_address>
         <size>0x45</size>
         <input_file_ref idref="fl-3"/>
      </object_component>
      <object_component id="oc-301">
         <name>.text:_ti_sysbios_family_c28_Timer_postInit__I</name>
         <load_address>0x302157</load_address>
         <run_address>0x302157</run_address>
         <size>0x43</size>
         <input_file_ref idref="fl-1d"/>
      </object_component>
      <object_component id="oc-cf">
         <name>.text:_ti_sysbios_family_c28_Hwi_unPluggedInterrupt__I</name>
         <load_address>0x30219a</load_address>
         <run_address>0x30219a</run_address>
         <size>0x42</size>
         <input_file_ref idref="fl-1d"/>
      </object_component>
      <object_component id="oc-2e8">
         <name>.text:_ti_sysbios_utils_Load_addTask__E</name>
         <load_address>0x3021dc</load_address>
         <run_address>0x3021dc</run_address>
         <size>0x42</size>
         <input_file_ref idref="fl-1d"/>
      </object_component>
      <object_component id="oc-2c8">
         <name>.text:_ti_sysbios_utils_Load_taskCreateHook__E</name>
         <load_address>0x30221e</load_address>
         <run_address>0x30221e</run_address>
         <size>0x42</size>
         <input_file_ref idref="fl-1d"/>
      </object_component>
      <object_component id="oc-2bb">
         <name>.text:_ti_sysbios_utils_Load_idleFxn__E</name>
         <load_address>0x302260</load_address>
         <run_address>0x302260</run_address>
         <size>0x41</size>
         <input_file_ref idref="fl-1d"/>
      </object_component>
      <object_component id="oc-345">
         <name>.text:_xdc_runtime_System_formatNum__I</name>
         <load_address>0x3022a1</load_address>
         <run_address>0x3022a1</run_address>
         <size>0x3f</size>
         <input_file_ref idref="fl-2f"/>
      </object_component>
      <object_component id="oc-318">
         <name>.text:_xdc_runtime_Text_putMod__E</name>
         <load_address>0x3022e0</load_address>
         <run_address>0x3022e0</run_address>
         <size>0x3e</size>
         <input_file_ref idref="fl-31"/>
      </object_component>
      <object_component id="oc-32a">
         <name>.text:_ti_uia_runtime_QueueDescriptor_addToList__E</name>
         <load_address>0x30231e</load_address>
         <run_address>0x30231e</run_address>
         <size>0x3d</size>
         <input_file_ref idref="fl-24"/>
      </object_component>
      <object_component id="oc-26c">
         <name>.text:_xdc_runtime_Core_assignParams__I</name>
         <load_address>0x30235b</load_address>
         <run_address>0x30235b</run_address>
         <size>0x3d</size>
         <input_file_ref idref="fl-29"/>
      </object_component>
      <object_component id="oc-33e">
         <name>.text:_ti_sysbios_family_c28_TaskSupport_start__E</name>
         <load_address>0x302398</load_address>
         <run_address>0x302398</run_address>
         <size>0x3a</size>
         <input_file_ref idref="fl-1d"/>
      </object_component>
      <object_component id="oc-311">
         <name>.text:_ti_sysbios_utils_Load_updateCurrentThreadTime__E</name>
         <load_address>0x3023d2</load_address>
         <run_address>0x3023d2</run_address>
         <size>0x3a</size>
         <input_file_ref idref="fl-1d"/>
      </object_component>
      <object_component id="oc-316">
         <name>.text:_ti_sysbios_utils_Load_logCPULoad__I</name>
         <load_address>0x30240c</load_address>
         <run_address>0x30240c</run_address>
         <size>0x37</size>
         <input_file_ref idref="fl-1d"/>
      </object_component>
      <object_component id="oc-27b">
         <name>.text:_ti_sysbios_family_c28_Hwi_enableInterrupt__E</name>
         <load_address>0x302443</load_address>
         <run_address>0x302443</run_address>
         <size>0x33</size>
         <input_file_ref idref="fl-1d"/>
      </object_component>
      <object_component id="oc-2c9">
         <name>.text:_ti_sysbios_utils_Load_taskSwitchHook__E</name>
         <load_address>0x302476</load_address>
         <run_address>0x302476</run_address>
         <size>0x33</size>
         <input_file_ref idref="fl-1d"/>
      </object_component>
      <object_component id="oc-232">
         <name>.text:_ti_sysbios_heaps_HeapMem_Instance_init__E</name>
         <load_address>0x3024a9</load_address>
         <run_address>0x3024a9</run_address>
         <size>0x32</size>
         <input_file_ref idref="fl-1d"/>
      </object_component>
      <object_component id="oc-26b">
         <name>.text:_xdc_runtime_Assert_raise__I</name>
         <load_address>0x3024db</load_address>
         <run_address>0x3024db</run_address>
         <size>0x32</size>
         <input_file_ref idref="fl-25"/>
      </object_component>
      <object_component id="oc-1aa">
         <name>.text:_xdc_runtime_Startup_exec__E</name>
         <load_address>0x30250d</load_address>
         <run_address>0x30250d</run_address>
         <size>0x31</size>
         <input_file_ref idref="fl-2e"/>
      </object_component>
      <object_component id="oc-2e3">
         <name>.text:_ti_uia_loggers_LoggerStopMode_Module_startup__E</name>
         <load_address>0x30253e</load_address>
         <run_address>0x30253e</run_address>
         <size>0x30</size>
         <input_file_ref idref="fl-1c"/>
      </object_component>
      <object_component id="oc-28b">
         <name>.text:_xdc_runtime_Error_setX__E</name>
         <load_address>0x30256e</load_address>
         <run_address>0x30256e</run_address>
         <size>0x30</size>
         <input_file_ref idref="fl-2a"/>
      </object_component>
      <object_component id="oc-1c1">
         <name>.text:.bootCodeSection:_ti_catalog_c2800_init_Boot_configurePll2802x</name>
         <load_address>0x30259e</load_address>
         <run_address>0x30259e</run_address>
         <size>0x2e</size>
         <input_file_ref idref="fl-22"/>
      </object_component>
      <object_component id="oc-2d7">
         <name>.text:_xdc_runtime_Error_print__E</name>
         <load_address>0x3025cc</load_address>
         <run_address>0x3025cc</run_address>
         <size>0x2e</size>
         <input_file_ref idref="fl-2a"/>
      </object_component>
      <object_component id="oc-2f4">
         <name>.text:_ti_sysbios_family_c28_Hwi_getInterruptFlag__E</name>
         <load_address>0x3025fa</load_address>
         <run_address>0x3025fa</run_address>
         <size>0x2d</size>
         <input_file_ref idref="fl-1d"/>
      </object_component>
      <object_component id="oc-1e5">
         <name>.text:_ti_sysbios_heaps_HeapMem_getStats__E</name>
         <load_address>0x302627</load_address>
         <run_address>0x302627</run_address>
         <size>0x2d</size>
         <input_file_ref idref="fl-1d"/>
      </object_component>
      <object_component id="oc-2c3">
         <name>.text:_ti_sysbios_family_c28_Hwi_getStackInfo__E</name>
         <load_address>0x302654</load_address>
         <run_address>0x302654</run_address>
         <size>0x2c</size>
         <input_file_ref idref="fl-1d"/>
      </object_component>
      <object_component id="oc-23c">
         <name>.text:_ti_sysbios_family_c28_Timer_start__E</name>
         <load_address>0x302680</load_address>
         <run_address>0x302680</run_address>
         <size>0x2c</size>
         <input_file_ref idref="fl-1d"/>
      </object_component>
      <object_component id="oc-2ac">
         <name>.text:_ti_sysbios_family_c28_Hwi_disablePIEIER__E</name>
         <load_address>0x3026ac</load_address>
         <run_address>0x3026ac</run_address>
         <size>0x2b</size>
         <input_file_ref idref="fl-1d"/>
      </object_component>
      <object_component id="oc-2ab">
         <name>.text:_ti_sysbios_family_c28_Hwi_enablePIEIER__E</name>
         <load_address>0x3026d7</load_address>
         <run_address>0x3026d7</run_address>
         <size>0x2a</size>
         <input_file_ref idref="fl-1d"/>
      </object_component>
      <object_component id="oc-20a">
         <name>.text:_ti_uia_loggers_LoggerStopMode_reset__E</name>
         <load_address>0x302701</load_address>
         <run_address>0x302701</run_address>
         <size>0x2a</size>
         <input_file_ref idref="fl-1c"/>
      </object_component>
      <object_component id="oc-2d6">
         <name>.text:_ti_sysbios_family_c28_Timer_getExpiredCounts64__E</name>
         <load_address>0x30272b</load_address>
         <run_address>0x30272b</run_address>
         <size>0x29</size>
         <input_file_ref idref="fl-1d"/>
      </object_component>
      <object_component id="oc-2ca">
         <name>.text:_ti_sysbios_utils_Load_taskDeleteHook__E</name>
         <load_address>0x302754</load_address>
         <run_address>0x302754</run_address>
         <size>0x29</size>
         <input_file_ref idref="fl-1d"/>
      </object_component>
      <object_component id="oc-29f">
         <name>.text:_xdc_runtime_SysMin_flush__E</name>
         <load_address>0x30277d</load_address>
         <run_address>0x30277d</run_address>
         <size>0x29</size>
         <input_file_ref idref="fl-30"/>
      </object_component>
      <object_component id="oc-319">
         <name>.text:_xdc_runtime_Text_xprintf__I</name>
         <load_address>0x3027a6</load_address>
         <run_address>0x3027a6</run_address>
         <size>0x29</size>
         <input_file_ref idref="fl-31"/>
      </object_component>
      <object_component id="oc-258">
         <name>.text</name>
         <load_address>0x3027cf</load_address>
         <run_address>0x3027cf</run_address>
         <size>0x29</size>
         <input_file_ref idref="fl-48"/>
      </object_component>
      <object_component id="oc-252">
         <name>.text:_ti_sysbios_heaps_HeapMem_init__I</name>
         <load_address>0x3027f8</load_address>
         <run_address>0x3027f8</run_address>
         <size>0x27</size>
         <input_file_ref idref="fl-1d"/>
      </object_component>
      <object_component id="oc-2e9">
         <name>.text:_ti_sysbios_utils_Load_removeTask__E</name>
         <load_address>0x30281f</load_address>
         <run_address>0x30281f</run_address>
         <size>0x27</size>
         <input_file_ref idref="fl-1d"/>
      </object_component>
      <object_component id="oc-34b">
         <name>.text:_ti_sysbios_family_c28_TaskSupport_buildTaskStack</name>
         <load_address>0x302846</load_address>
         <run_address>0x302846</run_address>
         <size>0x25</size>
         <input_file_ref idref="fl-21"/>
      </object_component>
      <object_component id="oc-28a">
         <name>.text:_ti_uia_loggers_LoggerStopMode_initBuffer__I</name>
         <load_address>0x30286b</load_address>
         <run_address>0x30286b</run_address>
         <size>0x25</size>
         <input_file_ref idref="fl-1c"/>
      </object_component>
      <object_component id="oc-33b">
         <name>.text:_ti_sysbios_family_c28_Hwi_disableInterrupt__E</name>
         <load_address>0x302890</load_address>
         <run_address>0x302890</run_address>
         <size>0x24</size>
         <input_file_ref idref="fl-1d"/>
      </object_component>
      <object_component id="oc-1ee">
         <name>.text:_ti_sysbios_utils_Load_startup__E</name>
         <load_address>0x3028b4</load_address>
         <run_address>0x3028b4</run_address>
         <size>0x24</size>
         <input_file_ref idref="fl-1d"/>
      </object_component>
      <object_component id="oc-1c6">
         <name>.text:_xdc_runtime_System_processAtExit__E</name>
         <load_address>0x3028d8</load_address>
         <run_address>0x3028d8</run_address>
         <size>0x24</size>
         <input_file_ref idref="fl-2f"/>
      </object_component>
      <object_component id="oc-1a9">
         <name>.text</name>
         <load_address>0x3028fc</load_address>
         <run_address>0x3028fc</run_address>
         <size>0x24</size>
         <input_file_ref idref="fl-47"/>
      </object_component>
      <object_component id="oc-27d">
         <name>.text:_ti_sysbios_knl_Task_allBlockedFunction__I</name>
         <load_address>0x302920</load_address>
         <run_address>0x302920</run_address>
         <size>0x21</size>
         <input_file_ref idref="fl-1d"/>
      </object_component>
      <object_component id="oc-1ea">
         <name>.text:_xdc_runtime_System_atexit__E</name>
         <load_address>0x302941</load_address>
         <run_address>0x302941</run_address>
         <size>0x21</size>
         <input_file_ref idref="fl-2f"/>
      </object_component>
      <object_component id="oc-31f">
         <name>.text:_ti_sysbios_family_c28_Timer_setPrescale__E</name>
         <load_address>0x302962</load_address>
         <run_address>0x302962</run_address>
         <size>0x20</size>
         <input_file_ref idref="fl-1d"/>
      </object_component>
      <object_component id="oc-1de">
         <name>.text:_ti_sysbios_gates_GateHwi_Object__create__S</name>
         <load_address>0x302982</load_address>
         <run_address>0x302982</run_address>
         <size>0x1e</size>
         <input_file_ref idref="fl-10"/>
      </object_component>
      <object_component id="oc-1f5">
         <name>.text:_ti_sysbios_gates_GateMutex_Object__create__S</name>
         <load_address>0x3029a0</load_address>
         <run_address>0x3029a0</run_address>
         <size>0x1e</size>
         <input_file_ref idref="fl-10"/>
      </object_component>
      <object_component id="oc-1e6">
         <name>.text:_ti_sysbios_heaps_HeapMem_Object__create__S</name>
         <load_address>0x3029be</load_address>
         <run_address>0x3029be</run_address>
         <size>0x1e</size>
         <input_file_ref idref="fl-10"/>
      </object_component>
      <object_component id="oc-20c">
         <name>.text:_ti_uia_loggers_LoggerStopMode_Object__create__S</name>
         <load_address>0x3029dc</load_address>
         <run_address>0x3029dc</run_address>
         <size>0x1e</size>
         <input_file_ref idref="fl-10"/>
      </object_component>
      <object_component id="oc-2f9">
         <name>.text:_xdc_runtime_SysMin_putch__E</name>
         <load_address>0x3029fa</load_address>
         <run_address>0x3029fa</run_address>
         <size>0x1e</size>
         <input_file_ref idref="fl-30"/>
      </object_component>
      <object_component id="oc-1c2">
         <name>.text</name>
         <load_address>0x302a18</load_address>
         <run_address>0x302a18</run_address>
         <size>0x1e</size>
         <input_file_ref idref="fl-4b"/>
      </object_component>
      <object_component id="oc-1d9">
         <name>.text</name>
         <load_address>0x302a36</load_address>
         <run_address>0x302a36</run_address>
         <size>0x1e</size>
         <input_file_ref idref="fl-51"/>
      </object_component>
      <object_component id="oc-2b5">
         <name>.text:_ti_sysbios_family_c28_TaskSupport_swap__E</name>
         <load_address>0x302a54</load_address>
         <run_address>0x302a54</run_address>
         <size>0x1d</size>
         <input_file_ref idref="fl-21"/>
      </object_component>
      <object_component id="oc-284">
         <name>.text:_ti_sysbios_knl_Semaphore_construct</name>
         <load_address>0x302a71</load_address>
         <run_address>0x302a71</run_address>
         <size>0x1d</size>
         <input_file_ref idref="fl-10"/>
      </object_component>
      <object_component id="oc-2ba">
         <name>.text:_ti_sysbios_hal_Hwi_checkStack</name>
         <load_address>0x302a8e</load_address>
         <run_address>0x302a8e</run_address>
         <size>0x1c</size>
         <input_file_ref idref="fl-1d"/>
      </object_component>
      <object_component id="oc-2e5">
         <name>.text:_xdc_runtime_SysMin_output__I</name>
         <load_address>0x302aaa</load_address>
         <run_address>0x302aaa</run_address>
         <size>0x1c</size>
         <input_file_ref idref="fl-10"/>
      </object_component>
      <object_component id="oc-347">
         <name>.text:_ti_sysbios_family_c28_Hwi_switchAndDispatch__I</name>
         <load_address>0x302ac6</load_address>
         <run_address>0x302ac6</run_address>
         <size>0x1b</size>
         <input_file_ref idref="fl-1e"/>
      </object_component>
      <object_component id="oc-253">
         <name>.text:_ti_sysbios_hal_Hwi_initStack</name>
         <load_address>0x302ae1</load_address>
         <run_address>0x302ae1</run_address>
         <size>0x1b</size>
         <input_file_ref idref="fl-1d"/>
      </object_component>
      <object_component id="oc-33d">
         <name>.text:_ti_sysbios_knl_Task_processVitalTaskFlag__I</name>
         <load_address>0x302afc</load_address>
         <run_address>0x302afc</run_address>
         <size>0x1b</size>
         <input_file_ref idref="fl-1d"/>
      </object_component>
      <object_component id="oc-22a">
         <name>.text:_xdc_runtime_Core_assignLabel__I</name>
         <load_address>0x302b17</load_address>
         <run_address>0x302b17</run_address>
         <size>0x1a</size>
         <input_file_ref idref="fl-28"/>
      </object_component>
      <object_component id="oc-31a">
         <name>.text:_xdc_runtime_System_avprintf__E</name>
         <load_address>0x302b31</load_address>
         <run_address>0x302b31</run_address>
         <size>0x1a</size>
         <input_file_ref idref="fl-2f"/>
      </object_component>
      <object_component id="oc-346">
         <name>.text:_xdc_runtime_System_putchar__I</name>
         <load_address>0x302b4b</load_address>
         <run_address>0x302b4b</run_address>
         <size>0x1a</size>
         <input_file_ref idref="fl-2f"/>
      </object_component>
      <object_component id="oc-1f3">
         <name>.text:_ti_sysbios_gates_GateMutex_enter__E</name>
         <load_address>0x302b65</load_address>
         <run_address>0x302b65</run_address>
         <size>0x19</size>
         <input_file_ref idref="fl-1d"/>
      </object_component>
      <object_component id="oc-2ce">
         <name>.text:_ti_sysbios_knl_Queue_construct</name>
         <load_address>0x302b7e</load_address>
         <run_address>0x302b7e</run_address>
         <size>0x19</size>
         <input_file_ref idref="fl-10"/>
      </object_component>
      <object_component id="oc-31b">
         <name>.text:_xdc_runtime_System_vprintf__E</name>
         <load_address>0x302b97</load_address>
         <run_address>0x302b97</run_address>
         <size>0x19</size>
         <input_file_ref idref="fl-2f"/>
      </object_component>
      <object_component id="oc-336">
         <name>.text:_xdc_runtime_Text_printVisFxn__I</name>
         <load_address>0x302bb0</load_address>
         <run_address>0x302bb0</run_address>
         <size>0x19</size>
         <input_file_ref idref="fl-31"/>
      </object_component>
      <object_component id="oc-1ab">
         <name>.text</name>
         <load_address>0x302bc9</load_address>
         <run_address>0x302bc9</run_address>
         <size>0x19</size>
         <input_file_ref idref="fl-46"/>
      </object_component>
      <object_component id="oc-33f">
         <name>.text:_ti_sysbios_utils_Load_getTaskLoad__E</name>
         <load_address>0x302be2</load_address>
         <run_address>0x302be2</run_address>
         <size>0x18</size>
         <input_file_ref idref="fl-1d"/>
      </object_component>
      <object_component id="oc-2da">
         <name>.text:_xdc_runtime_LoggerBuf_Module_startup__E</name>
         <load_address>0x302bfa</load_address>
         <run_address>0x302bfa</run_address>
         <size>0x18</size>
         <input_file_ref idref="fl-2c"/>
      </object_component>
      <object_component id="oc-2fc">
         <name>.text:_xdc_runtime_LoggerBuf_reset__E</name>
         <load_address>0x302c12</load_address>
         <run_address>0x302c12</run_address>
         <size>0x18</size>
         <input_file_ref idref="fl-2c"/>
      </object_component>
      <object_component id="oc-1ec">
         <name>.text:_ti_sysbios_family_c28_Timer_startup__E</name>
         <load_address>0x302c2a</load_address>
         <run_address>0x302c2a</run_address>
         <size>0x17</size>
         <input_file_ref idref="fl-1d"/>
      </object_component>
      <object_component id="oc-2a4">
         <name>.text:_xdc_runtime_Memory_valloc__E</name>
         <load_address>0x302c41</load_address>
         <run_address>0x302c41</run_address>
         <size>0x17</size>
         <input_file_ref idref="fl-2d"/>
      </object_component>
      <object_component id="oc-2df">
         <name>.text:_ti_sysbios_family_c28_Timer_Module_startup__E</name>
         <load_address>0x302c58</load_address>
         <run_address>0x302c58</run_address>
         <size>0x16</size>
         <input_file_ref idref="fl-1d"/>
      </object_component>
      <object_component id="oc-2d8">
         <name>.text:_xdc_runtime_SysMin_abort__E</name>
         <load_address>0x302c6e</load_address>
         <run_address>0x302c6e</run_address>
         <size>0x16</size>
         <input_file_ref idref="fl-30"/>
      </object_component>
      <object_component id="oc-33a">
         <name>.text:_ti_sysbios_family_c28_Hwi_dispatchC__I</name>
         <load_address>0x302c84</load_address>
         <run_address>0x302c84</run_address>
         <size>0x15</size>
         <input_file_ref idref="fl-1d"/>
      </object_component>
      <object_component id="oc-2b8">
         <name>.text:_ti_sysbios_knl_Semaphore_Instance_init__E</name>
         <load_address>0x302c99</load_address>
         <run_address>0x302c99</run_address>
         <size>0x15</size>
         <input_file_ref idref="fl-1d"/>
      </object_component>
      <object_component id="oc-1e9">
         <name>.text:_ti_sysbios_BIOS_atExitFunc__I</name>
         <load_address>0x302cae</load_address>
         <run_address>0x302cae</run_address>
         <size>0x14</size>
         <input_file_ref idref="fl-10"/>
      </object_component>
      <object_component id="oc-1f8">
         <name>.text:_ti_sysbios_knl_Idle_run__E</name>
         <load_address>0x302cc2</load_address>
         <run_address>0x302cc2</run_address>
         <size>0x14</size>
         <input_file_ref idref="fl-1d"/>
      </object_component>
      <object_component id="oc-1f6">
         <name>.text:_ti_sysbios_gates_GateMutex_Object__delete__S</name>
         <load_address>0x302cd6</load_address>
         <run_address>0x302cd6</run_address>
         <size>0x13</size>
         <input_file_ref idref="fl-10"/>
      </object_component>
      <object_component id="oc-24e">
         <name>.text:_ti_uia_loggers_LoggerStopMode_Instance_init__E</name>
         <load_address>0x302ce9</load_address>
         <run_address>0x302ce9</run_address>
         <size>0x13</size>
         <input_file_ref idref="fl-1c"/>
      </object_component>
      <object_component id="oc-1bf">
         <name>.text:_xdc_runtime_Error_raiseX__E</name>
         <load_address>0x302cfc</load_address>
         <run_address>0x302cfc</run_address>
         <size>0x13</size>
         <input_file_ref idref="fl-2a"/>
      </object_component>
      <object_component id="oc-26f">
         <name>.text:_xdc_runtime_Text_cordText__E</name>
         <load_address>0x302d0f</load_address>
         <run_address>0x302d0f</run_address>
         <size>0x13</size>
         <input_file_ref idref="fl-31"/>
      </object_component>
      <object_component id="oc-1df">
         <name>.text:_ti_sysbios_gates_GateHwi_Object__delete__S</name>
         <load_address>0x302d22</load_address>
         <run_address>0x302d22</run_address>
         <size>0x12</size>
         <input_file_ref idref="fl-10"/>
      </object_component>
      <object_component id="oc-1e7">
         <name>.text:_ti_sysbios_heaps_HeapMem_Object__delete__S</name>
         <load_address>0x302d34</load_address>
         <run_address>0x302d34</run_address>
         <size>0x12</size>
         <input_file_ref idref="fl-10"/>
      </object_component>
      <object_component id="oc-221">
         <name>.text:_ti_sysbios_knl_Task_restore__E</name>
         <load_address>0x302d46</load_address>
         <run_address>0x302d46</run_address>
         <size>0x12</size>
         <input_file_ref idref="fl-1d"/>
      </object_component>
      <object_component id="oc-20d">
         <name>.text:_ti_uia_loggers_LoggerStopMode_Object__delete__S</name>
         <load_address>0x302d58</load_address>
         <run_address>0x302d58</run_address>
         <size>0x12</size>
         <input_file_ref idref="fl-10"/>
      </object_component>
      <object_component id="oc-2c0">
         <name>.text:_ti_sysbios_BIOS_errorRaiseHook__I</name>
         <load_address>0x302d6a</load_address>
         <run_address>0x302d6a</run_address>
         <size>0x11</size>
         <input_file_ref idref="fl-10"/>
      </object_component>
      <object_component id="oc-2bd">
         <name>.text:_ti_sysbios_family_c28_TimestampProvider_get64__E</name>
         <load_address>0x302d7b</load_address>
         <run_address>0x302d7b</run_address>
         <size>0x11</size>
         <input_file_ref idref="fl-1d"/>
      </object_component>
      <object_component id="oc-31e">
         <name>.text:_ti_sysbios_family_c28_Timer_stop__E</name>
         <load_address>0x302d8c</load_address>
         <run_address>0x302d8c</run_address>
         <size>0x10</size>
         <input_file_ref idref="fl-1d"/>
      </object_component>
      <object_component id="oc-2dc">
         <name>.text:_xdc_runtime_SysMin_Module_startup__E</name>
         <load_address>0x302d9c</load_address>
         <run_address>0x302d9c</run_address>
         <size>0x10</size>
         <input_file_ref idref="fl-30"/>
      </object_component>
      <object_component id="oc-1c0">
         <name>.text:.bootCodeSection:_ti_catalog_c2800_init_Boot_disableWatchdog</name>
         <load_address>0x302dac</load_address>
         <run_address>0x302dac</run_address>
         <size>0xf</size>
         <input_file_ref idref="fl-22"/>
      </object_component>
      <object_component id="oc-1f0">
         <name>.text:_ti_sysbios_BIOS_removeRTSLock__I</name>
         <load_address>0x302dbb</load_address>
         <run_address>0x302dbb</run_address>
         <size>0xf</size>
         <input_file_ref idref="fl-10"/>
      </object_component>
      <object_component id="oc-1b7">
         <name>.text:_ti_sysbios_BIOS_startFunc__I</name>
         <load_address>0x302dca</load_address>
         <run_address>0x302dca</run_address>
         <size>0xf</size>
         <input_file_ref idref="fl-10"/>
      </object_component>
      <object_component id="oc-244">
         <name>.text:_ti_sysbios_gates_GateMutex_Instance_init__E</name>
         <load_address>0x302dd9</load_address>
         <run_address>0x302dd9</run_address>
         <size>0xf</size>
         <input_file_ref idref="fl-1d"/>
      </object_component>
      <object_component id="oc-334">
         <name>.text:_xdc_runtime_Registry_findById__E</name>
         <load_address>0x302de8</load_address>
         <run_address>0x302de8</run_address>
         <size>0xf</size>
         <input_file_ref idref="fl-36"/>
      </object_component>
      <object_component id="oc-298">
         <name>.text:_ti_sysbios_heaps_HeapMem_Object__get__S</name>
         <load_address>0x302df7</load_address>
         <run_address>0x302df7</run_address>
         <size>0xe</size>
         <input_file_ref idref="fl-10"/>
      </object_component>
      <object_component id="oc-2b9">
         <name>.text:_ti_sysbios_knl_Semaphore_Object__destruct__S</name>
         <load_address>0x302e05</load_address>
         <run_address>0x302e05</run_address>
         <size>0xe</size>
         <input_file_ref idref="fl-10"/>
      </object_component>
      <object_component id="oc-305">
         <name>.text:_ti_sysbios_knl_Task_Object__get__S</name>
         <load_address>0x302e13</load_address>
         <run_address>0x302e13</run_address>
         <size>0xe</size>
         <input_file_ref idref="fl-10"/>
      </object_component>
      <object_component id="oc-309">
         <name>.text:_ti_uia_loggers_LoggerStopMode_Object__get__S</name>
         <load_address>0x302e21</load_address>
         <run_address>0x302e21</run_address>
         <size>0xe</size>
         <input_file_ref idref="fl-10"/>
      </object_component>
      <object_component id="oc-1fa">
         <name>.text:_ti_uia_loggers_LoggerStopMode_enable__E</name>
         <load_address>0x302e2f</load_address>
         <run_address>0x302e2f</run_address>
         <size>0xe</size>
         <input_file_ref idref="fl-1c"/>
      </object_component>
      <object_component id="oc-1eb">
         <name>.text:_ti_sysbios_BIOS_registerRTSLock__I</name>
         <load_address>0x302e3d</load_address>
         <run_address>0x302e3d</run_address>
         <size>0xd</size>
         <input_file_ref idref="fl-10"/>
      </object_component>
      <object_component id="oc-239">
         <name>.text:_ti_sysbios_BIOS_rtsLock__I</name>
         <load_address>0x302e4a</load_address>
         <run_address>0x302e4a</run_address>
         <size>0xd</size>
         <input_file_ref idref="fl-10"/>
      </object_component>
      <object_component id="oc-1e0">
         <name>.text:_ti_sysbios_gates_GateHwi_Handle__label__S</name>
         <load_address>0x302e57</load_address>
         <run_address>0x302e57</run_address>
         <size>0xd</size>
         <input_file_ref idref="fl-10"/>
      </object_component>
      <object_component id="oc-1f7">
         <name>.text:_ti_sysbios_gates_GateMutex_Handle__label__S</name>
         <load_address>0x302e64</load_address>
         <run_address>0x302e64</run_address>
         <size>0xd</size>
         <input_file_ref idref="fl-10"/>
      </object_component>
      <object_component id="oc-1e8">
         <name>.text:_ti_sysbios_heaps_HeapMem_Handle__label__S</name>
         <load_address>0x302e71</load_address>
         <run_address>0x302e71</run_address>
         <size>0xd</size>
         <input_file_ref idref="fl-10"/>
      </object_component>
      <object_component id="oc-30e">
         <name>.text:_ti_sysbios_knl_Queue_Object__destruct__S</name>
         <load_address>0x302e7e</load_address>
         <run_address>0x302e7e</run_address>
         <size>0xd</size>
         <input_file_ref idref="fl-10"/>
      </object_component>
      <object_component id="oc-321">
         <name>.text:_ti_sysbios_knl_Task_enter__I</name>
         <load_address>0x302e8b</load_address>
         <run_address>0x302e8b</run_address>
         <size>0xd</size>
         <input_file_ref idref="fl-1d"/>
      </object_component>
      <object_component id="oc-20e">
         <name>.text:_ti_uia_loggers_LoggerStopMode_Handle__label__S</name>
         <load_address>0x302e98</load_address>
         <run_address>0x302e98</run_address>
         <size>0xd</size>
         <input_file_ref idref="fl-10"/>
      </object_component>
      <object_component id="oc-1fb">
         <name>.text:_ti_uia_loggers_LoggerStopMode_disable__E</name>
         <load_address>0x302ea5</load_address>
         <run_address>0x302ea5</run_address>
         <size>0xd</size>
         <input_file_ref idref="fl-1c"/>
      </object_component>
      <object_component id="oc-296">
         <name>.text:_xdc_runtime_System_abort__E</name>
         <load_address>0x302eb2</load_address>
         <run_address>0x302eb2</run_address>
         <size>0xd</size>
         <input_file_ref idref="fl-2f"/>
      </object_component>
      <object_component id="oc-1b8">
         <name>.text:_ti_sysbios_BIOS_exitFunc__I</name>
         <load_address>0x302ebf</load_address>
         <run_address>0x302ebf</run_address>
         <size>0xc</size>
         <input_file_ref idref="fl-10"/>
      </object_component>
      <object_component id="oc-348">
         <name>.text:_ti_sysbios_family_c28_Hwi_disableIER__E</name>
         <load_address>0x302ecb</load_address>
         <run_address>0x302ecb</run_address>
         <size>0xc</size>
         <input_file_ref idref="fl-10"/>
      </object_component>
      <object_component id="oc-2af">
         <name>.text:_ti_sysbios_family_c28_TimestampProvider_get32__E</name>
         <load_address>0x302ed7</load_address>
         <run_address>0x302ed7</run_address>
         <size>0xc</size>
         <input_file_ref idref="fl-1d"/>
      </object_component>
      <object_component id="oc-1f4">
         <name>.text:_ti_sysbios_gates_GateMutex_leave__E</name>
         <load_address>0x302ee3</load_address>
         <run_address>0x302ee3</run_address>
         <size>0xc</size>
         <input_file_ref idref="fl-1d"/>
      </object_component>
      <object_component id="oc-326">
         <name>.text:_ti_sysbios_knl_Queue_put__E</name>
         <load_address>0x302eef</load_address>
         <run_address>0x302eef</run_address>
         <size>0xc</size>
         <input_file_ref idref="fl-1d"/>
      </object_component>
      <object_component id="oc-2ea">
         <name>.text:_xdc_runtime_Error_check__E</name>
         <load_address>0x302efb</load_address>
         <run_address>0x302efb</run_address>
         <size>0xc</size>
         <input_file_ref idref="fl-2a"/>
      </object_component>
      <object_component id="oc-1b0">
         <name>.text</name>
         <load_address>0x302f07</load_address>
         <run_address>0x302f07</run_address>
         <size>0xc</size>
         <input_file_ref idref="fl-4c"/>
      </object_component>
      <object_component id="oc-30b">
         <name>.text:_ti_sysbios_family_c28_Hwi_Module__startupDone__F</name>
         <load_address>0x302f13</load_address>
         <run_address>0x302f13</run_address>
         <size>0xb</size>
         <input_file_ref idref="fl-10"/>
      </object_component>
      <object_component id="oc-300">
         <name>.text:_ti_sysbios_family_c28_Hwi_Object__get__S</name>
         <load_address>0x302f1e</load_address>
         <run_address>0x302f1e</run_address>
         <size>0xb</size>
         <input_file_ref idref="fl-10"/>
      </object_component>
      <object_component id="oc-2a9">
         <name>.text:_ti_sysbios_family_c28_Hwi_enableIER__E</name>
         <load_address>0x302f29</load_address>
         <run_address>0x302f29</run_address>
         <size>0xb</size>
         <input_file_ref idref="fl-10"/>
      </object_component>
      <object_component id="oc-323">
         <name>.text:_ti_sysbios_knl_Queue_Object__get__S</name>
         <load_address>0x302f34</load_address>
         <run_address>0x302f34</run_address>
         <size>0xb</size>
         <input_file_ref idref="fl-10"/>
      </object_component>
      <object_component id="oc-322">
         <name>.text:_ti_sysbios_knl_Task_SupportProxy_start__E</name>
         <load_address>0x302f3f</load_address>
         <run_address>0x302f3f</run_address>
         <size>0xb</size>
         <input_file_ref idref="fl-10"/>
      </object_component>
      <object_component id="oc-324">
         <name>.text:_ti_sysbios_knl_Task_unblock__E</name>
         <load_address>0x302f4a</load_address>
         <run_address>0x302f4a</run_address>
         <size>0xb</size>
         <input_file_ref idref="fl-1d"/>
      </object_component>
      <object_component id="oc-257">
         <name>.text:_xdc_runtime_SysMin_exit__E</name>
         <load_address>0x302f55</load_address>
         <run_address>0x302f55</run_address>
         <size>0xb</size>
         <input_file_ref idref="fl-30"/>
      </object_component>
      <object_component id="oc-1ac">
         <name>.text:_xdc_runtime_System_exit__E</name>
         <load_address>0x302f60</load_address>
         <run_address>0x302f60</run_address>
         <size>0xb</size>
         <input_file_ref idref="fl-2f"/>
      </object_component>
      <object_component id="oc-2fb">
         <name>.text:_xdc_runtime_LoggerBuf_Object__get__S</name>
         <load_address>0x302f6b</load_address>
         <run_address>0x302f6b</run_address>
         <size>0xa</size>
         <input_file_ref idref="fl-10"/>
      </object_component>
      <object_component id="oc-26e">
         <name>.text:_xdc_runtime_Memory_free__E</name>
         <load_address>0x302f75</load_address>
         <run_address>0x302f75</run_address>
         <size>0xa</size>
         <input_file_ref idref="fl-2d"/>
      </object_component>
      <object_component id="oc-337">
         <name>.text:_xdc_runtime_System_vsnprintf__E</name>
         <load_address>0x302f7f</load_address>
         <run_address>0x302f7f</run_address>
         <size>0xa</size>
         <input_file_ref idref="fl-2f"/>
      </object_component>
      <object_component id="oc-2a2">
         <name>.text:_xdc_runtime_Text_ropeText__E</name>
         <load_address>0x302f89</load_address>
         <run_address>0x302f89</run_address>
         <size>0xa</size>
         <input_file_ref idref="fl-31"/>
      </object_component>
      <object_component id="oc-23a">
         <name>.text:_ti_sysbios_BIOS_rtsUnlock__I</name>
         <load_address>0x302f93</load_address>
[...]
      <symbol id="sm-8c5">
         <name>_ti_sysbios_family_c28_Hwi_getIFR__I</name>
         <value>0x3030a2</value>
         <object_component_ref idref="oc-317"/>
      </symbol>
      <symbol id="sm-8c6">
         <name>_ti_sysbios_family_c28_Hwi_switchAndDispatch__I</name>
         <value>0x302ac6</value>
         <object_component_ref idref="oc-347"/>
      </symbol>
      <symbol id="sm-8c7">
         <name>_ti_sysbios_family_c28_Hwi_interruptReturn__I</name>
         <value>0x303125</value>
         <object_component_ref idref="oc-2aa"/>
      </symbol>
      <symbol id="sm-96b">
         <name>_ti_sysbios_family_c28_Hwi_dispatchTable</name>
         <value>0x3013c6</value>
         <object_component_ref idref="oc-31c"/>
      </symbol>
      <symbol id="sm-96c">
         <name>_ti_sysbios_family_c28_Hwi_dispatchPie</name>
         <value>0x301423</value>
         <object_component_ref idref="oc-31c"/>
      </symbol>
      <symbol id="sm-978">
         <name>_ti_sysbios_family_c28_IntrinsicsSupport_maxbit__E</name>
         <value>0x303040</value>
         <object_component_ref idref="oc-27e"/>
      </symbol>
      <symbol id="sm-988">
         <name>_ti_sysbios_family_c28_TaskSupport_buildTaskStack</name>
         <value>0x302846</value>
         <object_component_ref idref="oc-34b"/>
      </symbol>
      <symbol id="sm-989">
         <name>_ti_sysbios_family_c28_TaskSupport_swap__E</name>
         <value>0x302a54</value>
         <object_component_ref idref="oc-2b5"/>
      </symbol>
      <symbol id="sm-98a">
         <name>_ti_sysbios_family_c28_TaskSupport_glue</name>
         <value>0x302fae</value>
         <object_component_ref idref="oc-34f"/>
      </symbol>
      <symbol id="sm-99e">
         <name>_ti_catalog_c2800_init_Boot_configurePll2802x</name>
         <value>0x30259e</value>
         <object_component_ref idref="oc-1c1"/>
      </symbol>
      <symbol id="sm-99f">
         <name>_ti_catalog_c2800_init_Boot_disableWatchdog</name>
         <value>0x302dac</value>
         <object_component_ref idref="oc-1c0"/>
      </symbol>
      <symbol id="sm-9a0">
         <name>_ti_catalog_c2800_init_Boot_defaultLimpAbortFunction</name>
         <value>0x30310e</value>
         <object_component_ref idref="oc-250"/>
      </symbol>
      <symbol id="sm-9ac">
         <name>_ti_catalog_c2800_init_Boot_entry</name>
         <value>0x33fff6</value>
         <object_component_ref idref="oc-4b"/>
      </symbol>
      <symbol id="sm-9c3">
         <name>_ti_uia_runtime_QueueDescriptor_gPtrToFirstDescriptor</name>
         <value>0x949a</value>
         <object_component_ref idref="oc-ef"/>
      </symbol>
      <symbol id="sm-9c4">
         <name>_ti_uia_runtime_QueueDescriptor_addToList__E</name>
         <value>0x30231e</value>
         <object_component_ref idref="oc-32a"/>
      </symbol>
      <symbol id="sm-9c5">
         <name>_ti_uia_runtime_QueueDescriptor_gUpdateCount</name>
         <value>0x9498</value>
         <object_component_ref idref="oc-ef"/>
      </symbol>
      <symbol id="sm-9da">
         <name>_xdc_runtime_Assert_raise__I</name>
         <value>0x3024db</value>
         <object_component_ref idref="oc-26b"/>
      </symbol>
      <symbol id="sm-9fd">
         <name>_xdc_runtime_Core_deleteObject__I</name>
         <value>0x3020cc</value>
         <object_component_ref idref="oc-229"/>
      </symbol>
      <symbol id="sm-9fe">
         <name>_xdc_runtime_Core_createObject__I</name>
         <value>0x300e68</value>
         <object_component_ref idref="oc-227"/>
      </symbol>
      <symbol id="sm-a17">
         <name>_xdc_runtime_Core_constructObject__I</name>
         <value>0x30128e</value>
         <object_component_ref idref="oc-2b7"/>
      </symbol>
      <symbol id="sm-a27">
         <name>_xdc_runtime_Core_assignLabel__I</name>
         <value>0x302b17</value>
         <object_component_ref idref="oc-22a"/>
      </symbol>
      <symbol id="sm-a36">
         <name>_xdc_runtime_Core_assignParams__I</name>
         <value>0x30235b</value>
         <object_component_ref idref="oc-26c"/>
      </symbol>
      <symbol id="sm-a62">
         <name>_xdc_runtime_Error_getSite__E</name>
         <value>0x303122</value>
         <object_component_ref idref="oc-2f5"/>
      </symbol>
      <symbol id="sm-a63">
         <name>_xdc_runtime_Error_print__E</name>
         <value>0x3025cc</value>
         <object_component_ref idref="oc-2d7"/>
      </symbol>
      <symbol id="sm-a64">
         <name>_xdc_runtime_Error_policyDefault__E</name>
         <value>0x30132a</value>
         <object_component_ref idref="oc-24f"/>
      </symbol>
      <symbol id="sm-a65">
         <name>_xdc_runtime_Error_init__E</name>
         <value>0x303074</value>
         <object_component_ref idref="oc-2bf"/>
      </symbol>
      <symbol id="sm-a66">
         <name>_xdc_runtime_Error_raiseX__E</name>
         <value>0x302cfc</value>
         <object_component_ref idref="oc-1bf"/>
      </symbol>
      <symbol id="sm-a67">
         <name>_xdc_runtime_Error_check__E</name>
         <value>0x302efb</value>
         <object_component_ref idref="oc-2ea"/>
      </symbol>
      <symbol id="sm-a68">
         <name>_xdc_runtime_Error_setX__E</name>
         <value>0x30256e</value>
         <object_component_ref idref="oc-28b"/>
      </symbol>
      <symbol id="sm-a77">
         <name>_xdc_runtime_Gate_leaveSystem__E</name>
         <value>0x303064</value>
         <object_component_ref idref="oc-238"/>
      </symbol>
      <symbol id="sm-a78">
         <name>_xdc_runtime_Gate_enterSystem__E</name>
         <value>0x30305e</value>
         <object_component_ref idref="oc-214"/>
      </symbol>
      <symbol id="sm-a89">
         <name>_xdc_runtime_LoggerBuf_Module_startup__E</name>
         <value>0x302bfa</value>
         <object_component_ref idref="oc-2da"/>
      </symbol>
      <symbol id="sm-a8a">
         <name>_xdc_runtime_LoggerBuf_reset__E</name>
         <value>0x302c12</value>
         <object_component_ref idref="oc-2fc"/>
      </symbol>
      <symbol id="sm-a8b">
         <name>_LoggerBuf_instanceStartup</name>
         <value>0x302c12</value>
         <object_component_ref idref="oc-2fc"/>
      </symbol>
      <symbol id="sm-aa7">
         <name>_xdc_runtime_Memory_calloc__E</name>
         <value>0x30300d</value>
         <object_component_ref idref="oc-26d"/>
      </symbol>
      <symbol id="sm-aa8">
         <name>_xdc_runtime_Memory_free__E</name>
         <value>0x302f75</value>
         <object_component_ref idref="oc-26e"/>
      </symbol>
      <symbol id="sm-aa9">
         <name>_xdc_runtime_Memory_valloc__E</name>
         <value>0x302c41</value>
         <object_component_ref idref="oc-2a4"/>
      </symbol>
      <symbol id="sm-aaa">
         <name>_xdc_runtime_Memory_alloc__E</name>
         <value>0x301f98</value>
         <object_component_ref idref="oc-2cb"/>
      </symbol>
      <symbol id="sm-aab">
         <name>_xdc_runtime_Memory_getMaxDefaultTypeAlign__E</name>
         <value>0x303092</value>
         <object_component_ref idref="oc-2eb"/>
      </symbol>
      <symbol id="sm-acc">
         <name>_xdc_runtime_Startup_startMods__I</name>
         <value>0x30182c</value>
         <object_component_ref idref="oc-254"/>
      </symbol>
      <symbol id="sm-acd">
         <name>_xdc_runtime_Startup_exec__E</name>
         <value>0x30250d</value>
         <object_component_ref idref="oc-1aa"/>
      </symbol>
      <symbol id="sm-b52">
         <name>_xdc_runtime_System_formatNum__I</name>
         <value>0x3022a1</value>
         <object_component_ref idref="oc-345"/>
      </symbol>
      <symbol id="sm-b53">
         <name>_xdc_runtime_System_exit__E</name>
         <value>0x302f60</value>
         <object_component_ref idref="oc-1ac"/>
      </symbol>
      <symbol id="sm-b54">
         <name>_xdc_runtime_System_exitStd__E</name>
         <value>0x3030f6</value>
         <object_component_ref idref="oc-216"/>
      </symbol>
      <symbol id="sm-b55">
         <name>_xdc_runtime_System_printf_va__F</name>
         <value>0x302b97</value>
         <object_component_ref idref="oc-31b"/>
      </symbol>
      <symbol id="sm-b56">
         <name>_xdc_runtime_System_atexit__E</name>
         <value>0x302941</value>
         <object_component_ref idref="oc-1ea"/>
      </symbol>
      <symbol id="sm-b57">
         <name>_xdc_runtime_System_abortStd__E</name>
         <value>0x3030f3</value>
         <object_component_ref idref="oc-2d9"/>
      </symbol>
      <symbol id="sm-b58">
         <name>_xdc_runtime_System_putchar__I</name>
         <value>0x302b4b</value>
         <object_component_ref idref="oc-346"/>
      </symbol>
      <symbol id="sm-b59">
         <name>_xdc_runtime_System_snprintf_va__F</name>
         <value>0x302f7f</value>
         <object_component_ref idref="oc-337"/>
      </symbol>
      <symbol id="sm-b5a">
         <name>_xdc_runtime_System_Module_startup__E</name>
         <value>0x3030e4</value>
         <object_component_ref idref="oc-2db"/>
      </symbol>
      <symbol id="sm-b5b">
         <name>_xdc_runtime_System_avprintf__E</name>
         <value>0x302b31</value>
         <object_component_ref idref="oc-31a"/>
      </symbol>
      <symbol id="sm-b5c">
         <name>_xdc_runtime_System_vprintf__E</name>
         <value>0x302b97</value>
         <object_component_ref idref="oc-31b"/>
      </symbol>
      <symbol id="sm-b5d">
         <name>_xdc_runtime_System_aprintf_va__F</name>
         <value>0x302b31</value>
         <object_component_ref idref="oc-31a"/>
      </symbol>
      <symbol id="sm-b5e">
         <name>_xdc_runtime_System_doPrint__I</name>
         <value>0x30027c</value>
         <object_component_ref idref="oc-339"/>
      </symbol>
      <symbol id="sm-b5f">
         <name>_xdc_runtime_System_processAtExit__E</name>
         <value>0x3028d8</value>
         <object_component_ref idref="oc-1c6"/>
      </symbol>
      <symbol id="sm-b60">
         <name>_xdc_runtime_System_vsnprintf__E</name>
         <value>0x302f7f</value>
         <object_component_ref idref="oc-337"/>
      </symbol>
      <symbol id="sm-b61">
         <name>_xdc_runtime_System_abort__E</name>
         <value>0x302eb2</value>
         <object_component_ref idref="oc-296"/>
      </symbol>
      <symbol id="sm-b81">
         <name>_xdc_runtime_SysMin_abort__E</name>
         <value>0x302c6e</value>
         <object_component_ref idref="oc-2d8"/>
      </symbol>
      <symbol id="sm-b82">
         <name>_xdc_runtime_SysMin_ready__E</name>
         <value>0x303015</value>
         <object_component_ref idref="oc-343"/>
      </symbol>
      <symbol id="sm-b83">
         <name>_xdc_runtime_SysMin_flush__E</name>
         <value>0x30277d</value>
         <object_component_ref idref="oc-29f"/>
      </symbol>
      <symbol id="sm-b84">
         <name>_xdc_runtime_SysMin_Module_startup__E</name>
         <value>0x302d9c</value>
         <object_component_ref idref="oc-2dc"/>
      </symbol>
      <symbol id="sm-b85">
         <name>_xdc_runtime_SysMin_putch__E</name>
         <value>0x3029fa</value>
         <object_component_ref idref="oc-2f9"/>
      </symbol>
      <symbol id="sm-b86">
         <name>_xdc_runtime_SysMin_exit__E</name>
         <value>0x302f55</value>
         <object_component_ref idref="oc-257"/>
      </symbol>
      <symbol id="sm-bc7">
         <name>_xdc_runtime_Text_putLab__E</name>
         <value>0x301fef</value>
         <object_component_ref idref="oc-350"/>
      </symbol>
      <symbol id="sm-bc8">
         <name>_xdc_runtime_Text_printVisFxn__I</name>
         <value>0x302bb0</value>
         <object_component_ref idref="oc-336"/>
      </symbol>
      <symbol id="sm-bc9">
         <name>_xdc_runtime_Text_putMod__E</name>
         <value>0x3022e0</value>
         <object_component_ref idref="oc-318"/>
      </symbol>
      <symbol id="sm-bca">
         <name>_xdc_runtime_Text_cordText__E</name>
         <value>0x302d0f</value>
         <object_component_ref idref="oc-26f"/>
      </symbol>
      <symbol id="sm-bcb">
         <name>_xdc_runtime_Text_xprintf__I</name>
         <value>0x3027a6</value>
         <object_component_ref idref="oc-319"/>
      </symbol>
      <symbol id="sm-bcc">
         <name>_xdc_runtime_Text_ropeText__E</name>
         <value>0x302f89</value>
         <object_component_ref idref="oc-2a2"/>
      </symbol>
      <symbol id="sm-bcd">
         <name>_xdc_runtime_Text_putSite__E</name>
         <value>0x301a80</value>
         <object_component_ref idref="oc-2f6"/>
      </symbol>
      <symbol id="sm-bde">
         <name>_xdc_runtime_Timestamp_getFreq__E</name>
         <value>0x30310b</value>
         <object_component_ref idref="oc-2d2"/>
      </symbol>
      <symbol id="sm-bdf">
         <name>_xdc_runtime_Timestamp_get64__E</name>
         <value>0x303108</value>
         <object_component_ref idref="oc-24a"/>
      </symbol>
      <symbol id="sm-be0">
         <name>_xdc_runtime_Timestamp_get32__E</name>
         <value>0x303105</value>
         <object_component_ref idref="oc-23f"/>
      </symbol>
      <symbol id="sm-bf7">
         <name>___xdc__init</name>
         <value>0x303096</value>
         <object_component_ref idref="oc-1b2"/>
      </symbol>
      <symbol id="sm-c19">
         <name>_xdc_runtime_Registry_findById__E</name>
         <value>0x302de8</value>
         <object_component_ref idref="oc-334"/>
      </symbol>
      <symbol id="sm-c33">
         <name>_c_int00</name>
         <value>0x301d05</value>
         <object_component_ref idref="oc-4a"/>
      </symbol>
      <symbol id="sm-c34">
         <name>__stack</name>
         <value>0x0</value>
         <object_component_ref idref="oc-154"/>
      </symbol>
      <symbol id="sm-c48">
         <name>__unlock</name>
         <value>0x949e</value>
         <object_component_ref idref="oc-275"/>
      </symbol>
      <symbol id="sm-c49">
         <name>__lock</name>
         <value>0x949c</value>
         <object_component_ref idref="oc-276"/>
      </symbol>
      <symbol id="sm-c4a">
         <name>__register_lock</name>
         <value>0x302fdf</value>
         <object_component_ref idref="oc-234"/>
      </symbol>
      <symbol id="sm-c4b">
         <name>__nop</name>
         <value>0x302fe3</value>
         <object_component_ref idref="oc-234"/>
      </symbol>
      <symbol id="sm-c4c">
         <name>__register_unlock</name>
         <value>0x302fdb</value>
         <object_component_ref idref="oc-234"/>
      </symbol>
      <symbol id="sm-c5b">
         <name>__args_main</name>
         <value>0x302bc9</value>
         <object_component_ref idref="oc-1ab"/>
      </symbol>
      <symbol id="sm-c6a">
         <name>_copy_in</name>
         <value>0x3028fc</value>
         <object_component_ref idref="oc-1a9"/>
      </symbol>
      <symbol id="sm-c7e">
         <name>C$$EXIT</name>
         <value>0x3027cf</value>
         <object_component_ref idref="oc-258"/>
      </symbol>
      <symbol id="sm-c7f">
         <name>_exit</name>
         <value>0x3027d1</value>
         <object_component_ref idref="oc-258"/>
      </symbol>
      <symbol id="sm-c80">
         <name>___TI_cleanup_ptr</name>
         <value>0x93bc</value>
         <object_component_ref idref="oc-16a"/>
      </symbol>
      <symbol id="sm-c81">
         <name>___TI_enable_exit_profile_output</name>
         <value>0x93ba</value>
         <object_component_ref idref="oc-16a"/>
      </symbol>
      <symbol id="sm-c82">
         <name>_abort</name>
         <value>0x3027cf</value>
         <object_component_ref idref="oc-258"/>
      </symbol>
      <symbol id="sm-c83">
         <name>___TI_dtors_ptr</name>
         <value>0x93be</value>
         <object_component_ref idref="oc-16a"/>
      </symbol>
      <symbol id="sm-c94">
         <name>FS$$DIV</name>
         <value>0x3016a4</value>
         <object_component_ref idref="oc-16f"/>
      </symbol>
      <symbol id="sm-cc0">
         <name>ULL$$MOD</name>
         <value>0x3007f9</value>
         <object_component_ref idref="oc-174"/>
      </symbol>
      <symbol id="sm-cc1">
         <name>ULL$$DIV</name>
         <value>0x3007ca</value>
         <object_component_ref idref="oc-174"/>
      </symbol>
      <symbol id="sm-cc2">
         <name>LL$$MOD</name>
         <value>0x300790</value>
         <object_component_ref idref="oc-174"/>
      </symbol>
      <symbol id="sm-cc3">
         <name>LL$$DIV</name>
         <value>0x300754</value>
         <object_component_ref idref="oc-174"/>
      </symbol>
      <symbol id="sm-cd4">
         <name>_memcpy</name>
         <value>0x302a18</value>
         <object_component_ref idref="oc-1c2"/>
      </symbol>
      <symbol id="sm-ce2">
         <name>_memset</name>
         <value>0x302f07</value>
         <object_component_ref idref="oc-1b0"/>
      </symbol>
      <symbol id="sm-cf1">
         <name>_strcat</name>
         <value>0x302fe4</value>
         <object_component_ref idref="oc-1d8"/>
      </symbol>
      <symbol id="sm-d07">
         <name>_strcpy</name>
         <value>0x303079</value>
         <object_component_ref idref="oc-1d7"/>
      </symbol>
      <symbol id="sm-d14">
         <name>_strlen</name>
         <value>0x30301d</value>
         <object_component_ref idref="oc-1af"/>
      </symbol>
      <symbol id="sm-d24">
         <name>_strncpy</name>
         <value>0x302a36</value>
         <object_component_ref idref="oc-1d9"/>
      </symbol>
      <symbol id="sm-d37">
         <name>_HOSTopen</name>
         <value>0x300154</value>
         <object_component_ref idref="oc-30c"/>
      </symbol>
      <symbol id="sm-d38">
         <name>_HOSTread</name>
         <value>0x300115</value>
         <object_component_ref idref="oc-30c"/>
      </symbol>
      <symbol id="sm-d39">
         <name>_HOSTgetenv</name>
         <value>0x3001f5</value>
         <object_component_ref idref="oc-30c"/>
      </symbol>
      <symbol id="sm-d3a">
         <name>_HOSTtime</name>
         <value>0x3000a1</value>
         <object_component_ref idref="oc-30c"/>
      </symbol>
      <symbol id="sm-d3b">
         <name>_HOSTtime64</name>
         <value>0x30005c</value>
         <object_component_ref idref="oc-30c"/>
      </symbol>
      <symbol id="sm-d3c">
         <name>_HOSTrename</name>
         <value>0x3000d7</value>
         <object_component_ref idref="oc-30c"/>
      </symbol>
      <symbol id="sm-d3d">
         <name>_HOSTclock</name>
         <value>0x300246</value>
         <object_component_ref idref="oc-30c"/>
      </symbol>
      <symbol id="sm-d3e">
         <name>_HOSTwrite</name>
         <value>0x300000</value>
         <object_component_ref idref="oc-30c"/>
      </symbol>
      <symbol id="sm-d3f">
         <name>_HOSTlseek</name>
         <value>0x300194</value>
         <object_component_ref idref="oc-30c"/>
      </symbol>
      <symbol id="sm-d40">
         <name>_HOSTunlink</name>
         <value>0x300038</value>
         <object_component_ref idref="oc-30c"/>
      </symbol>
      <symbol id="sm-d41">
         <name>_HOSTclose</name>
         <value>0x30021d</value>
         <object_component_ref idref="oc-30c"/>
      </symbol>
      <symbol id="sm-d5a">
         <name>___TI_readmsg</name>
         <value>0x301550</value>
         <object_component_ref idref="oc-32b"/>
      </symbol>
      <symbol id="sm-d5b">
         <name>C$$IO$$</name>
         <value>0x30154b</value>
         <object_component_ref idref="oc-32b"/>
      </symbol>
      <symbol id="sm-d5c">
         <name>__CIOBUF_</name>
         <value>0x9500</value>
         <object_component_ref idref="oc-1a3"/>
      </symbol>
      <symbol id="sm-d5d">
         <name>___TI_writemsg</name>
         <value>0x3014f8</value>
         <object_component_ref idref="oc-32b"/>
      </symbol>
   </symbol_table>
   <title>Link successful</title>
</link_info>
