******************************************************************************
             TMS320C2000 Linker Unix v16.12.0                  
******************************************************************************
>> Linked Fri May  5 06:25:27 2017

OUTPUT FILE NAME:   <ELT131_LAB_06.out>
ENTRY POINT SYMBOL: "_c_int00"  address: 00301d05


MEMORY CONFIGURATION

         name            origin    length      used     unused   attr    fill
----------------------  --------  ---------  --------  --------  ----  --------
PAGE 0:
  FLASH                 00300000   0003ff80  00003b22  0003c45e  RWIX
  CSM_RSVD              0033ff80   00000076  00000000  00000076  RWIX
  BEGIN                 0033fff6   00000002  00000002  00000000  RWIX
  CSM_PWL               0033fff8   00000008  00000000  00000008  RWIX
  ADC_CAL               00380080   00000009  00000007  00000002  RWIX
  OTP                   00380400   00000400  00000000  00000400  RWIX
  IQTABLES              003fe000   00000b50  00000000  00000b50  RWIX
  IQTABLES2             003feb50   0000008c  00000000  0000008c  RWIX
  FPUTABLES             003febdc   000006a0  00000000  000006a0  RWIX
  ROM                   003ff27c   00000d44  00000000  00000d44  RWIX
  RESET                 003fffc0   00000002  00000000  00000002  RWIX
  VECTORS               003fffc2   0000003e  00000000  0000003e  RWIX

PAGE 1:
  M01SARAM              00000000   00000800  00000400  00000400  RWIX
  DEV_EMU               00000880   00000180  000000d0  000000b0  RWIX
  FLASH_REGS            00000a80   00000060  00000008  00000058  RWIX
  CSM                   00000ae0   00000010  00000010  00000000  RWIX
  ADC_MIRROR            00000b00   00000010  00000010  00000000  RWIX
  XINTF                 00000b20   00000020  0000001e  00000002  RWIX
  CPU_TIMER0            00000c00   00000008  00000008  00000000  RWIX
  CPU_TIMER1            00000c08   00000008  00000008  00000000  RWIX
  CPU_TIMER2            00000c10   00000008  00000008  00000000  RWIX
  PIE_CTRL              00000ce0   00000020  0000001a  00000006  RWIX
  PIEVECT               00000d00   00000100  00000000  00000100  RWIX
  DMA                   00001000   00000200  000000e0  00000120  RWIX
  MCBSPA                00005000   00000040  00000025  0000001b  RWIX
  MCBSPB                00005040   00000040  00000025  0000001b  RWIX
  ECANA                 00006000   00000040  00000034  0000000c  RWIX
  ECANA_LAM             00006040   00000040  00000040  00000000  RWIX
  ECANA_MOTS            00006080   00000040  00000040  00000000  RWIX
  ECANA_MOTO            000060c0   00000040  00000040  00000000  RWIX
  ECANA_MBOX            00006100   00000100  00000100  00000000  RWIX
  ECANB                 00006200   00000040  00000034  0000000c  RWIX
  ECANB_LAM             00006240   00000040  00000040  00000000  RWIX
  ECANB_MOTS            00006280   00000040  00000040  00000000  RWIX
  ECANB_MOTO            000062c0   00000040  00000040  00000000  RWIX
  ECANB_MBOX            00006300   00000100  00000100  00000000  RWIX
  EPWM1                 00006800   00000022  00000022  00000000  RWIX
  EPWM2                 00006840   00000022  00000022  00000000  RWIX
  EPWM3                 00006880   00000022  00000022  00000000  RWIX
  EPWM4                 000068c0   00000022  00000022  00000000  RWIX
  EPWM5                 00006900   00000022  00000022  00000000  RWIX
  EPWM6                 00006940   00000022  00000022  00000000  RWIX
  ECAP1                 00006a00   00000020  00000020  00000000  RWIX
  ECAP2                 00006a20   00000020  00000020  00000000  RWIX
  ECAP3                 00006a40   00000020  00000020  00000000  RWIX
  ECAP4                 00006a60   00000020  00000020  00000000  RWIX
  ECAP5                 00006a80   00000020  00000020  00000000  RWIX
  ECAP6                 00006aa0   00000020  00000020  00000000  RWIX
  EQEP1                 00006b00   00000040  00000040  00000000  RWIX
  EQEP2                 00006b40   00000040  00000040  00000000  RWIX
  GPIOCTRL              00006f80   00000040  0000002e  00000012  RWIX
  GPIODAT               00006fc0   00000020  00000020  00000000  RWIX
  GPIOINT               00006fe0   00000020  0000000a  00000016  RWIX
  SYSTEM                00007010   00000020  00000020  00000000  RWIX
  SPIA                  00007040   00000010  00000010  00000000  RWIX
  SCIA                  00007050   00000010  00000010  00000000  RWIX
  XINTRUPT              00007070   00000010  00000010  00000000  RWIX
  ADC                   00007100   00000020  0000001e  00000002  RWIX
  SCIB                  00007750   00000010  00000010  00000000  RWIX
  SCIC                  00007770   00000010  00000010  00000000  RWIX
  I2CA                  00007900   00000040  00000022  0000001e  RWIX
  L07SARAM              00008000   00008000  000015e1  00006a1f  RWIX
  CSM_PWL               0033fff8   00000008  00000008  00000000  RWIX
  PARTID                00380090   00000001  00000001  00000000  RWIX


SECTION ALLOCATION MAP

 output                                  attributes/
section   page    origin      length       input sections
--------  ----  ----------  ----------   ----------------
PieVectTableFile 
*          1    00000d00    00000100     DSECT
                  00000d00    00000100     DSP2833x_GlobalVariableDefs.obj (PieVectTableFile)

.econst    0    0030312a    0000051e     
                  0030312a    00000100     app_03_p28FP.o28FP (.econst:_ti_sysbios_family_c28_Hwi_vectors)
                  0030322a    0000005d     app_03_p28FP.o28FP (.econst:.string)
                  00303287    00000001     app_03_p28FP.o28FP (.econst:ti_sysbios_family_c28_Hwi_Module__id__C)
                  00303288    00000058     ti.targets.rts2800.a28FP : Error.o28FP (.econst:.string)
                  003032e0    00000047                              : Log.o28FP (.econst:.string)
                  00303327    00000001     app_03_p28FP.o28FP (.econst:ti_sysbios_family_c28_Hwi_Module__loggerDefined__C)
                  00303328    00000043     ti.targets.rts2800.a28FP : Text.o28FP (.econst:.string)
                  0030336b    00000001     app_03_p28FP.o28FP (.econst:ti_sysbios_family_c28_Hwi_NUM_INTERRUPTS_ALL__C)
                  0030336c    0000003a     ELT131_LAB_06_03.obj (.econst:.string)
                  003033a6    00000030     app_03_p28FP.o28FP (.econst:ti_uia_loggers_LoggerStopMode_Module__FXNS__C)
                  003033d6    0000002a     ti.targets.rts2800.a28FP : Startup.o28FP (.econst:.string)
                  00303400    00000019                              : System.o28FP (.econst:.string)
                  00303419    00000001     app_03_p28FP.o28FP (.econst:ti_sysbios_family_c28_Hwi_Object__count__C)
                  0030341a    00000016     app_03_p28FP.o28FP (.econst:ti_uia_loggers_LoggerStopMode_Object__PARAMS__C)
                  00303430    00000016     app_03_p28FP.o28FP (.econst:xdc_runtime_Startup_sfxnTab__A)
                  00303446    00000014     app_03_p28FP.o28FP (.econst:ti_sysbios_heaps_HeapMem_Module__FXNS__C)
                  0030345a    00000012     app_03_p28FP.o28FP (.econst:ti_sysbios_gates_GateHwi_Module__FXNS__C)
                  0030346c    00000012     app_03_p28FP.o28FP (.econst:ti_sysbios_gates_GateMutex_Module__FXNS__C)
                  0030347e    00000012     app_03_p28FP.o28FP (.econst:ti_sysbios_heaps_HeapMem_Object__PARAMS__C)
                  00303490    00000010     app_03_p28FP.o28FP (.econst:ti_sysbios_gates_GateHwi_Object__DESC__C)
                  003034a0    00000010     app_03_p28FP.o28FP (.econst:ti_sysbios_gates_GateMutex_Object__DESC__C)
                  003034b0    00000010     app_03_p28FP.o28FP (.econst:ti_sysbios_heaps_HeapMem_Object__DESC__C)
                  003034c0    00000010     app_03_p28FP.o28FP (.econst:ti_sysbios_knl_Queue_Object__DESC__C)
                  003034d0    00000010     app_03_p28FP.o28FP (.econst:ti_sysbios_knl_Semaphore_Object__DESC__C)
                  003034e0    00000010     app_03_p28FP.o28FP (.econst:ti_sysbios_knl_Semaphore_Object__PARAMS__C)
                  003034f0    00000010     app_03_p28FP.o28FP (.econst:ti_uia_loggers_LoggerStopMode_Object__DESC__C)
                  00303500    0000000c     app_03_p28FP.o28FP (.econst:ti_sysbios_gates_GateHwi_Object__PARAMS__C)
                  0030350c    0000000c     app_03_p28FP.o28FP (.econst:ti_sysbios_gates_GateMutex_Object__PARAMS__C)
                  00303518    0000000c     app_03_p28FP.o28FP (.econst:ti_sysbios_knl_Queue_Object__PARAMS__C)
                  00303524    0000000c     app_03_p28FP.o28FP (.econst:ti_sysbios_knl_Task_hooks__A)
                  00303530    0000000b     app_03_p28FP.o28FP (.econst:xdc_runtime_Startup_sfxnRts__A)
                  0030353b    00000001     app_03_p28FP.o28FP (.econst:ti_sysbios_family_c28_TaskSupport_Module__id__C)
                  0030353c    0000000a     app_03_p28FP.o28FP (.econst)
                  00303546    00000005     ti.targets.rts2800.a28FP : Assert.o28FP (.econst:.string)
                  0030354b    00000001     app_03_p28FP.o28FP (.econst:ti_sysbios_family_c28_Timer_startupNeeded__C)
                  0030354c    00000004     app_03_p28FP.o28FP (.econst:ti_sysbios_knl_Idle_funcList__A)
                  00303550    00000004     app_03_p28FP.o28FP (.econst:ti_sysbios_knl_Idle_funcList__C)
                  00303554    00000004     app_03_p28FP.o28FP (.econst:ti_sysbios_knl_Task_hooks__C)
                  00303558    00000004     app_03_p28FP.o28FP (.econst:xdc_runtime_Startup_firstFxns__A)
                  0030355c    00000004     app_03_p28FP.o28FP (.econst:xdc_runtime_Startup_firstFxns__C)
                  00303560    00000004     app_03_p28FP.o28FP (.econst:xdc_runtime_Startup_lastFxns__C)
                  00303564    00000003     md_uart_sci.obj (.econst:.string)
                  00303567    00000001     app_03_p28FP.o28FP (.econst:ti_sysbios_hal_Hwi_Module__id__C)
                  00303568    00000002     app_03_p28FP.o28FP (.econst:ti_sysbios_family_c28_Hwi_E_unpluggedInterrupt__C)
                  0030356a    00000002     app_03_p28FP.o28FP (.econst:ti_sysbios_family_c28_Hwi_LD_end__C)
                  0030356c    00000002     app_03_p28FP.o28FP (.econst:ti_sysbios_family_c28_Hwi_LM_begin__C)
                  0030356e    00000002     app_03_p28FP.o28FP (.econst:ti_sysbios_family_c28_Hwi_Module__diagsEnabled__C)
                  00303570    00000002     app_03_p28FP.o28FP (.econst:ti_sysbios_family_c28_Hwi_Module__diagsIncluded__C)
                  00303572    00000002     app_03_p28FP.o28FP (.econst:ti_sysbios_family_c28_Hwi_Module__diagsMask__C)
                  00303574    00000002     app_03_p28FP.o28FP (.econst:ti_sysbios_family_c28_Hwi_Module__loggerFxn1__C)
                  00303576    00000002     app_03_p28FP.o28FP (.econst:ti_sysbios_family_c28_Hwi_Module__loggerFxn8__C)
                  00303578    00000002     app_03_p28FP.o28FP (.econst:ti_sysbios_family_c28_Hwi_Module__loggerObj__C)
                  0030357a    00000002     app_03_p28FP.o28FP (.econst:ti_sysbios_family_c28_TaskSupport_E_invalidStack__C)
                  0030357c    00000002     app_03_p28FP.o28FP (.econst:ti_sysbios_gates_GateMutex_Instance_State_sem__O)
                  0030357e    00000002     app_03_p28FP.o28FP (.econst:ti_sysbios_hal_Hwi_E_stackOverflow__C)
                  00303580    00000002     app_03_p28FP.o28FP (.econst:ti_sysbios_heaps_HeapMem_E_memory__C)
                  00303582    00000002     app_03_p28FP.o28FP (.econst:ti_sysbios_heaps_HeapMem_Module__gateObj__C)
                  00303584    00000002     app_03_p28FP.o28FP (.econst:ti_sysbios_heaps_HeapMem_reqAlign__C)
                  00303586    00000002     app_03_p28FP.o28FP (.econst:ti_sysbios_knl_Semaphore_Instance_State_pendQ__O)
                  00303588    00000002     app_03_p28FP.o28FP (.econst:ti_sysbios_knl_Semaphore_LM_pend__C)
                  0030358a    00000002     app_03_p28FP.o28FP (.econst:ti_sysbios_knl_Semaphore_LM_post__C)
                  0030358c    00000002     app_03_p28FP.o28FP (.econst:ti_sysbios_knl_Semaphore_Module__diagsEnabled__C)
                  0030358e    00000002     app_03_p28FP.o28FP (.econst:ti_sysbios_knl_Semaphore_Module__diagsIncluded__C)
                  00303590    00000002     app_03_p28FP.o28FP (.econst:ti_sysbios_knl_Semaphore_Module__diagsMask__C)
                  00303592    00000002     app_03_p28FP.o28FP (.econst:ti_sysbios_knl_Semaphore_Module__loggerFxn2__C)
                  00303594    00000002     app_03_p28FP.o28FP (.econst:ti_sysbios_knl_Semaphore_Module__loggerFxn4__C)
                  00303596    00000002     app_03_p28FP.o28FP (.econst:ti_sysbios_knl_Semaphore_Module__loggerObj__C)
                  00303598    00000002     app_03_p28FP.o28FP (.econst:ti_sysbios_knl_Task_E_spOutOfBounds__C)
                  0030359a    00000002     app_03_p28FP.o28FP (.econst:ti_sysbios_knl_Task_E_stackOverflow__C)
                  0030359c    00000002     app_03_p28FP.o28FP (.econst:ti_sysbios_knl_Task_LD_block__C)
                  0030359e    00000002     app_03_p28FP.o28FP (.econst:ti_sysbios_knl_Task_LD_exit__C)
                  003035a0    00000002     app_03_p28FP.o28FP (.econst:ti_sysbios_knl_Task_LD_ready__C)
                  003035a2    00000002     app_03_p28FP.o28FP (.econst:ti_sysbios_knl_Task_LM_switch__C)
                  003035a4    00000002     app_03_p28FP.o28FP (.econst:ti_sysbios_knl_Task_Module_State_inactiveQ__O)
                  003035a6    00000002     app_03_p28FP.o28FP (.econst:ti_sysbios_knl_Task_Module__diagsEnabled__C)
                  003035a8    00000002     app_03_p28FP.o28FP (.econst:ti_sysbios_knl_Task_Module__diagsIncluded__C)
                  003035aa    00000002     app_03_p28FP.o28FP (.econst:ti_sysbios_knl_Task_Module__diagsMask__C)
                  003035ac    00000002     app_03_p28FP.o28FP (.econst:ti_sysbios_knl_Task_Module__loggerFxn2__C)
                  003035ae    00000002     app_03_p28FP.o28FP (.econst:ti_sysbios_knl_Task_Module__loggerFxn4__C)
                  003035b0    00000002     app_03_p28FP.o28FP (.econst:ti_sysbios_knl_Task_Module__loggerObj__C)
                  003035b2    00000002     app_03_p28FP.o28FP (.econst:ti_sysbios_knl_Task_Object__heap__C)
                  003035b4    00000002     app_03_p28FP.o28FP (.econst:ti_sysbios_knl_Task_allBlockedFunc__C)
                  003035b6    00000002     app_03_p28FP.o28FP (.econst:ti_sysbios_utils_Load_LS_cpuLoad__C)
                  003035b8    00000002     app_03_p28FP.o28FP (.econst:ti_sysbios_utils_Load_LS_taskLoad__C)
                  003035ba    00000002     app_03_p28FP.o28FP (.econst:ti_sysbios_utils_Load_Module_State_taskList__O)
                  003035bc    00000002     app_03_p28FP.o28FP (.econst:ti_sysbios_utils_Load_Module__diagsEnabled__C)
                  003035be    00000002     app_03_p28FP.o28FP (.econst:ti_sysbios_utils_Load_Module__diagsIncluded__C)
                  003035c0    00000002     app_03_p28FP.o28FP (.econst:ti_sysbios_utils_Load_Module__diagsMask__C)
                  003035c2    00000002     app_03_p28FP.o28FP (.econst:ti_sysbios_utils_Load_Module__loggerFxn1__C)
                  003035c4    00000002     app_03_p28FP.o28FP (.econst:ti_sysbios_utils_Load_Module__loggerFxn4__C)
                  003035c6    00000002     app_03_p28FP.o28FP (.econst:ti_sysbios_utils_Load_Module__loggerObj__C)
                  003035c8    00000002     app_03_p28FP.o28FP (.econst:ti_sysbios_utils_Load_postUpdate__C)
                  003035ca    00000002     app_03_p28FP.o28FP (.econst:ti_uia_loggers_LoggerStopMode_Module__diagsEnabled__C)
                  003035cc    00000002     app_03_p28FP.o28FP (.econst:ti_uia_loggers_LoggerStopMode_Module__diagsIncluded__C)
                  003035ce    00000002     app_03_p28FP.o28FP (.econst:ti_uia_loggers_LoggerStopMode_Module__diagsMask__C)
                  003035d0    00000002     app_03_p28FP.o28FP (.econst:ti_uia_runtime_ILoggerSnapshot_Interface__BASE__C)
                  003035d2    00000002     app_03_p28FP.o28FP (.econst:ti_uia_runtime_IUIATransfer_Interface__BASE__C)
                  003035d4    00000002     app_03_p28FP.o28FP (.econst:xdc_runtime_Assert_E_assertFailed__C)
                  003035d6    00000002     app_03_p28FP.o28FP (.econst:xdc_runtime_Core_A_initializedParams__C)
                  003035d8    00000002     app_03_p28FP.o28FP (.econst:xdc_runtime_Core_Module__diagsEnabled__C)
                  003035da    00000002     app_03_p28FP.o28FP (.econst:xdc_runtime_Core_Module__diagsIncluded__C)
                  003035dc    00000002     app_03_p28FP.o28FP (.econst:xdc_runtime_Core_Module__diagsMask__C)
                  003035de    00000002     app_03_p28FP.o28FP (.econst:xdc_runtime_Error_E_memory__C)
                  003035e0    00000002     app_03_p28FP.o28FP (.econst:xdc_runtime_Error_Module__diagsEnabled__C)
                  003035e2    00000002     app_03_p28FP.o28FP (.econst:xdc_runtime_Error_Module__diagsIncluded__C)
                  003035e4    00000002     app_03_p28FP.o28FP (.econst:xdc_runtime_Error_Module__diagsMask__C)
                  003035e6    00000002     app_03_p28FP.o28FP (.econst:xdc_runtime_Error_Module__loggerFxn8__C)
                  003035e8    00000002     app_03_p28FP.o28FP (.econst:xdc_runtime_Error_Module__loggerObj__C)
                  003035ea    00000002     app_03_p28FP.o28FP (.econst:xdc_runtime_Error_policyFxn__C)
                  003035ec    00000002     app_03_p28FP.o28FP (.econst:xdc_runtime_Error_raiseHook__C)
                  003035ee    00000002     app_03_p28FP.o28FP (.econst:xdc_runtime_IFilterLogger_Interface__BASE__C)
                  003035f0    00000002     app_03_p28FP.o28FP (.econst:xdc_runtime_IGateProvider_Interface__BASE__C)
                  003035f2    00000002     app_03_p28FP.o28FP (.econst:xdc_runtime_IHeap_Interface__BASE__C)
                  003035f4    00000002     app_03_p28FP.o28FP (.econst:xdc_runtime_ILogger_Interface__BASE__C)
                  003035f6    00000002     app_03_p28FP.o28FP (.econst:xdc_runtime_IModule_Interface__BASE__C)
                  003035f8    00000002     app_03_p28FP.o28FP (.econst:xdc_runtime_Log_L_error__C)
                  003035fa    00000002     app_03_p28FP.o28FP (.econst:xdc_runtime_Log_L_info__C)
                  003035fc    00000002     app_03_p28FP.o28FP (.econst:xdc_runtime_Main_Module__diagsEnabled__C)
                  003035fe    00000002     app_03_p28FP.o28FP (.econst:xdc_runtime_Main_Module__diagsIncluded__C)
                  00303600    00000002     app_03_p28FP.o28FP (.econst:xdc_runtime_Main_Module__diagsMask__C)
                  00303602    00000002     app_03_p28FP.o28FP (.econst:xdc_runtime_Main_Module__loggerFxn4__C)
                  00303604    00000002     app_03_p28FP.o28FP (.econst:xdc_runtime_Main_Module__loggerObj__C)
                  00303606    00000002     app_03_p28FP.o28FP (.econst:xdc_runtime_Memory_defaultHeapInstance__C)
                  00303608    00000002     app_03_p28FP.o28FP (.econst:xdc_runtime_Startup_execImpl__C)
                  0030360a    00000002     app_03_p28FP.o28FP (.econst:xdc_runtime_Startup_lastFxns__A)
                  0030360c    00000002     app_03_p28FP.o28FP (.econst:xdc_runtime_Startup_sfxnRts__C)
                  0030360e    00000002     app_03_p28FP.o28FP (.econst:xdc_runtime_Startup_sfxnTab__C)
                  00303610    00000002     app_03_p28FP.o28FP (.econst:xdc_runtime_SysMin_bufSize__C)
                  00303612    00000002     app_03_p28FP.o28FP (.econst:xdc_runtime_SysMin_outputFunc__C)
                  00303614    00000002     app_03_p28FP.o28FP (.econst:xdc_runtime_System_Module__gateObj__C)
                  00303616    00000002     app_03_p28FP.o28FP (.econst:xdc_runtime_System_abortFxn__C)
                  00303618    00000002     app_03_p28FP.o28FP (.econst:xdc_runtime_System_exitFxn__C)
                  0030361a    00000002     app_03_p28FP.o28FP (.econst:xdc_runtime_System_extendFxn__C)
                  0030361c    00000002     app_03_p28FP.o28FP (.econst:xdc_runtime_Text_charTab__C)
                  0030361e    00000002     app_03_p28FP.o28FP (.econst:xdc_runtime_Text_nameEmpty__C)
                  00303620    00000002     app_03_p28FP.o28FP (.econst:xdc_runtime_Text_nameStatic__C)
                  00303622    00000002     app_03_p28FP.o28FP (.econst:xdc_runtime_Text_nameUnknown__C)
                  00303624    00000002     app_03_p28FP.o28FP (.econst:xdc_runtime_Text_nodeTab__A)
                  00303626    00000002     app_03_p28FP.o28FP (.econst:xdc_runtime_Text_visitRopeFxn__C)
                  00303628    00000001     app_03_p28FP.o28FP (.econst:ti_sysbios_heaps_HeapMem_Module__id__C)
                  00303629    00000001     app_03_p28FP.o28FP (.econst:ti_sysbios_heaps_HeapMem_Object__count__C)
                  0030362a    00000001     app_03_p28FP.o28FP (.econst:ti_sysbios_knl_Semaphore_Module__id__C)
                  0030362b    00000001     app_03_p28FP.o28FP (.econst:ti_sysbios_knl_Semaphore_Module__loggerDefined__C)
                  0030362c    00000001     app_03_p28FP.o28FP (.econst:ti_sysbios_knl_Task_Module__id__C)
                  0030362d    00000001     app_03_p28FP.o28FP (.econst:ti_sysbios_knl_Task_Module__loggerDefined__C)
                  0030362e    00000001     app_03_p28FP.o28FP (.econst:ti_sysbios_knl_Task_Object__count__C)
                  0030362f    00000001     app_03_p28FP.o28FP (.econst:ti_sysbios_knl_Task_numConstructedTasks__C)
                  00303630    00000001     app_03_p28FP.o28FP (.econst:ti_sysbios_utils_Load_Module__id__C)
                  00303631    00000001     app_03_p28FP.o28FP (.econst:ti_sysbios_utils_Load_Module__loggerDefined__C)
                  00303632    00000001     app_03_p28FP.o28FP (.econst:ti_sysbios_utils_Load_autoAddTasks__C)
                  00303633    00000001     app_03_p28FP.o28FP (.econst:ti_sysbios_utils_Load_updateInIdle__C)
                  00303634    00000001     app_03_p28FP.o28FP (.econst:ti_sysbios_utils_Load_windowInMs__C)
                  00303635    00000001     app_03_p28FP.o28FP (.econst:ti_uia_loggers_LoggerStopMode_Module__id__C)
                  00303636    00000001     app_03_p28FP.o28FP (.econst:ti_uia_loggers_LoggerStopMode_Object__count__C)
                  00303637    00000001     app_03_p28FP.o28FP (.econst:ti_uia_loggers_LoggerStopMode_isTimestampEnabled__C)
                  00303638    00000001     app_03_p28FP.o28FP (.econst:xdc_runtime_Core_Module__id__C)
                  00303639    00000001     app_03_p28FP.o28FP (.econst:xdc_runtime_Error_Module__loggerDefined__C)
                  0030363a    00000001     app_03_p28FP.o28FP (.econst:xdc_runtime_Error_maxDepth__C)
                  0030363b    00000001     app_03_p28FP.o28FP (.econst:xdc_runtime_Error_policy__C)
                  0030363c    00000001     app_03_p28FP.o28FP (.econst:xdc_runtime_LoggerBuf_Object__count__C)
                  0030363d    00000001     app_03_p28FP.o28FP (.econst:xdc_runtime_Main_Module__id__C)
                  0030363e    00000001     app_03_p28FP.o28FP (.econst:xdc_runtime_Main_Module__loggerDefined__C)
                  0030363f    00000001     app_03_p28FP.o28FP (.econst:xdc_runtime_Memory_Module__id__C)
                  00303640    00000001     app_03_p28FP.o28FP (.econst:xdc_runtime_Startup_maxPasses__C)
                  00303641    00000001     app_03_p28FP.o28FP (.econst:xdc_runtime_SysMin_flushAtExit__C)
                  00303642    00000001     app_03_p28FP.o28FP (.econst:xdc_runtime_System_maxAtexitHandlers__C)
                  00303643    00000001     app_03_p28FP.o28FP (.econst:xdc_runtime_Text_charCnt__C)
                  00303644    00000001     app_03_p28FP.o28FP (.econst:xdc_runtime_Text_charTab__A)
                  00303645    00000001     app_03_p28FP.o28FP (.econst:xdc_runtime_Text_isLoaded__C)
                  00303646    00000001     app_03_p28FP.o28FP (.econst:xdc_runtime_Text_registryModsLastId__C)
                  00303647    00000001     app_03_p28FP.o28FP (.econst:xdc_runtime_Text_unnamedModsLastId__C)

.cinit     0    00303648    000004a0     
                  00303648    00000446     app_03_p28FP.o28FP (.cinit)
                  00303a8e    00000021     md_uart_sci.obj (.cinit)
                  00303aaf    00000012     ELT131_LAB_06_03.obj (.cinit)
                  00303ac1    0000000e     rts2800_fpu32.lib : exit.obj (.cinit)
                  00303acf    00000009     ti.uia.runtime.a28FP : QueueDescriptor.o28FP (.cinit)
                  00303ad8    00000005     rts2800_fpu32.lib : _lock.obj (.cinit:__lock)
                  00303add    00000005                       : _lock.obj (.cinit:__unlock)
                  00303ae2    00000004     md_bsp_explorer.obj (.cinit)
                  00303ae6    00000002     --HOLE-- [fill = 0]

.switch    0    00303b08    0000001c     
                  00303b08    0000001c     sysbios.a28FP : BIOS.obj (.switch:_ti_sysbios_family_c28_Hwi_clearInterrupt__E)

.ti_catalog_c2800_init_begin 
*          0    0033fff6    00000002     
                  0033fff6    00000002     Boot.a28FP : Boot_asm.o28FP (.ti_catalog_c2800_init_begin)

DevEmuRegsFile 
*          1    00000880    000000d0     UNINITIALIZED
                  00000880    000000d0     DSP2833x_GlobalVariableDefs.obj (DevEmuRegsFile)

FlashRegsFile 
*          1    00000a80    00000008     UNINITIALIZED
                  00000a80    00000008     DSP2833x_GlobalVariableDefs.obj (FlashRegsFile)

CsmRegsFile 
*          1    00000ae0    00000010     UNINITIALIZED
                  00000ae0    00000010     DSP2833x_GlobalVariableDefs.obj (CsmRegsFile)

AdcMirrorFile 
*          1    00000b00    00000010     UNINITIALIZED
                  00000b00    00000010     DSP2833x_GlobalVariableDefs.obj (AdcMirrorFile)

XintfRegsFile 
*          1    00000b20    0000001e     UNINITIALIZED
                  00000b20    0000001e     DSP2833x_GlobalVariableDefs.obj (XintfRegsFile)

CpuTimer0RegsFile 
*          1    00000c00    00000008     UNINITIALIZED
                  00000c00    00000008     DSP2833x_GlobalVariableDefs.obj (CpuTimer0RegsFile)

CpuTimer1RegsFile 
*          1    00000c08    00000008     UNINITIALIZED
                  00000c08    00000008     DSP2833x_GlobalVariableDefs.obj (CpuTimer1RegsFile)

CpuTimer2RegsFile 
*          1    00000c10    00000008     UNINITIALIZED
                  00000c10    00000008     DSP2833x_GlobalVariableDefs.obj (CpuTimer2RegsFile)

PieCtrlRegsFile 
*          1    00000ce0    0000001a     UNINITIALIZED
                  00000ce0    0000001a     DSP2833x_GlobalVariableDefs.obj (PieCtrlRegsFile)

DmaRegsFile 
*          1    00001000    000000e0     UNINITIALIZED
                  00001000    000000e0     DSP2833x_GlobalVariableDefs.obj (DmaRegsFile)

McbspaRegsFile 
*          1    00005000    00000025     UNINITIALIZED
                  00005000    00000025     DSP2833x_GlobalVariableDefs.obj (McbspaRegsFile)

McbspbRegsFile 
*          1    00005040    00000025     UNINITIALIZED
                  00005040    00000025     DSP2833x_GlobalVariableDefs.obj (McbspbRegsFile)

ECanaRegsFile 
*          1    00006000    00000034     UNINITIALIZED
                  00006000    00000034     DSP2833x_GlobalVariableDefs.obj (ECanaRegsFile)

ECanaLAMRegsFile 
*          1    00006040    00000040     UNINITIALIZED
                  00006040    00000040     DSP2833x_GlobalVariableDefs.obj (ECanaLAMRegsFile)

ECanaMOTSRegsFile 
*          1    00006080    00000040     UNINITIALIZED
                  00006080    00000040     DSP2833x_GlobalVariableDefs.obj (ECanaMOTSRegsFile)

ECanaMOTORegsFile 
*          1    000060c0    00000040     UNINITIALIZED
                  000060c0    00000040     DSP2833x_GlobalVariableDefs.obj (ECanaMOTORegsFile)

ECanaMboxesFile 
*          1    00006100    00000100     UNINITIALIZED
                  00006100    00000100     DSP2833x_GlobalVariableDefs.obj (ECanaMboxesFile)

ECanbRegsFile 
*          1    00006200    00000034     UNINITIALIZED
                  00006200    00000034     DSP2833x_GlobalVariableDefs.obj (ECanbRegsFile)

ECanbLAMRegsFile 
*          1    00006240    00000040     UNINITIALIZED
                  00006240    00000040     DSP2833x_GlobalVariableDefs.obj (ECanbLAMRegsFile)

ECanbMOTSRegsFile 
*          1    00006280    00000040     UNINITIALIZED
                  00006280    00000040     DSP2833x_GlobalVariableDefs.obj (ECanbMOTSRegsFile)

ECanbMOTORegsFile 
*          1    000062c0    00000040     UNINITIALIZED
                  000062c0    00000040     DSP2833x_GlobalVariableDefs.obj (ECanbMOTORegsFile)

ECanbMboxesFile 
*          1    00006300    00000100     UNINITIALIZED
                  00006300    00000100     DSP2833x_GlobalVariableDefs.obj (ECanbMboxesFile)

EPwm1RegsFile 
*          1    00006800    00000022     UNINITIALIZED
                  00006800    00000022     DSP2833x_GlobalVariableDefs.obj (EPwm1RegsFile)

EPwm2RegsFile 
*          1    00006840    00000022     UNINITIALIZED
                  00006840    00000022     DSP2833x_GlobalVariableDefs.obj (EPwm2RegsFile)

EPwm3RegsFile 
*          1    00006880    00000022     UNINITIALIZED
                  00006880    00000022     DSP2833x_GlobalVariableDefs.obj (EPwm3RegsFile)

EPwm4RegsFile 
*          1    000068c0    00000022     UNINITIALIZED
                  000068c0    00000022     DSP2833x_GlobalVariableDefs.obj (EPwm4RegsFile)

EPwm5RegsFile 
*          1    00006900    00000022     UNINITIALIZED
                  00006900    00000022     DSP2833x_GlobalVariableDefs.obj (EPwm5RegsFile)

EPwm6RegsFile 
*          1    00006940    00000022     UNINITIALIZED
                  00006940    00000022     DSP2833x_GlobalVariableDefs.obj (EPwm6RegsFile)

ECap1RegsFile 
*          1    00006a00    00000020     UNINITIALIZED
                  00006a00    00000020     DSP2833x_GlobalVariableDefs.obj (ECap1RegsFile)

ECap2RegsFile 
*          1    00006a20    00000020     UNINITIALIZED
                  00006a20    00000020     DSP2833x_GlobalVariableDefs.obj (ECap2RegsFile)

ECap3RegsFile 
*          1    00006a40    00000020     UNINITIALIZED
                  00006a40    00000020     DSP2833x_GlobalVariableDefs.obj (ECap3RegsFile)

ECap4RegsFile 
*          1    00006a60    00000020     UNINITIALIZED
                  00006a60    00000020     DSP2833x_GlobalVariableDefs.obj (ECap4RegsFile)

ECap5RegsFile 
*          1    00006a80    00000020     UNINITIALIZED
                  00006a80    00000020     DSP2833x_GlobalVariableDefs.obj (ECap5RegsFile)

ECap6RegsFile 
*          1    00006aa0    00000020     UNINITIALIZED
                  00006aa0    00000020     DSP2833x_GlobalVariableDefs.obj (ECap6RegsFile)

EQep1RegsFile 
*          1    00006b00    00000040     UNINITIALIZED
                  00006b00    00000040     DSP2833x_GlobalVariableDefs.obj (EQep1RegsFile)

EQep2RegsFile 
*          1    00006b40    00000040     UNINITIALIZED
                  00006b40    00000040     DSP2833x_GlobalVariableDefs.obj (EQep2RegsFile)

GpioCtrlRegsFile 
*          1    00006f80    0000002e     UNINITIALIZED
                  00006f80    0000002e     DSP2833x_GlobalVariableDefs.obj (GpioCtrlRegsFile)

GpioDataRegsFile 
*          1    00006fc0    00000020     UNINITIALIZED
                  00006fc0    00000020     DSP2833x_GlobalVariableDefs.obj (GpioDataRegsFile)

GpioIntRegsFile 
*          1    00006fe0    0000000a     UNINITIALIZED
                  00006fe0    0000000a     DSP2833x_GlobalVariableDefs.obj (GpioIntRegsFile)

SysCtrlRegsFile 
*          1    00007010    00000020     UNINITIALIZED
                  00007010    00000020     DSP2833x_GlobalVariableDefs.obj (SysCtrlRegsFile)

SpiaRegsFile 
*          1    00007040    00000010     UNINITIALIZED
                  00007040    00000010     DSP2833x_GlobalVariableDefs.obj (SpiaRegsFile)

SciaRegsFile 
*          1    00007050    00000010     UNINITIALIZED
                  00007050    00000010     DSP2833x_GlobalVariableDefs.obj (SciaRegsFile)

XIntruptRegsFile 
*          1    00007070    00000010     UNINITIALIZED
                  00007070    00000010     DSP2833x_GlobalVariableDefs.obj (XIntruptRegsFile)

AdcRegsFile 
*          1    00007100    0000001e     UNINITIALIZED
                  00007100    0000001e     DSP2833x_GlobalVariableDefs.obj (AdcRegsFile)

ScibRegsFile 
*          1    00007750    00000010     UNINITIALIZED
                  00007750    00000010     DSP2833x_GlobalVariableDefs.obj (ScibRegsFile)

ScicRegsFile 
*          1    00007770    00000010     UNINITIALIZED
                  00007770    00000010     DSP2833x_GlobalVariableDefs.obj (ScicRegsFile)

I2caRegsFile 
*          1    00007900    00000022     UNINITIALIZED
                  00007900    00000022     DSP2833x_GlobalVariableDefs.obj (I2caRegsFile)

CsmPwlFile 
*          1    0033fff8    00000008     UNINITIALIZED
                  0033fff8    00000008     DSP2833x_GlobalVariableDefs.obj (CsmPwlFile)

PartIdRegsFile 
*          1    00380090    00000001     UNINITIALIZED
                  00380090    00000001     DSP2833x_GlobalVariableDefs.obj (PartIdRegsFile)

.pinit     0    00300000    00000000     UNINITIALIZED

.text      0    00300000    00003129     
                  00300000    0000027c     rts2800_fpu32.lib : trgdrv.obj (.text)
                  0030027c    00000252     ti.targets.rts2800.a28FP : System.o28FP (.text:_xdc_runtime_System_doPrint__I)
                  003004ce    0000014a     ELT131_LAB_06_03.obj (.text)
                  00300618    0000013c     md_uart_sci.obj (.text)
                  00300754    00000107     rts2800_fpu32.lib : ll_div28.obj (.text)
                  0030085b    000000f8     DSP2833x_SysCtrl.obj (.text)
                  00300953    000000ec     app_03_p28FP.o28FP (.text:_ti_uia_loggers_LoggerStopMode_write8__E)
                  00300a3f    000000ec     app_03_p28FP.o28FP (.text:_ti_uia_loggers_LoggerStopMode_writeMemoryRange__E)
                  00300b2b    000000dc     app_03_p28FP.o28FP (.text:_ti_uia_loggers_LoggerStopMode_write4__E)
                  00300c07    000000d0     app_03_p28FP.o28FP (.text:_ti_uia_loggers_LoggerStopMode_write2__E)
                  00300cd7    000000c9     md_epwm.obj (.text)
                  00300da0    000000c8     app_03_p28FP.o28FP (.text:_ti_uia_loggers_LoggerStopMode_write1__E)
                  00300e68    000000c3     ti.targets.rts2800.a28FP : Core-mem.o28FP (.text:_xdc_runtime_Core_createObject__I)
                  00300f2b    000000c0     app_03_p28FP.o28FP (.text:_xdc_runtime_System_printfExtend__I)
                  00300feb    000000bb     app_03_p28FP.o28FP (.text:_ti_uia_loggers_LoggerStopMode_write0__E)
                  003010a6    000000a3     sysbios.a28FP : BIOS.obj (.text:_ti_sysbios_family_c28_Hwi_dispatchCore__I)
                  00301149    000000a3                   : BIOS.obj (.text:_ti_sysbios_knl_Semaphore_pend__E)
                  003011ec    000000a2                   : BIOS.obj (.text:_ti_sysbios_heaps_HeapMem_alloc__E)
                  0030128e    0000009c     ti.targets.rts2800.a28FP : Core-smem.o28FP (.text:_xdc_runtime_Core_constructObject__I)
                  0030132a    0000009c                              : Error.o28FP (.text:_xdc_runtime_Error_policyDefault__E)
                  003013c6    0000009b     sysbios.a28FP : c28_Hwi_disp_asm.obj (.text:_ti_sysbios_family_c28_Hwi_dispatch)
                  00301461    00000097     md_bsp_explorer.obj (.text)
                  003014f8    00000094     rts2800_fpu32.lib : trgmsg.obj (.text)
                  0030158c    0000008d     sysbios.a28FP : BIOS.obj (.text:_ti_sysbios_knl_Task_startCore__E)
                  00301619    0000008b                   : BIOS.obj (.text:_ti_sysbios_family_c28_Hwi_clearInterrupt__E)
                  003016a4    00000088     rts2800_fpu32.lib : fs_div28.obj (.text)
                  0030172c    00000083     sysbios.a28FP : BIOS.obj (.text:_ti_sysbios_knl_Task_schedule__I)
                  003017af    0000007d     ti.uia.loggers.a28FP : LoggerStopMode.o28FP (.text:_ti_uia_loggers_LoggerStopMode_flush__E)
                  0030182c    0000007d     ti.targets.rts2800.a28FP : Startup.o28FP (.text:_xdc_runtime_Startup_startMods__I)
                  003018a9    0000007d     md_uart_sci.obj (.text:retain)
                  00301926    00000074     sysbios.a28FP : BIOS.obj (.text:_ti_sysbios_utils_Load_updateLoads__E)
                  0030199a    00000073     DSP2833x_CpuTimers.obj (.text)
                  00301a0d    00000073     sysbios.a28FP : BIOS.obj (.text:_ti_sysbios_knl_Task_checkStacks__E)
                  00301a80    0000006f     ti.targets.rts2800.a28FP : Text.o28FP (.text:_xdc_runtime_Text_putSite__E)
                  00301aef    0000006e     sysbios.a28FP : BIOS.obj (.text:_ti_sysbios_knl_Task_postInit__I)
                  00301b5d    0000006d                   : BIOS.obj (.text:_ti_sysbios_knl_Task_exit__E)
                  00301bca    0000006d                   : BIOS.obj (.text:_ti_sysbios_knl_Task_unblockI__E)
                  00301c37    00000068     md_spi.obj (.text:retain)
                  00301c9f    00000066     sysbios.a28FP : BIOS.obj (.text:_ti_sysbios_family_c28_Timer_stopAndClear__I)
                  00301d05    00000063     boot.a28FP : boot_cg.o28FP (.text)
                  00301d68    00000062     sysbios.a28FP : BIOS.obj (.text:_ti_sysbios_knl_Semaphore_post__E)
                  00301dca    00000060                   : BIOS.obj (.text:_ti_sysbios_knl_Task_blockI__E)
                  00301e2a    00000060                   : BIOS.obj (.text:_ti_sysbios_utils_Load_logLoads__I)
                  00301e8a    0000005d                   : BIOS.obj (.text:_ti_sysbios_utils_Load_updateThreadContexts__E)
                  00301ee7    00000059                   : BIOS.obj (.text:_ti_sysbios_heaps_HeapMem_free__E)
                  00301f40    00000058     ti.uia.loggers.a28FP : LoggerStopMode.o28FP (.text:_ti_uia_loggers_LoggerStopMode_initQueueDescriptor__E)
                  00301f98    00000057     ti.targets.rts2800.a28FP : Memory.o28FP (.text:_xdc_runtime_Memory_alloc__E)
                  00301fef    0000004f                              : Text.o28FP (.text:_xdc_runtime_Text_putLab__E)
                  0030203e    00000047     sysbios.a28FP : BIOS.obj (.text:_ti_sysbios_family_c28_Hwi_Module_startup__E)
                  00302085    00000047                   : BIOS.obj (.text:_ti_sysbios_knl_Task_Module_startup__E)
                  003020cc    00000046     ti.targets.rts2800.a28FP : Core-mem.o28FP (.text:_xdc_runtime_Core_deleteObject__I)
                  00302112    00000045     md_bsp_explorer.obj (.text:retain)
                  00302157    00000043     sysbios.a28FP : BIOS.obj (.text:_ti_sysbios_family_c28_Timer_postInit__I)
                  0030219a    00000042                   : BIOS.obj (.text:_ti_sysbios_family_c28_Hwi_unPluggedInterrupt__I)
                  003021dc    00000042                   : BIOS.obj (.text:_ti_sysbios_utils_Load_addTask__E)
                  0030221e    00000042                   : BIOS.obj (.text:_ti_sysbios_utils_Load_taskCreateHook__E)
                  00302260    00000041                   : BIOS.obj (.text:_ti_sysbios_utils_Load_idleFxn__E)
                  003022a1    0000003f     ti.targets.rts2800.a28FP : System.o28FP (.text:_xdc_runtime_System_formatNum__I)
                  003022e0    0000003e                              : Text.o28FP (.text:_xdc_runtime_Text_putMod__E)
                  0030231e    0000003d     ti.uia.runtime.a28FP : QueueDescriptor.o28FP (.text:_ti_uia_runtime_QueueDescriptor_addToList__E)
                  0030235b    0000003d     ti.targets.rts2800.a28FP : Core-params.o28FP (.text:_xdc_runtime_Core_assignParams__I)
                  00302398    0000003a     sysbios.a28FP : BIOS.obj (.text:_ti_sysbios_family_c28_TaskSupport_start__E)
                  003023d2    0000003a                   : BIOS.obj (.text:_ti_sysbios_utils_Load_updateCurrentThreadTime__E)
                  0030240c    00000037                   : BIOS.obj (.text:_ti_sysbios_utils_Load_logCPULoad__I)
                  00302443    00000033                   : BIOS.obj (.text:_ti_sysbios_family_c28_Hwi_enableInterrupt__E)
                  00302476    00000033                   : BIOS.obj (.text:_ti_sysbios_utils_Load_taskSwitchHook__E)
                  003024a9    00000032                   : BIOS.obj (.text:_ti_sysbios_heaps_HeapMem_Instance_init__E)
                  003024db    00000032     ti.targets.rts2800.a28FP : Assert.o28FP (.text:_xdc_runtime_Assert_raise__I)
                  0030250d    00000031                              : Startup.o28FP (.text:_xdc_runtime_Startup_exec__E)
                  0030253e    00000030     ti.uia.loggers.a28FP : LoggerStopMode.o28FP (.text:_ti_uia_loggers_LoggerStopMode_Module_startup__E)
                  0030256e    00000030     ti.targets.rts2800.a28FP : Error.o28FP (.text:_xdc_runtime_Error_setX__E)
                  0030259e    0000002e     Boot.a28FP : Boot.o28FP (.text:.bootCodeSection:_ti_catalog_c2800_init_Boot_configurePll2802x)
                  003025cc    0000002e     ti.targets.rts2800.a28FP : Error.o28FP (.text:_xdc_runtime_Error_print__E)
                  003025fa    0000002d     sysbios.a28FP : BIOS.obj (.text:_ti_sysbios_family_c28_Hwi_getInterruptFlag__E)
                  00302627    0000002d                   : BIOS.obj (.text:_ti_sysbios_heaps_HeapMem_getStats__E)
                  00302654    0000002c                   : BIOS.obj (.text:_ti_sysbios_family_c28_Hwi_getStackInfo__E)
                  00302680    0000002c                   : BIOS.obj (.text:_ti_sysbios_family_c28_Timer_start__E)
                  003026ac    0000002b                   : BIOS.obj (.text:_ti_sysbios_family_c28_Hwi_disablePIEIER__E)
                  003026d7    0000002a                   : BIOS.obj (.text:_ti_sysbios_family_c28_Hwi_enablePIEIER__E)
                  00302701    0000002a     ti.uia.loggers.a28FP : LoggerStopMode.o28FP (.text:_ti_uia_loggers_LoggerStopMode_reset__E)
                  0030272b    00000029     sysbios.a28FP : BIOS.obj (.text:_ti_sysbios_family_c28_Timer_getExpiredCounts64__E)
                  00302754    00000029                   : BIOS.obj (.text:_ti_sysbios_utils_Load_taskDeleteHook__E)
                  0030277d    00000029     ti.targets.rts2800.a28FP : SysMin.o28FP (.text:_xdc_runtime_SysMin_flush__E)
                  003027a6    00000029                              : Text.o28FP (.text:_xdc_runtime_Text_xprintf__I)
                  003027cf    00000029     rts2800_fpu32.lib : exit.obj (.text)
                  003027f8    00000027     sysbios.a28FP : BIOS.obj (.text:_ti_sysbios_heaps_HeapMem_init__I)
                  0030281f    00000027                   : BIOS.obj (.text:_ti_sysbios_utils_Load_removeTask__E)
                  00302846    00000025                   : c28_TaskSupport_asm.obj (.text:_ti_sysbios_family_c28_TaskSupport_buildTaskStack)
                  0030286b    00000025     ti.uia.loggers.a28FP : LoggerStopMode.o28FP (.text:_ti_uia_loggers_LoggerStopMode_initBuffer__I)
                  00302890    00000024     sysbios.a28FP : BIOS.obj (.text:_ti_sysbios_family_c28_Hwi_disableInterrupt__E)
                  003028b4    00000024                   : BIOS.obj (.text:_ti_sysbios_utils_Load_startup__E)
                  003028d8    00000024     ti.targets.rts2800.a28FP : System.o28FP (.text:_xdc_runtime_System_processAtExit__E)
                  003028fc    00000024     rts2800_fpu32.lib : cpy_tbl.obj (.text)
                  00302920    00000021     sysbios.a28FP : BIOS.obj (.text:_ti_sysbios_knl_Task_allBlockedFunction__I)
                  00302941    00000021     ti.targets.rts2800.a28FP : System.o28FP (.text:_xdc_runtime_System_atexit__E)
                  00302962    00000020     sysbios.a28FP : BIOS.obj (.text:_ti_sysbios_family_c28_Timer_setPrescale__E)
                  00302982    0000001e     app_03_p28FP.o28FP (.text:_ti_sysbios_gates_GateHwi_Object__create__S)
                  003029a0    0000001e     app_03_p28FP.o28FP (.text:_ti_sysbios_gates_GateMutex_Object__create__S)
                  003029be    0000001e     app_03_p28FP.o28FP (.text:_ti_sysbios_heaps_HeapMem_Object__create__S)
                  003029dc    0000001e     app_03_p28FP.o28FP (.text:_ti_uia_loggers_LoggerStopMode_Object__create__S)
                  003029fa    0000001e     ti.targets.rts2800.a28FP : SysMin.o28FP (.text:_xdc_runtime_SysMin_putch__E)
                  00302a18    0000001e     rts2800_fpu32.lib : memcpy.obj (.text)
                  00302a36    0000001e                       : strncpy.obj (.text)
                  00302a54    0000001d     sysbios.a28FP : c28_TaskSupport_asm.obj (.text:_ti_sysbios_family_c28_TaskSupport_swap__E)
                  00302a71    0000001d     app_03_p28FP.o28FP (.text:_ti_sysbios_knl_Semaphore_construct)
                  00302a8e    0000001c     sysbios.a28FP : BIOS.obj (.text:_ti_sysbios_hal_Hwi_checkStack)
                  00302aaa    0000001c     app_03_p28FP.o28FP (.text:_xdc_runtime_SysMin_output__I)
                  00302ac6    0000001b     sysbios.a28FP : c28_Hwi_asm.obj (.text:_ti_sysbios_family_c28_Hwi_switchAndDispatch__I)
                  00302ae1    0000001b                   : BIOS.obj (.text:_ti_sysbios_hal_Hwi_initStack)
                  00302afc    0000001b                   : BIOS.obj (.text:_ti_sysbios_knl_Task_processVitalTaskFlag__I)
                  00302b17    0000001a     ti.targets.rts2800.a28FP : Core-label.o28FP (.text:_xdc_runtime_Core_assignLabel__I)
                  00302b31    0000001a                              : System.o28FP (.text:_xdc_runtime_System_avprintf__E)
                  00302b4b    0000001a                              : System.o28FP (.text:_xdc_runtime_System_putchar__I)
                  00302b65    00000019     sysbios.a28FP : BIOS.obj (.text:_ti_sysbios_gates_GateMutex_enter__E)
                  00302b7e    00000019     app_03_p28FP.o28FP (.text:_ti_sysbios_knl_Queue_construct)
                  00302b97    00000019     ti.targets.rts2800.a28FP : System.o28FP (.text:_xdc_runtime_System_vprintf__E)
                  00302bb0    00000019                              : Text.o28FP (.text:_xdc_runtime_Text_printVisFxn__I)
                  00302bc9    00000019     rts2800_fpu32.lib : args_main.obj (.text)
                  00302be2    00000018     sysbios.a28FP : BIOS.obj (.text:_ti_sysbios_utils_Load_getTaskLoad__E)
                  00302bfa    00000018     ti.targets.rts2800.a28FP : LoggerBuf.o28FP (.text:_xdc_runtime_LoggerBuf_Module_startup__E)
                  00302c12    00000018                              : LoggerBuf.o28FP (.text:_xdc_runtime_LoggerBuf_reset__E)
                  00302c2a    00000017     sysbios.a28FP : BIOS.obj (.text:_ti_sysbios_family_c28_Timer_startup__E)
                  00302c41    00000017     ti.targets.rts2800.a28FP : Memory.o28FP (.text:_xdc_runtime_Memory_valloc__E)
                  00302c58    00000016     sysbios.a28FP : BIOS.obj (.text:_ti_sysbios_family_c28_Timer_Module_startup__E)
                  00302c6e    00000016     ti.targets.rts2800.a28FP : SysMin.o28FP (.text:_xdc_runtime_SysMin_abort__E)
                  00302c84    00000015     sysbios.a28FP : BIOS.obj (.text:_ti_sysbios_family_c28_Hwi_dispatchC__I)
                  00302c99    00000015                   : BIOS.obj (.text:_ti_sysbios_knl_Semaphore_Instance_init__E)
                  00302cae    00000014     app_03_p28FP.o28FP (.text:_ti_sysbios_BIOS_atExitFunc__I)
                  00302cc2    00000014     sysbios.a28FP : BIOS.obj (.text:_ti_sysbios_knl_Idle_run__E)
                  00302cd6    00000013     app_03_p28FP.o28FP (.text:_ti_sysbios_gates_GateMutex_Object__delete__S)
                  00302ce9    00000013     ti.uia.loggers.a28FP : LoggerStopMode.o28FP (.text:_ti_uia_loggers_LoggerStopMode_Instance_init__E)
                  00302cfc    00000013     ti.targets.rts2800.a28FP : Error.o28FP (.text:_xdc_runtime_Error_raiseX__E)
                  00302d0f    00000013                              : Text.o28FP (.text:_xdc_runtime_Text_cordText__E)
                  00302d22    00000012     app_03_p28FP.o28FP (.text:_ti_sysbios_gates_GateHwi_Object__delete__S)
                  00302d34    00000012     app_03_p28FP.o28FP (.text:_ti_sysbios_heaps_HeapMem_Object__delete__S)
                  00302d46    00000012     sysbios.a28FP : BIOS.obj (.text:_ti_sysbios_knl_Task_restore__E)
                  00302d58    00000012     app_03_p28FP.o28FP (.text:_ti_uia_loggers_LoggerStopMode_Object__delete__S)
                  00302d6a    00000011     app_03_p28FP.o28FP (.text:_ti_sysbios_BIOS_errorRaiseHook__I)
                  00302d7b    00000011     sysbios.a28FP : BIOS.obj (.text:_ti_sysbios_family_c28_TimestampProvider_get64__E)
                  00302d8c    00000010                   : BIOS.obj (.text:_ti_sysbios_family_c28_Timer_stop__E)
                  00302d9c    00000010     ti.targets.rts2800.a28FP : SysMin.o28FP (.text:_xdc_runtime_SysMin_Module_startup__E)
                  00302dac    0000000f     Boot.a28FP : Boot.o28FP (.text:.bootCodeSection:_ti_catalog_c2800_init_Boot_disableWatchdog)
                  00302dbb    0000000f     app_03_p28FP.o28FP (.text:_ti_sysbios_BIOS_removeRTSLock__I)
                  00302dca    0000000f     app_03_p28FP.o28FP (.text:_ti_sysbios_BIOS_startFunc__I)
                  00302dd9    0000000f     sysbios.a28FP : BIOS.obj (.text:_ti_sysbios_gates_GateMutex_Instance_init__E)
                  00302de8    0000000f     ti.targets.rts2800.a28FP : Registry.o28FP (.text:_xdc_runtime_Registry_findById__E)
                  00302df7    0000000e     app_03_p28FP.o28FP (.text:_ti_sysbios_heaps_HeapMem_Object__get__S)
                  00302e05    0000000e     app_03_p28FP.o28FP (.text:_ti_sysbios_knl_Semaphore_Object__destruct__S)
                  00302e13    0000000e     app_03_p28FP.o28FP (.text:_ti_sysbios_knl_Task_Object__get__S)
                  00302e21    0000000e     app_03_p28FP.o28FP (.text:_ti_uia_loggers_LoggerStopMode_Object__get__S)
                  00302e2f    0000000e     ti.uia.loggers.a28FP : LoggerStopMode.o28FP (.text:_ti_uia_loggers_LoggerStopMode_enable__E)
                  00302e3d    0000000d     app_03_p28FP.o28FP (.text:_ti_sysbios_BIOS_registerRTSLock__I)
                  00302e4a    0000000d     app_03_p28FP.o28FP (.text:_ti_sysbios_BIOS_rtsLock__I)
                  00302e57    0000000d     app_03_p28FP.o28FP (.text:_ti_sysbios_gates_GateHwi_Handle__label__S)
                  00302e64    0000000d     app_03_p28FP.o28FP (.text:_ti_sysbios_gates_GateMutex_Handle__label__S)
                  00302e71    0000000d     app_03_p28FP.o28FP (.text:_ti_sysbios_heaps_HeapMem_Handle__label__S)
                  00302e7e    0000000d     app_03_p28FP.o28FP (.text:_ti_sysbios_knl_Queue_Object__destruct__S)
                  00302e8b    0000000d     sysbios.a28FP : BIOS.obj (.text:_ti_sysbios_knl_Task_enter__I)
                  00302e98    0000000d     app_03_p28FP.o28FP (.text:_ti_uia_loggers_LoggerStopMode_Handle__label__S)
                  00302ea5    0000000d     ti.uia.loggers.a28FP : LoggerStopMode.o28FP (.text:_ti_uia_loggers_LoggerStopMode_disable__E)
                  00302eb2    0000000d     ti.targets.rts2800.a28FP : System.o28FP (.text:_xdc_runtime_System_abort__E)
                  00302ebf    0000000c     app_03_p28FP.o28FP (.text:_ti_sysbios_BIOS_exitFunc__I)
                  00302ecb    0000000c     app_03_p28FP.o28FP (.text:_ti_sysbios_family_c28_Hwi_disableIER__E)
                  00302ed7    0000000c     sysbios.a28FP : BIOS.obj (.text:_ti_sysbios_family_c28_TimestampProvider_get32__E)
                  00302ee3    0000000c                   : BIOS.obj (.text:_ti_sysbios_gates_GateMutex_leave__E)
                  00302eef    0000000c                   : BIOS.obj (.text:_ti_sysbios_knl_Queue_put__E)
                  00302efb    0000000c     ti.targets.rts2800.a28FP : Error.o28FP (.text:_xdc_runtime_Error_check__E)
                  00302f07    0000000c     rts2800_fpu32.lib : memset.obj (.text)
                  00302f13    0000000b     app_03_p28FP.o28FP (.text:_ti_sysbios_family_c28_Hwi_Module__startupDone__F)
                  00302f1e    0000000b     app_03_p28FP.o28FP (.text:_ti_sysbios_family_c28_Hwi_Object__get__S)
                  00302f29    0000000b     app_03_p28FP.o28FP (.text:_ti_sysbios_family_c28_Hwi_enableIER__E)
                  00302f34    0000000b     app_03_p28FP.o28FP (.text:_ti_sysbios_knl_Queue_Object__get__S)
                  00302f3f    0000000b     app_03_p28FP.o28FP (.text:_ti_sysbios_knl_Task_SupportProxy_start__E)
                  00302f4a    0000000b     sysbios.a28FP : BIOS.obj (.text:_ti_sysbios_knl_Task_unblock__E)
                  00302f55    0000000b     ti.targets.rts2800.a28FP : SysMin.o28FP (.text:_xdc_runtime_SysMin_exit__E)
                  00302f60    0000000b                              : System.o28FP (.text:_xdc_runtime_System_exit__E)
                  00302f6b    0000000a     app_03_p28FP.o28FP (.text:_xdc_runtime_LoggerBuf_Object__get__S)
                  00302f75    0000000a     ti.targets.rts2800.a28FP : Memory.o28FP (.text:_xdc_runtime_Memory_free__E)
                  00302f7f    0000000a                              : System.o28FP (.text:_xdc_runtime_System_vsnprintf__E)
                  00302f89    0000000a                              : Text.o28FP (.text:_xdc_runtime_Text_ropeText__E)
                  00302f93    00000009     app_03_p28FP.o28FP (.text:_ti_sysbios_BIOS_rtsUnlock__I)
                  00302f9c    00000009     app_03_p28FP.o28FP (.text:_ti_sysbios_family_c28_Hwi_restoreIER__E)
                  00302fa5    00000009     sysbios.a28FP : BIOS.obj (.text:_ti_sysbios_family_c28_TaskSupport_checkStack__E)
                  00302fae    00000009                   : c28_TaskSupport_asm.obj (.text:_ti_sysbios_family_c28_TaskSupport_glue)
                  00302fb7    00000009                   : BIOS.obj (.text:_ti_sysbios_hal_Hwi_Module_startup__E)
                  00302fc0    00000009                   : BIOS.obj (.text:_ti_sysbios_knl_Clock_Module_startup__E)
                  00302fc9    00000009     ti.uia.loggers.a28FP : LoggerStopMode.o28FP (.text:_ti_uia_loggers_LoggerStopMode_isEmpty__E)
                  00302fd2    00000009     app_03_p28FP.o28FP (.text:_xdc_runtime_Startup_exec__I)
                  00302fdb    00000009     rts2800_fpu32.lib : _lock.obj (.text)
                  00302fe4    00000009                       : strcat.obj (.text)
                  00302fed    00000008     sysbios.a28FP : BIOS.obj (.text:_ti_sysbios_BIOS_setThreadType__E)
                  00302ff5    00000008                   : BIOS.obj (.text:_ti_sysbios_gates_GateMutex_Instance_finalize__E)
                  00302ffd    00000008                   : BIOS.obj (.text:_ti_sysbios_knl_Semaphore_Instance_finalize__E)
                  00303005    00000008     app_03_p28FP.o28FP (.text:_xdc_runtime_IHeap_alloc)
                  0030300d    00000008     ti.targets.rts2800.a28FP : Memory.o28FP (.text:_xdc_runtime_Memory_calloc__E)
                  00303015    00000008                              : SysMin.o28FP (.text:_xdc_runtime_SysMin_ready__E)
                  0030301d    00000008     rts2800_fpu32.lib : strlen.obj (.text)
                  00303025    00000007     app_03_p28FP.o28FP (.text:.bootCodeSection:_ti_catalog_c2800_init_Boot_init)
                  0030302c    00000007     app_03_p28FP.o28FP (.text:_xdc_runtime_System_aprintf__E)
                  00303033    00000007     app_03_p28FP.o28FP (.text:_xdc_runtime_System_printf__E)
                  0030303a    00000006     sysbios.a28FP : BIOS.obj (.text:_ti_sysbios_BIOS_start__E)
                  00303040    00000006                   : c28_IntrinsicsSupport_asm.obj (.text:_ti_sysbios_family_c28_IntrinsicsSupport_maxbit__E)
                  00303046    00000006                   : BIOS.obj (.text:_ti_sysbios_family_c28_TimestampProvider_getFreq__E)
                  0030304c    00000006                   : BIOS.obj (.text:_ti_sysbios_family_c28_TimestampProvider_rolloverFunc__E)
                  00303052    00000006                   : BIOS.obj (.text:_ti_sysbios_family_c28_TimestampProvider_startTimer__E)
                  00303058    00000006                   : BIOS.obj (.text:_ti_sysbios_knl_Task_disable__E)
                  0030305e    00000006     ti.targets.rts2800.a28FP : Gate.o28FP (.text:_xdc_runtime_Gate_enterSystem__E)
                  00303064    00000006                              : Gate.o28FP (.text:_xdc_runtime_Gate_leaveSystem__E)
                  0030306a    00000005     sysbios.a28FP : BIOS.obj (.text:_ti_sysbios_family_c28_Hwi_switchFromBootStack__E)
                  0030306f    00000005                   : BIOS.obj (.text:_ti_sysbios_gates_GateHwi_enter__E)
                  00303074    00000005     ti.targets.rts2800.a28FP : Error.o28FP (.text:_xdc_runtime_Error_init__E)
                  00303079    00000005     rts2800_fpu32.lib : strcpy.obj (.text)
                  0030307e    00000004     app_03_p28FP.o28FP (.text:_ti_sysbios_family_c28_Hwi_disable__E)
                  00303082    00000004     app_03_p28FP.o28FP (.text:_ti_sysbios_family_c28_Hwi_startup__E)
                  00303086    00000004     sysbios.a28FP : BIOS.obj (.text:_ti_sysbios_heaps_HeapMem_isBlocking__E)
                  0030308a    00000004                   : BIOS.obj (.text:_ti_sysbios_utils_Load_taskRegHook__E)
                  0030308e    00000004     app_03_p28FP.o28FP (.text:_xdc_runtime_IHeap_free)
                  00303092    00000004     ti.targets.rts2800.a28FP : Memory.o28FP (.text:_xdc_runtime_Memory_getMaxDefaultTypeAlign__E)
                  00303096    00000003                              : xdc_noinit.o28FP (.text:___xdc__init)
                  00303099    00000003     app_03_p28FP.o28FP (.text:_ti_catalog_c2800_init_Boot_limpAbort)
                  0030309c    00000003     app_03_p28FP.o28FP (.text:_ti_sysbios_BIOS_RtsGateProxy_enter__E)
                  0030309f    00000003     app_03_p28FP.o28FP (.text:_ti_sysbios_BIOS_RtsGateProxy_leave__E)
                  003030a2    00000003     sysbios.a28FP : c28_Hwi_asm.obj (.text:_ti_sysbios_family_c28_Hwi_getIFR__I)
                  003030a5    00000003     app_03_p28FP.o28FP (.text:_ti_sysbios_family_c28_Hwi_restore__E)
                  003030a8    00000003     sysbios.a28FP : BIOS.obj (.text:_ti_sysbios_family_c28_TimestampProvider_Module_startup__E)
                  003030ab    00000003                   : BIOS.obj (.text:_ti_sysbios_gates_GateHwi_leave__E)
                  003030ae    00000003     app_03_p28FP.o28FP (.text:_ti_sysbios_hal_Hwi_HwiProxy_getStackInfo__E)
                  003030b1    00000003     app_03_p28FP.o28FP (.text:_ti_sysbios_hal_Hwi_HwiProxy_switchFromBootStack__E)
                  003030b4    00000003     sysbios.a28FP : BIOS.obj (.text:_ti_sysbios_hal_Hwi_startup__E)
                  003030b7    00000003     app_03_p28FP.o28FP (.text:_ti_sysbios_heaps_HeapMem_Module_GateProxy_enter__E)
                  003030ba    00000003     app_03_p28FP.o28FP (.text:_ti_sysbios_heaps_HeapMem_Module_GateProxy_leave__E)
                  003030bd    00000003     app_03_p28FP.o28FP (.text:_ti_sysbios_heaps_HeapMem_Module_GateProxy_query__E)
                  003030c0    00000003     sysbios.a28FP : BIOS.obj (.text:_ti_sysbios_knl_Idle_loop__E)
                  003030c3    00000003                   : BIOS.obj (.text:_ti_sysbios_knl_Queue_Instance_init__E)
                  003030c6    00000003     app_03_p28FP.o28FP (.text:_ti_sysbios_knl_Queue_destruct)
                  003030c9    00000003     app_03_p28FP.o28FP (.text:_ti_sysbios_knl_Semaphore_destruct)
                  003030cc    00000003     sysbios.a28FP : BIOS.obj (.text:_ti_sysbios_knl_Swi_Module_startup__E)
                  003030cf    00000003     app_03_p28FP.o28FP (.text:_ti_sysbios_knl_Task_SupportProxy_checkStack__E)
                  003030d2    00000003     app_03_p28FP.o28FP (.text:_ti_sysbios_knl_Task_SupportProxy_swap__E)
                  003030d5    00000003     sysbios.a28FP : BIOS.obj (.text:_ti_sysbios_knl_Task_startup__E)
                  003030d8    00000003     app_03_p28FP.o28FP (.text:_ti_sysbios_utils_Load_update__E)
                  003030db    00000003     ti.uia.loggers.a28FP : LoggerStopMode.o28FP (.text:_ti_uia_loggers_LoggerStopMode_getMaxLength__E)
                  003030de    00000003     app_03_p28FP.o28FP (.text:_xdc_runtime_System_Module_GateProxy_enter__E)
                  003030e1    00000003     app_03_p28FP.o28FP (.text:_xdc_runtime_System_Module_GateProxy_leave__E)
                  003030e4    00000003     ti.targets.rts2800.a28FP : System.o28FP (.text:_xdc_runtime_System_Module_startup__E)
                  003030e7    00000003     app_03_p28FP.o28FP (.text:_xdc_runtime_System_SupportProxy_abort__E)
                  003030ea    00000003     app_03_p28FP.o28FP (.text:_xdc_runtime_System_SupportProxy_exit__E)
                  003030ed    00000003     app_03_p28FP.o28FP (.text:_xdc_runtime_System_SupportProxy_putch__E)
                  003030f0    00000003     app_03_p28FP.o28FP (.text:_xdc_runtime_System_SupportProxy_ready__E)
                  003030f3    00000003     ti.targets.rts2800.a28FP : System.o28FP (.text:_xdc_runtime_System_abortStd__E)
                  003030f6    00000003                              : System.o28FP (.text:_xdc_runtime_System_exitStd__E)
                  003030f9    00000003     app_03_p28FP.o28FP (.text:_xdc_runtime_Text_visitRope__I)
                  003030fc    00000003     app_03_p28FP.o28FP (.text:_xdc_runtime_Timestamp_SupportProxy_get32__E)
                  003030ff    00000003     app_03_p28FP.o28FP (.text:_xdc_runtime_Timestamp_SupportProxy_get64__E)
                  00303102    00000003     app_03_p28FP.o28FP (.text:_xdc_runtime_Timestamp_SupportProxy_getFreq__E)
                  00303105    00000003     ti.targets.rts2800.a28FP : Timestamp.o28FP (.text:_xdc_runtime_Timestamp_get32__E)
                  00303108    00000003                              : Timestamp.o28FP (.text:_xdc_runtime_Timestamp_get64__E)
                  0030310b    00000003                              : Timestamp.o28FP (.text:_xdc_runtime_Timestamp_getFreq__E)
                  0030310e    00000002     Boot.a28FP : Boot.o28FP (.text:_ti_catalog_c2800_init_Boot_defaultLimpAbortFunction)
                  00303110    00000002     app_03_p28FP.o28FP (.text:_ti_sysbios_family_c28_TaskSupport_Module__startupDone__S)
                  00303112    00000002     sysbios.a28FP : BIOS.obj (.text:_ti_sysbios_gates_GateHwi_query__E)
                  00303114    00000002                   : BIOS.obj (.text:_ti_sysbios_gates_GateMutex_query__E)
                  00303116    00000002     app_03_p28FP.o28FP (.text:_ti_sysbios_hal_TimerNull_Module__startupDone__S)
                  00303118    00000002     ti.uia.loggers.a28FP : LoggerStopMode.o28FP (.text:_ti_uia_loggers_LoggerStopMode_getContents__E)
                  0030311a    00000002     app_03_p28FP.o28FP (.text:_ti_uia_loggers_LoggerStopMode_getFilterLevel__E)
                  0030311c    00000002     ti.uia.loggers.a28FP : LoggerStopMode.o28FP (.text:_ti_uia_loggers_LoggerStopMode_getInstanceId__E)
                  0030311e    00000002                          : LoggerStopMode.o28FP (.text:_ti_uia_loggers_LoggerStopMode_getPriority__E)
                  00303120    00000002                          : LoggerStopMode.o28FP (.text:_ti_uia_loggers_LoggerStopMode_getTransferType__E)
                  00303122    00000002     ti.targets.rts2800.a28FP : Error.o28FP (.text:_xdc_runtime_Error_getSite__E)
                  00303124    00000001     app_03_p28FP.o28FP (.text:_ti_sysbios_BIOS_nullFunc__I)
                  00303125    00000001     sysbios.a28FP : c28_Hwi_asm.obj (.text:_ti_sysbios_family_c28_Hwi_interruptReturn__I)
                  00303126    00000001                   : BIOS.obj (.text:_ti_sysbios_gates_GateHwi_Instance_init__E)
                  00303127    00000001     app_03_p28FP.o28FP (.text:_ti_uia_loggers_LoggerStopMode_setFilterLevel__E)
                  00303128    00000001     ti.uia.loggers.a28FP : LoggerStopMode.o28FP (.text:_ti_uia_loggers_LoggerStopMode_setPriority__E)

ramfuncs   0    00303ae8    0000001f     RUN ADDR = 000094a2
                  00303ae8    0000001b     DSP2833x_SysCtrl.obj (ramfuncs)
                  00303b03    00000004     DSP2833x_usDelay.obj (ramfuncs)

.stack     1    00000000    00000400     UNINITIALIZED
                  00000000    00000400     --HOLE--

.ebss      1    00008000    000014a2     UNINITIALIZED
                  00008000    00001080     app_03_p28FP.o28FP (.ebss)
                  00009080    00000303     app_03_p28FP.o28FP (.ebss:taskStackSection)
                  00009383    00000001     --HOLE--
                  00009384    0000002e     ELT131_LAB_06_03.obj (.ebss)
                  000093b2    00000008     rts2800_fpu32.lib : trgdrv.obj (.ebss)
                  000093ba    00000006                       : exit.obj (.ebss)
                  000093c0    000000c0     md_uart_sci.obj (.ebss)
                  00009480    00000018     DSP2833x_CpuTimers.obj (.ebss)
                  00009498    00000004     ti.uia.runtime.a28FP : QueueDescriptor.o28FP (.ebss)
                  0000949c    00000002     rts2800_fpu32.lib : _lock.obj (.ebss:__lock)
                  0000949e    00000002                       : _lock.obj (.ebss:__unlock)
                  000094a0    00000002     md_bsp_explorer.obj (.ebss)

.cio       1    00009500    00000120     UNINITIALIZED
                  00009500    00000120     rts2800_fpu32.lib : trgmsg.obj (.cio)

.adc_cal   0    00380080    00000007     NOLOAD SECTION
                  00380080    00000007     DSP2833x_ADC_cal.obj (.adc_cal)

xdc.meta   0    00000000    000000ea     COPY SECTION
                  00000000    000000ea     app_03_p28FP.o28FP (xdc.meta)

xdc.noload 
*          0    00000000    00000000     COPY SECTION

MODULE SUMMARY

       Module                            code    initialized data   uninitialized data
       ------                            ----    ----------------   ------------------
    ./
       ELT131_LAB_06_03.obj              330     76                 46                
    +--+---------------------------------+-------+------------------+--------------------+
       Total:                            330     76                 46                
                                                                                      
    ./MD_F2833x_LIB/
       md_uart_sci.obj                   441     36                 192               
       md_bsp_explorer.obj               220     4                  2                 
       md_epwm.obj                       201     0                  0                 
       md_spi.obj                        104     0                  0                 
    +--+---------------------------------+-------+------------------+--------------------+
       Total:                            966     40                 194               
                                                                                      
    ./bsp/
       DSP2833x_GlobalVariableDefs.obj   0       0                  2423              
       DSP2833x_SysCtrl.obj              302     0                  0                 
       DSP2833x_CpuTimers.obj            115     0                  24                
       DSP2833x_usDelay.obj              8       0                  0                 
       DSP2833x_ADC_cal.obj              7       0                  0                 
    +--+---------------------------------+-------+------------------+--------------------+
       Total:                            432     0                  2447              
                                                                                      
    /media/data/CODES/ccs7_workspace/ELT131_LAB_06/Debug/configPkg/package/cfg/
       app_03_p28FP.o28FP                2205    2045               4995              
    +--+---------------------------------+-------+------------------+--------------------+
       Total:                            2205    2045               4995              
                                                                                      
    /media/data/CODES/ccs7_workspace/ELT131_LAB_06/src/sysbios/sysbios.a28FP
       BIOS.obj                          3876    28                 0                 
       c28_Hwi_disp_asm.obj              155     0                  0                 
       c28_TaskSupport_asm.obj           75      0                  0                 
       c28_Hwi_asm.obj                   31      0                  0                 
       c28_IntrinsicsSupport_asm.obj     6       0                  0                 
    +--+---------------------------------+-------+------------------+--------------------+
       Total:                            4143    28                 0                 
                                                                                      
    /opt/ti/ccsv7/tools/compiler/ti-cgt-c2000_16.12.0.STS/lib/rts2800_fpu32.lib
       trgdrv.obj                        636     0                  8                 
       trgmsg.obj                        148     0                  288               
       ll_div28.obj                      263     0                  0                 
       fs_div28.obj                      136     0                  0                 
       exit.obj                          41      14                 6                 
       cpy_tbl.obj                       36      0                  0                 
       memcpy.obj                        30      0                  0                 
       strncpy.obj                       30      0                  0                 
       args_main.obj                     25      0                  0                 
       _lock.obj                         9       10                 4                 
       memset.obj                        12      0                  0                 
       strcat.obj                        9       0                  0                 
       strlen.obj                        8       0                  0                 
       strcpy.obj                        5       0                  0                 
    +--+---------------------------------+-------+------------------+--------------------+
       Total:                            1388    24                 306               
                                                                                      
    /opt/ti/tirtos_c2000_2_16_01_14/products/bios_6_45_02_31/packages/ti/catalog/c2800/init/lib/Boot.a28FP
       Boot.o28FP                        63      0                  0                 
       Boot_asm.o28FP                    2       0                  0                 
    +--+---------------------------------+-------+------------------+--------------------+
       Total:                            65      0                  0                 
                                                                                      
    /opt/ti/tirtos_c2000_2_16_01_14/products/bios_6_45_02_31/packages/ti/targets/rts2800/lib/boot.a28FP
       boot_cg.o28FP                     99      0                  0                 
    +--+---------------------------------+-------+------------------+--------------------+
       Total:                            99      0                  0                 
                                                                                      
    /opt/ti/tirtos_c2000_2_16_01_14/products/bios_6_45_02_31/packages/ti/targets/rts2800/lib/ti.targets.rts2800.a28FP
       System.o28FP                      846     25                 0                 
       Text.o28FP                        347     67                 0                 
       Error.o28FP                       288     88                 0                 
       Core-mem.o28FP                    265     0                  0                 
       Startup.o28FP                     174     42                 0                 
       Core-smem.o28FP                   156     0                  0                 
       Memory.o28FP                      132     0                  0                 
       SysMin.o28FP                      128     0                  0                 
       Log.o28FP                         0       71                 0                 
       Core-params.o28FP                 61      0                  0                 
       Assert.o28FP                      50      5                  0                 
       LoggerBuf.o28FP                   48      0                  0                 
       Core-label.o28FP                  26      0                  0                 
       Registry.o28FP                    15      0                  0                 
       Gate.o28FP                        12      0                  0                 
       Timestamp.o28FP                   9       0                  0                 
       xdc_noinit.o28FP                  3       0                  0                 
    +--+---------------------------------+-------+------------------+--------------------+
       Total:                            2560    298                0                 
                                                                                      
    /opt/ti/tirtos_c2000_2_16_01_14/products/uia_2_00_05_50/packages/ti/uia/loggers/lib/release/ti.uia.loggers.a28FP
       LoggerStopMode.o28FP              407     0                  0                 
    +--+---------------------------------+-------+------------------+--------------------+
       Total:                            407     0                  0                 
                                                                                      
    /opt/ti/tirtos_c2000_2_16_01_14/products/uia_2_00_05_50/packages/ti/uia/runtime/lib/release/ti.uia.runtime.a28FP
       QueueDescriptor.o28FP             61      9                  4                 
    +--+---------------------------------+-------+------------------+--------------------+
       Total:                            61      9                  4                 
                                                                                      
       Stack:                            0       0                  1024              
    +--+---------------------------------+-------+------------------+--------------------+
       Grand Total:                      12656   2520               9016              


GLOBAL DATA SYMBOLS: SORTED BY DATA PAGE

address     data page           name
--------    ----------------    ----
00000000       0 (00000000)     ___ISA__
00000000       0 (00000000)     __stack
00000013       0 (00000000)     ___TARG__
00000037       0 (00000000)     ___PLAT__

0000005d       1 (00000040)     ___TRDR__

00000084       2 (00000080)     ___ASM__

00000880      22 (00000880)     _DevEmuRegs

00000a80      2a (00000a80)     _FlashRegs

00000ae0      2b (00000ac0)     _CsmRegs

00000b00      2c (00000b00)     _AdcMirror
00000b20      2c (00000b00)     _XintfRegs

00000c00      30 (00000c00)     _CpuTimer0Regs
00000c08      30 (00000c00)     _CpuTimer1Regs
00000c10      30 (00000c00)     _CpuTimer2Regs

00000ce0      33 (00000cc0)     _PieCtrlRegs

00000d00      34 (00000d00)     _PieVectTable

00001000      40 (00001000)     _DmaRegs

00005000     140 (00005000)     _McbspaRegs

00005040     141 (00005040)     _McbspbRegs

00006000     180 (00006000)     _ECanaRegs

00006040     181 (00006040)     _ECanaLAMRegs

00006080     182 (00006080)     _ECanaMOTSRegs

000060c0     183 (000060c0)     _ECanaMOTORegs

00006100     184 (00006100)     _ECanaMboxes

00006200     188 (00006200)     _ECanbRegs

00006240     189 (00006240)     _ECanbLAMRegs

00006280     18a (00006280)     _ECanbMOTSRegs

000062c0     18b (000062c0)     _ECanbMOTORegs

00006300     18c (00006300)     _ECanbMboxes

00006800     1a0 (00006800)     _EPwm1Regs

00006840     1a1 (00006840)     _EPwm2Regs

00006880     1a2 (00006880)     _EPwm3Regs

000068c0     1a3 (000068c0)     _EPwm4Regs

00006900     1a4 (00006900)     _EPwm5Regs

00006940     1a5 (00006940)     _EPwm6Regs

00006a00     1a8 (00006a00)     _ECap1Regs
00006a20     1a8 (00006a00)     _ECap2Regs

00006a40     1a9 (00006a40)     _ECap3Regs
00006a60     1a9 (00006a40)     _ECap4Regs

00006a80     1aa (00006a80)     _ECap5Regs
00006aa0     1aa (00006a80)     _ECap6Regs

00006b00     1ac (00006b00)     _EQep1Regs

00006b40     1ad (00006b40)     _EQep2Regs

00006f80     1be (00006f80)     _GpioCtrlRegs

00006fc0     1bf (00006fc0)     _GpioDataRegs
00006fe0     1bf (00006fc0)     _GpioIntRegs

00007010     1c0 (00007000)     _SysCtrlRegs

00007040     1c1 (00007040)     _SpiaRegs
00007050     1c1 (00007040)     _SciaRegs
00007070     1c1 (00007040)     _XIntruptRegs

00007100     1c4 (00007100)     _AdcRegs

00007750     1dd (00007740)     _ScibRegs
00007770     1dd (00007740)     _ScicRegs

00007900     1e4 (00007900)     _I2caRegs

00008000     200 (00008000)     _xdc_runtime_Main_Module__root__V
00008001     200 (00008000)     _xdc_runtime_Error_Module__state__V
00008002     200 (00008000)     _ti_sysbios_utils_Load_Module_State_0_taskStartTime__A
00008004     200 (00008000)     _ti_sysbios_utils_Load_Module_State_0_runningTask__A
00008006     200 (00008000)     ___xdc__init__addr
00008008     200 (00008000)     _xdc_runtime_Memory_Module__state__V
0000800a     200 (00008000)     _ti_sysbios_knl_Task_Instance_State_1_hookEnv__A
0000800c     200 (00008000)     _ti_sysbios_knl_Task_Instance_State_0_hookEnv__A
0000800e     200 (00008000)     _ti_sysbios_gates_GateHwi_Object__table__V
00008010     200 (00008000)     _ti_sysbios_knl_Task_Module_State_0_idleTask__A
00008012     200 (00008000)     _xdc_runtime_LoggerBuf_Module__state__V
00008016     200 (00008000)     _ti_sysbios_knl_Swi_Module_State_0_readyQ__A
0000801a     200 (00008000)     _ti_sysbios_knl_Queue_Module__root__V
0000801e     200 (00008000)     _ti_sysbios_knl_Semaphore_Module__root__V
00008022     200 (00008000)     _ti_sysbios_knl_Swi_Module__root__V
00008026     200 (00008000)     _ti_uia_loggers_LoggerStopMode_Module__root__V
0000802a     200 (00008000)     _xdc_runtime_Startup_Module__state__V
0000802e     200 (00008000)     _ti_uia_loggers_LoggerStopMode_Module__state__V
00008032     200 (00008000)     _ti_sysbios_family_c28_Hwi_Module__root__V
00008036     200 (00008000)     _ti_sysbios_hal_Hwi_Module__root__V
0000803a     200 (00008000)     _xdc_runtime_Registry_Module__state__V

00008040     201 (00008040)     _ti_sysbios_family_c28_Timer_Module__root__V
00008044     201 (00008040)     _ti_sysbios_family_c28_TimestampProvider_Module__state__V
00008048     201 (00008040)     _xdc_runtime_LoggerBuf_Module__root__V
0000804c     201 (00008040)     _ti_sysbios_hal_TimerNull_Module__root__V
00008050     201 (00008040)     _ti_sysbios_heaps_HeapMem_Module__root__V
00008054     201 (00008040)     _ti_sysbios_knl_Clock_Module__root__V
00008058     201 (00008040)     _xdc_runtime_System_Module__state__V
[...]
0     003035a0  _ti_sysbios_knl_Task_LD_ready__C                              
0     003035a2  _ti_sysbios_knl_Task_LM_switch__C                             
0     003035a4  _ti_sysbios_knl_Task_Module_State_inactiveQ__O                
0     003035a6  _ti_sysbios_knl_Task_Module__diagsEnabled__C                  
0     003035a8  _ti_sysbios_knl_Task_Module__diagsIncluded__C                 
0     003035aa  _ti_sysbios_knl_Task_Module__diagsMask__C                     
0     003035ac  _ti_sysbios_knl_Task_Module__loggerFxn2__C                    
0     003035ae  _ti_sysbios_knl_Task_Module__loggerFxn4__C                    
0     003035b0  _ti_sysbios_knl_Task_Module__loggerObj__C                     
0     003035b2  _ti_sysbios_knl_Task_Object__heap__C                          
0     003035b4  _ti_sysbios_knl_Task_allBlockedFunc__C                        
0     003035b6  _ti_sysbios_utils_Load_LS_cpuLoad__C                          
0     003035b8  _ti_sysbios_utils_Load_LS_taskLoad__C                         
0     003035ba  _ti_sysbios_utils_Load_Module_State_taskList__O               
0     003035bc  _ti_sysbios_utils_Load_Module__diagsEnabled__C                
0     003035be  _ti_sysbios_utils_Load_Module__diagsIncluded__C               
0     003035c0  _ti_sysbios_utils_Load_Module__diagsMask__C                   
0     003035c2  _ti_sysbios_utils_Load_Module__loggerFxn1__C                  
0     003035c4  _ti_sysbios_utils_Load_Module__loggerFxn4__C                  
0     003035c6  _ti_sysbios_utils_Load_Module__loggerObj__C                   
0     003035c8  _ti_sysbios_utils_Load_postUpdate__C                          
0     003035ca  _ti_uia_loggers_LoggerStopMode_Module__diagsEnabled__C        
0     003035cc  _ti_uia_loggers_LoggerStopMode_Module__diagsIncluded__C       
0     003035ce  _ti_uia_loggers_LoggerStopMode_Module__diagsMask__C           
0     003035d0  _ti_uia_runtime_ILoggerSnapshot_Interface__BASE__C            
0     003035d2  _ti_uia_runtime_IUIATransfer_Interface__BASE__C               
0     003035d4  _xdc_runtime_Assert_E_assertFailed__C                         
0     003035d6  _xdc_runtime_Core_A_initializedParams__C                      
0     003035d8  _xdc_runtime_Core_Module__diagsEnabled__C                     
0     003035da  _xdc_runtime_Core_Module__diagsIncluded__C                    
0     003035dc  _xdc_runtime_Core_Module__diagsMask__C                        
0     003035de  _xdc_runtime_Error_E_memory__C                                
0     003035e0  _xdc_runtime_Error_Module__diagsEnabled__C                    
0     003035e2  _xdc_runtime_Error_Module__diagsIncluded__C                   
0     003035e4  _xdc_runtime_Error_Module__diagsMask__C                       
0     003035e6  _xdc_runtime_Error_Module__loggerFxn8__C                      
0     003035e8  _xdc_runtime_Error_Module__loggerObj__C                       
0     003035ea  _xdc_runtime_Error_policyFxn__C                               
0     003035ec  _xdc_runtime_Error_raiseHook__C                               
0     003035ee  _xdc_runtime_IFilterLogger_Interface__BASE__C                 
0     003035f0  _xdc_runtime_IGateProvider_Interface__BASE__C                 
0     003035f2  _xdc_runtime_IHeap_Interface__BASE__C                         
0     003035f4  _xdc_runtime_ILogger_Interface__BASE__C                       
0     003035f6  _xdc_runtime_IModule_Interface__BASE__C                       
0     003035f8  _xdc_runtime_Log_L_error__C                                   
0     003035fa  _xdc_runtime_Log_L_info__C                                    
0     003035fc  _xdc_runtime_Main_Module__diagsEnabled__C                     
0     003035fe  _xdc_runtime_Main_Module__diagsIncluded__C                    
0     00303600  _xdc_runtime_Main_Module__diagsMask__C                        
0     00303602  _xdc_runtime_Main_Module__loggerFxn4__C                       
0     00303604  _xdc_runtime_Main_Module__loggerObj__C                        
0     00303606  _xdc_runtime_Memory_defaultHeapInstance__C                    
0     00303608  _xdc_runtime_Startup_execImpl__C                              
0     0030360a  _xdc_runtime_Startup_lastFxns__A                              
0     0030360c  _xdc_runtime_Startup_sfxnRts__C                               
0     0030360e  _xdc_runtime_Startup_sfxnTab__C                               
0     00303610  _xdc_runtime_SysMin_bufSize__C                                
0     00303612  _xdc_runtime_SysMin_outputFunc__C                             
0     00303614  _xdc_runtime_System_Module__gateObj__C                        
0     00303616  _xdc_runtime_System_abortFxn__C                               
0     00303618  _xdc_runtime_System_exitFxn__C                                
0     0030361a  _xdc_runtime_System_extendFxn__C                              
0     0030361c  _xdc_runtime_Text_charTab__C                                  
0     0030361e  _xdc_runtime_Text_nameEmpty__C                                
0     00303620  _xdc_runtime_Text_nameStatic__C                               
0     00303622  _xdc_runtime_Text_nameUnknown__C                              
0     00303624  _xdc_runtime_Text_nodeTab__A                                  
0     00303626  _xdc_runtime_Text_visitRopeFxn__C                             
0     00303628  _ti_sysbios_heaps_HeapMem_Module__id__C                       
0     00303629  _ti_sysbios_heaps_HeapMem_Object__count__C                    
0     0030362a  _ti_sysbios_knl_Semaphore_Module__id__C                       
0     0030362b  _ti_sysbios_knl_Semaphore_Module__loggerDefined__C            
0     0030362c  _ti_sysbios_knl_Task_Module__id__C                            
0     0030362d  _ti_sysbios_knl_Task_Module__loggerDefined__C                 
0     0030362e  _ti_sysbios_knl_Task_Object__count__C                         
0     0030362f  _ti_sysbios_knl_Task_numConstructedTasks__C                   
0     00303630  _ti_sysbios_utils_Load_Module__id__C                          
0     00303631  _ti_sysbios_utils_Load_Module__loggerDefined__C               
0     00303632  _ti_sysbios_utils_Load_autoAddTasks__C                        
0     00303633  _ti_sysbios_utils_Load_updateInIdle__C                        
0     00303634  _ti_sysbios_utils_Load_windowInMs__C                          
0     00303635  _ti_uia_loggers_LoggerStopMode_Module__id__C                  
0     00303636  _ti_uia_loggers_LoggerStopMode_Object__count__C               
0     00303637  _ti_uia_loggers_LoggerStopMode_isTimestampEnabled__C          
0     00303638  _xdc_runtime_Core_Module__id__C                               
0     00303639  _xdc_runtime_Error_Module__loggerDefined__C                   
0     0030363a  _xdc_runtime_Error_maxDepth__C                                
0     0030363b  _xdc_runtime_Error_policy__C                                  
0     0030363c  _xdc_runtime_LoggerBuf_Object__count__C                       
0     0030363d  _xdc_runtime_Main_Module__id__C                               
0     0030363e  _xdc_runtime_Main_Module__loggerDefined__C                    
0     0030363f  _xdc_runtime_Memory_Module__id__C                             
0     00303640  _xdc_runtime_Startup_maxPasses__C                             
0     00303641  _xdc_runtime_SysMin_flushAtExit__C                            
0     00303642  _xdc_runtime_System_maxAtexitHandlers__C                      
0     00303643  _xdc_runtime_Text_charCnt__C                                  
0     00303644  _xdc_runtime_Text_charTab__A                                  
0     00303645  _xdc_runtime_Text_isLoaded__C                                 
0     00303646  _xdc_runtime_Text_registryModsLastId__C                       
0     00303647  _xdc_runtime_Text_unnamedModsLastId__C                        
0     00303648  ___cinit__                                                    
0     00303648  cinit                                                         
0     00303ae8  _RamfuncsLoadStart                                            
0     00303b07  _RamfuncsLoadEnd                                              
0     0033fff6  _ti_catalog_c2800_init_Boot_entry                             
0     00380080  _ADC_cal                                                      
1     00000000  __stack                                                       
1     00000400  __STACK_END                                                   
1     00000880  _DevEmuRegs                                                   
1     00000a80  _FlashRegs                                                    
1     00000ae0  _CsmRegs                                                      
1     00000b00  _AdcMirror                                                    
1     00000b20  _XintfRegs                                                    
1     00000c00  _CpuTimer0Regs                                                
1     00000c08  _CpuTimer1Regs                                                
1     00000c10  _CpuTimer2Regs                                                
1     00000ce0  _PieCtrlRegs                                                  
1     00001000  _DmaRegs                                                      
1     00005000  _McbspaRegs                                                   
1     00005040  _McbspbRegs                                                   
1     00006000  _ECanaRegs                                                    
1     00006040  _ECanaLAMRegs                                                 
1     00006080  _ECanaMOTSRegs                                                
1     000060c0  _ECanaMOTORegs                                                
1     00006100  _ECanaMboxes                                                  
1     00006200  _ECanbRegs                                                    
1     00006240  _ECanbLAMRegs                                                 
1     00006280  _ECanbMOTSRegs                                                
1     000062c0  _ECanbMOTORegs                                                
1     00006300  _ECanbMboxes                                                  
1     00006800  _EPwm1Regs                                                    
1     00006840  _EPwm2Regs                                                    
1     00006880  _EPwm3Regs                                                    
1     000068c0  _EPwm4Regs                                                    
1     00006900  _EPwm5Regs                                                    
1     00006940  _EPwm6Regs                                                    
1     00006a00  _ECap1Regs                                                    
1     00006a20  _ECap2Regs                                                    
1     00006a40  _ECap3Regs                                                    
1     00006a60  _ECap4Regs                                                    
1     00006a80  _ECap5Regs                                                    
1     00006aa0  _ECap6Regs                                                    
1     00006b00  _EQep1Regs                                                    
1     00006b40  _EQep2Regs                                                    
1     00006f80  _GpioCtrlRegs                                                 
1     00006fc0  _GpioDataRegs                                                 
1     00006fe0  _GpioIntRegs                                                  
1     00007010  _SysCtrlRegs                                                  
1     00007040  _SpiaRegs                                                     
1     00007050  _SciaRegs                                                     
1     00007070  _XIntruptRegs                                                 
1     00007100  _AdcRegs                                                      
1     00007750  _ScibRegs                                                     
1     00007770  _ScicRegs                                                     
1     00007900  _I2caRegs                                                     
1     00008000  _xdc_runtime_Main_Module__root__V                             
1     00008001  _xdc_runtime_Error_Module__state__V                           
1     00008002  _ti_sysbios_utils_Load_Module_State_0_taskStartTime__A        
1     00008004  _ti_sysbios_utils_Load_Module_State_0_runningTask__A          
1     00008006  ___xdc__init__addr                                            
1     00008008  _xdc_runtime_Memory_Module__state__V                          
1     0000800a  _ti_sysbios_knl_Task_Instance_State_1_hookEnv__A              
1     0000800c  _ti_sysbios_knl_Task_Instance_State_0_hookEnv__A              
1     0000800e  _ti_sysbios_gates_GateHwi_Object__table__V                    
1     00008010  _ti_sysbios_knl_Task_Module_State_0_idleTask__A               
1     00008012  _xdc_runtime_LoggerBuf_Module__state__V                       
1     00008016  _ti_sysbios_knl_Swi_Module_State_0_readyQ__A                  
1     0000801a  _ti_sysbios_knl_Queue_Module__root__V                         
1     0000801e  _ti_sysbios_knl_Semaphore_Module__root__V                     
1     00008022  _ti_sysbios_knl_Swi_Module__root__V                           
1     00008026  _ti_uia_loggers_LoggerStopMode_Module__root__V                
1     0000802a  _xdc_runtime_Startup_Module__state__V                         
1     0000802e  _ti_uia_loggers_LoggerStopMode_Module__state__V               
1     00008032  _ti_sysbios_family_c28_Hwi_Module__root__V                    
1     00008036  _ti_sysbios_hal_Hwi_Module__root__V                           
1     0000803a  _xdc_runtime_Registry_Module__state__V                        
1     00008040  _ti_sysbios_family_c28_Timer_Module__root__V                  
1     00008044  _ti_sysbios_family_c28_TimestampProvider_Module__state__V     
1     00008048  _xdc_runtime_LoggerBuf_Module__root__V                        
1     0000804c  _ti_sysbios_hal_TimerNull_Module__root__V                     
1     00008050  _ti_sysbios_heaps_HeapMem_Module__root__V                     
1     00008054  _ti_sysbios_knl_Clock_Module__root__V                         
1     00008058  _xdc_runtime_System_Module__state__V                          
1     0000805c  _ti_sysbios_gates_GateHwi_Module__root__V                     
1     00008060  _xdc_runtime_Text_Module__state__V                            
1     00008064  _ti_sysbios_gates_GateMutex_Module__root__V                   
1     00008068  _xdc_runtime_SysMin_Module__state__V                          
1     0000806c  _ti_sysbios_knl_Task_Module__root__V                          
1     00008072  _ti_uia_runtime_QueueDescriptor_Module__state__V              
1     00008078  _ti_sysbios_knl_Event_Module__root__V                         
1     00008080  _ti_sysbios_family_c28_Timer_Module__state__V                 
1     00008088  _xdc_runtime_System_Module_State_0_atexitHandlers__A          
1     00008090  _ti_sysbios_knl_Semaphore_Object__table__V                    
1     0000809a  _ti_sysbios_knl_Swi_Module__state__V                          
1     000080a6  _ti_sysbios_heaps_HeapMem_Object__table__V                    
1     000080c0  _ti_sysbios_family_c28_Hwi_Module__state__V                   
1     000080d0  _ti_sysbios_BIOS_Module__state__V                             
1     00008100  _ti_uia_loggers_LoggerStopMode_Instance_State_2_hdr__A        
1     00008180  _ti_uia_loggers_LoggerStopMode_Instance_State_0_hdr__A        
1     00008200  _ti_uia_loggers_LoggerStopMode_Instance_State_1_hdr__A        
1     00008216  _ti_sysbios_knl_Clock_Module__state__V                        
1     00008240  _ti_sysbios_family_c28_Timer_Object__table__V                 
1     00008258  _ti_sysbios_utils_Load_Module_State_0_taskEnv__A              
1     00008280  _ti_sysbios_gates_GateMutex_Object__table__V                  
1     0000829c  _ti_sysbios_knl_Task_Module__state__V                         
1     000082c0  _ti_sysbios_knl_Task_Module_State_0_readyQ__A                 
1     00008300  _ti_sysbios_family_c28_Hwi_Object__table__V                   
1     00008340  _ti_sysbios_knl_Task_Object__table__V                         
1     000083c0  _ti_sysbios_utils_Load_Module__state__V                       
1     00008440  _ti_uia_loggers_LoggerStopMode_Object__table__V               
1     000084c0  _xdc_runtime_SysMin_Module_State_0_outbuf__A                  
1     00008540  _ti_sysbios_family_c28_Hwi_Module_State_0_dispatchTable__A    
1     00008680  _ti_uia_loggers_LoggerStopMode_Instance_State_0_packetArray__A
1     00008880  _ti_uia_loggers_LoggerStopMode_Instance_State_2_packetArray__A
1     00008c80  _ti_uia_loggers_LoggerStopMode_Instance_State_1_packetArray__A
1     00009080  _ti_sysbios_knl_Task_Instance_State_1_stack__A                
1     00009180  _ti_sysbios_knl_Task_Instance_State_0_stack__A                
1     00009280  _ti_sysbios_heaps_HeapMem_Instance_State_0_buf__A             
1     00009386  _pIdleMsg                                                     
1     00009388  _epwmFreqs                                                    
1     00009392  _idleMsgBuff                                                  
1     000093ba  ___TI_enable_exit_profile_output                              
1     000093bc  ___TI_cleanup_ptr                                             
1     000093be  ___TI_dtors_ptr                                               
1     000093c2  _pUartTxBuff                                                  
1     000093c4  _pUartRxBuff                                                  
1     00009400  _sciaRxBuff                                                   
1     00009440  _sciaTxBuff                                                   
1     00009480  _CpuTimer1                                                    
1     00009488  _CpuTimer2                                                    
1     00009490  _CpuTimer0                                                    
1     00009498  _ti_uia_runtime_QueueDescriptor_gUpdateCount                  
1     0000949a  _ti_uia_runtime_QueueDescriptor_gPtrToFirstDescriptor         
1     0000949c  __lock                                                        
1     0000949e  __unlock                                                      
1     000094a0  _encVal                                                       
1     000094a1  _EncDataReg                                                   
1     00009500  __CIOBUF_                                                     
1     0033fff8  _CsmPwl                                                       
1     00380090  _PartIdRegs                                                   
abs   00000001  _xdc_runtime_Startup__EXECFXN__C                              
abs   00000001  _xdc_runtime_Startup__RESETFXN__C                             
abs   0000001f  _RamfuncsLoadSize                                             
abs   00000400  __STACK_SIZE                                                  
abs   ffffffff  ___TI_pprof_out_hndl                                          
abs   ffffffff  ___TI_prof_data_size                                          
abs   ffffffff  ___TI_prof_data_start                                         
abs   ffffffff  ___binit__                                                    
abs   ffffffff  ___c_args__                                                   
abs   ffffffff  ___pinit__                                                    
abs   ffffffff  binit                                                         
abs   ffffffff  pinit                                                         

[676 symbols]
