******************************************************************************
             TMS320C2000 Linker Unix v16.9.1                   
******************************************************************************
>> Linked Sat May  6 04:24:16 2017

OUTPUT FILE NAME:   <_adc_ex1_soc_software.out>
ENTRY POINT SYMBOL: "_c_int00"  address: 0000b797


MEMORY CONFIGURATION

         name            origin    length      used     unused   attr    fill
----------------------  --------  ---------  --------  --------  ----  --------
PAGE 0:
  BEGIN                 00000000   00000002  00000000  00000002  RWIX
  RAMM0                 00000122   000002de  000002de  00000000  RWIX
  RAMLS0                00008000   00000800  00000167  00000699  RWIX
  RAMLS1                00008800   00000800  00000000  00000800  RWIX
  RAMLS2                00009000   00000800  00000000  00000800  RWIX
  RAMLS3                00009800   00000800  00000000  00000800  RWIX
  RAMLS4                0000a000   00000800  00000000  00000800  RWIX
  RAMD0                 0000b000   00000800  00000800  00000000  RWIX
  RESET                 003fffc0   00000002  00000000  00000002  RWIX

PAGE 1:
  BOOT_RSVD             00000002   00000120  00000000  00000120  RWIX
  RAMM1                 00000400   00000400  00000400  00000000  RWIX
  RAMLS5                0000a800   00000800  0000023b  000005c5  RWIX
  RAMD1                 0000b800   00000800  00000000  00000800  RWIX
  RAMGS0                0000c000   00001000  00000000  00001000  RWIX
  RAMGS1                0000d000   00001000  00000000  00001000  RWIX
  RAMGS2                0000e000   00001000  00000000  00001000  RWIX
  RAMGS3                0000f000   00001000  00000000  00001000  RWIX
  RAMGS4                00010000   00001000  00000000  00001000  RWIX
  RAMGS5                00011000   00001000  00000000  00001000  RWIX
  RAMGS6                00012000   00001000  00000000  00001000  RWIX
  RAMGS7                00013000   00001000  00000000  00001000  RWIX
  RAMGS8                00014000   00001000  00000000  00001000  RWIX
  RAMGS9                00015000   00001000  00000000  00001000  RWIX
  RAMGS10               00016000   00001000  00000000  00001000  RWIX
  RAMGS11               00017000   00001000  00000000  00001000  RWIX
  RAMGS12               00018000   00001000  00000000  00001000  RWIX
  RAMGS13               00019000   00001000  00000000  00001000  RWIX
  RAMGS14               0001a000   00001000  00000000  00001000  RWIX
  RAMGS15               0001b000   00001000  00000000  00001000  RWIX
  CPU2TOCPU1RAM         0003f800   00000400  00000000  00000400  RWIX
  CPU1TOCPU2RAM         0003fc00   00000400  00000000  00000400  RWIX
  CANA_MSG_RAM          00049000   00000800  00000000  00000800  RWIX
  CANB_MSG_RAM          0004b000   00000800  00000000  00000800  RWIX


SECTION ALLOCATION MAP

 output                                  attributes/
section   page    origin      length       input sections
--------  ----  ----------  ----------   ----------------
.cinit     0    00000122    00000022     
                  00000122    0000000e     rts2800_fpu32.lib : exit.obj (.cinit)
                  00000130    00000008     adc_ex1_soc_software.obj (.cinit)
                  00000138    00000005     rts2800_fpu32.lib : _lock.obj (.cinit:__lock)
                  0000013d    00000005                       : _lock.obj (.cinit:__unlock)
                  00000142    00000002     --HOLE-- [fill = 0]

.pinit     0    00000122    00000000     UNINITIALIZED

.reset     0    003fffc0    00000002     DSECT
                  003fffc0    00000002     rts2800_fpu32.lib : boot28.obj (.reset)

.stack     1    00000400    00000400     UNINITIALIZED
                  00000400    00000400     --HOLE--

.econst    1    0000a800    0000022b     
                  0000a800    000000a5     adc_ex1_soc_software.obj (.econst:.string)
                  0000a8a5    00000001     --HOLE-- [fill = 0]
                  0000a8a6    00000069     driverlib.lib : interrupt.obj (.econst:.string)
                  0000a90f    00000001     --HOLE-- [fill = 0]
                  0000a910    00000066                   : sysctl.obj (.econst:.string)
                  0000a976    00000063                   : adc.obj (.econst:.string)
                  0000a9d9    00000001     --HOLE-- [fill = 0]
                  0000a9da    00000034     sci.obj (.econst:.string)
                  0000aa0e    00000013     device.obj (.econst:.string)
                  0000aa21    00000005     adc_ex1_soc_software.obj (.econst:.string:_escRed)
                  0000aa26    00000005     adc_ex1_soc_software.obj (.econst:.string:_escWhite)

.ebss      1    0000aa2c    00000010     UNINITIALIZED
                  0000aa2c    00000006     adc_ex1_soc_software.obj (.ebss)
                  0000aa32    00000006     rts2800_fpu32.lib : exit.obj (.ebss)
                  0000aa38    00000002                       : _lock.obj (.ebss:__lock)
                  0000aa3a    00000002                       : _lock.obj (.ebss:__unlock)

.TI.ramfunc 
*          0    00000144    00000004     
                  00000144    00000004     driverlib.lib : sysctl.obj (.TI.ramfunc)

GETBUFFER 
*          0    0003f800    00000000     DSECT

GETWRITEIDX 
*          0    0003f800    00000000     DSECT

PUTREADIDX 
*          0    0003f800    00000000     DSECT

.text.1    0    00000148    000002b8     
                  00000148    000001da     device.obj (.text)
                  00000322    000000ba     driverlib.lib : sysctl.obj (.text:_SysCtl_setClock)
                  000003dc    00000024     rts2800_fpu32.lib : cpy_tbl.obj (.text)

.text.2    0    00008000    00000167     
                  00008000    00000054     driverlib.lib : interrupt.obj (.text:_Interrupt_initModule)
                  00008054    0000004d                   : sysctl.obj (.text:_SysCtl_selectOscSource)
                  000080a1    00000029     rts2800_fpu32.lib : exit.obj (.text)
                  000080ca    00000020     driverlib.lib : interrupt.obj (.text:_Interrupt_initVectorTable)
                  000080ea    0000001e     rts2800_fpu32.lib : memcpy.obj (.text)
                  00008108    0000001a     driverlib.lib : sysctl.obj (.text:_SysCtl_getLowSpeedClock)
                  00008122    00000019     rts2800_fpu32.lib : args_main.obj (.text)
                  0000813b    0000000d     driverlib.lib : interrupt.obj (.text:_Interrupt_disableMaster)
                  00008148    0000000b                   : sysctl.obj (.text:_SysCtl_isMCDClockFailureDetected)
                  00008153    00000009                   : sysctl.obj (.text:_SysCtl_serviceWatchdog)
                  0000815c    00000009     rts2800_fpu32.lib : _lock.obj (.text)
                  00008165    00000002                       : pre_init.obj (.text)

.text.3    0    0000b000    00000800     
                  0000b000    000003d2     adc_ex1_soc_software.obj (.text)
                  0000b3d2    000002c0     sci.obj (.text)
                  0000b692    00000097     driverlib.lib : adc.obj (.text:_ADC_setMode)
                  0000b729    0000006e                   : sysctl.obj (.text:_SysCtl_getClock)
                  0000b797    00000056     rts2800_fpu32.lib : boot28.obj (.text)
                  0000b7ed    0000000e     driverlib.lib : interrupt.obj (.text:_Interrupt_defaultHandler)
                  0000b7fb    00000002                   : interrupt.obj (.text:_Interrupt_illegalOperationHandler)
                  0000b7fd    00000002                   : interrupt.obj (.text:_Interrupt_nmiHandler)
                  0000b7ff    00000001     rts2800_fpu32.lib : startup.obj (.text)

MODULE SUMMARY

       Module                     code   initialized data   uninitialized data
       ------                     ----   ----------------   ------------------
    ./
       adc_ex1_soc_software.obj   978    183                6                 
    +--+--------------------------+------+------------------+--------------------+
       Total:                     978    183                6                 
                                                                              
    ./device/
       device.obj                 474    19                 0                 
    +--+--------------------------+------+------------------+--------------------+
       Total:                     474    19                 0                 
                                                                              
    ./device/driverlib/
       sci.obj                    704    52                 0                 
    +--+--------------------------+------+------------------+--------------------+
       Total:                     704    52                 0                 
                                                                              
    ../driverlib.lib
       sysctl.obj                 423    102                0                 
       interrupt.obj              147    105                0                 
       adc.obj                    151    99                 0                 
    +--+--------------------------+------+------------------+--------------------+
       Total:                     721    306                0                 
                                                                              
    /opt/ti/ccsv7/tools/compiler/ti-cgt-c2000_16.9.1.LTS/lib/rts2800_fpu32.lib
       boot28.obj                 86     0                  0                 
       exit.obj                   41     14                 6                 
       cpy_tbl.obj                36     0                  0                 
       memcpy.obj                 30     0                  0                 
       args_main.obj              25     0                  0                 
       _lock.obj                  9      10                 4                 
       pre_init.obj               2      0                  0                 
       startup.obj                1      0                  0                 
    +--+--------------------------+------+------------------+--------------------+
       Total:                     230    24                 10                
                                                                              
       Stack:                     0      0                  1024              
    +--+--------------------------+------+------------------+--------------------+
       Grand Total:               3107   584                1040              


GLOBAL DATA SYMBOLS: SORTED BY DATA PAGE

address     data page           name
--------    ----------------    ----
00000400      10 (00000400)     __stack

0000aa21     2a8 (0000aa00)     _escRed
0000aa26     2a8 (0000aa00)     _escWhite
0000aa2c     2a8 (0000aa00)     _adcAResult1
0000aa2e     2a8 (0000aa00)     _adcBResult1
0000aa2f     2a8 (0000aa00)     _adcBResult0
0000aa31     2a8 (0000aa00)     _adcAResult0
0000aa32     2a8 (0000aa00)     ___TI_enable_exit_profile_output
0000aa34     2a8 (0000aa00)     ___TI_cleanup_ptr
0000aa36     2a8 (0000aa00)     ___TI_dtors_ptr
0000aa38     2a8 (0000aa00)     __lock
0000aa3a     2a8 (0000aa00)     __unlock


GLOBAL SYMBOLS: SORTED ALPHABETICALLY BY Name 

page  address   name                                      
----  -------   ----                                      
abs   ffffffff  .text                                     
0     000080a1  C$$EXIT                                   
0     0000b692  _ADC_setMode                              
0     000001bb  _Device_enableAllPeripherals              
0     00000305  _Device_enableUnbondedGPIOPullups         
0     000002e2  _Device_enableUnbondedGPIOPullupsFor100Pin
0     000002cb  _Device_enableUnbondedGPIOPullupsFor176Pin
0     0000018a  _Device_init                              
0     000002aa  _Device_initGPIO                          
0     00008000  _Interrupt_initModule                     
0     000080ca  _Interrupt_initVectorTable                
0     0000b64c  _SCI_clearInterruptStatus                 
0     0000b5b7  _SCI_disableInterrupt                     
0     0000b573  _SCI_enableInterrupt                      
0     0000b5fd  _SCI_getInterruptStatus                   
0     0000b538  _SCI_readCharArray                        
0     0000b4b9  _SCI_setConfig                            
0     0000b4f7  _SCI_writeCharArray                       
0     00000144  _SysCtl_delay                             
0     0000b729  _SysCtl_getClock                          
0     00008108  _SysCtl_getLowSpeedClock                  
0     00008054  _SysCtl_selectOscSource                   
0     00000322  _SysCtl_setClock                          
1     00000800  __STACK_END                               
abs   00000400  __STACK_SIZE                              
1     0000aa34  ___TI_cleanup_ptr                         
1     0000aa36  ___TI_dtors_ptr                           
1     0000aa32  ___TI_enable_exit_profile_output          
abs   ffffffff  ___TI_pprof_out_hndl                      
abs   ffffffff  ___TI_prof_data_size                      
abs   ffffffff  ___TI_prof_data_start                     
abs   ffffffff  ___binit__                                
abs   ffffffff  ___c_args__                               
0     00000122  ___cinit__                                
0     0000031b  ___error__                                
abs   ffffffff  ___etext__                                
abs   ffffffff  ___pinit__                                
abs   ffffffff  ___text__                                 
0     00008122  __args_main                               
1     0000aa38  __lock                                    
0     00008164  __nop                                     
0     00008160  __register_lock                           
0     0000815c  __register_unlock                         
1     00000400  __stack                                   
0     0000b7ff  __system_post_cinit                       
0     00008165  __system_pre_init                         
1     0000aa3a  __unlock                                  
0     000080a1  _abort                                    
1     0000aa31  _adcAResult0                              
1     0000aa2c  _adcAResult1                              
1     0000aa2f  _adcBResult0                              
1     0000aa2e  _adcBResult1                              
0     0000b797  _c_int00                                  
0     0000b30a  _clearTextBox                             
0     000003dc  _copy_in                                  
0     0000b268  _drawTILogo                               
1     0000aa21  _escRed                                   
1     0000aa26  _escWhite                                 
0     000080a3  _exit                                     
0     0000b215  _initADCSOCs                              
0     0000b1df  _initADCs                                 
0     0000b1a5  _main                                     
0     000080ea  _memcpy                                   
0     0000b1cd  _scia_init                                
abs   ffffffff  binit                                     
0     00000122  cinit                                     
abs   ffffffff  etext                                     
abs   ffffffff  pinit                                     


GLOBAL SYMBOLS: SORTED BY Symbol Address 

page  address   name                                      
----  -------   ----                                      
0     00000122  ___cinit__                                
0     00000122  cinit                                     
0     00000144  _SysCtl_delay                             
0     0000018a  _Device_init                              
0     000001bb  _Device_enableAllPeripherals              
0     000002aa  _Device_initGPIO                          
0     000002cb  _Device_enableUnbondedGPIOPullupsFor176Pin
0     000002e2  _Device_enableUnbondedGPIOPullupsFor100Pin
0     00000305  _Device_enableUnbondedGPIOPullups         
0     0000031b  ___error__                                
0     00000322  _SysCtl_setClock                          
0     000003dc  _copy_in                                  
0     00008000  _Interrupt_initModule                     
0     00008054  _SysCtl_selectOscSource                   
0     000080a1  C$$EXIT                                   
0     000080a1  _abort                                    
0     000080a3  _exit                                     
0     000080ca  _Interrupt_initVectorTable                
0     000080ea  _memcpy                                   
0     00008108  _SysCtl_getLowSpeedClock                  
0     00008122  __args_main                               
0     0000815c  __register_unlock                         
0     00008160  __register_lock                           
0     00008164  __nop                                     
0     00008165  __system_pre_init                         
0     0000b1a5  _main                                     
0     0000b1cd  _scia_init                                
0     0000b1df  _initADCs                                 
0     0000b215  _initADCSOCs                              
0     0000b268  _drawTILogo                               
0     0000b30a  _clearTextBox                             
0     0000b4b9  _SCI_setConfig                            
0     0000b4f7  _SCI_writeCharArray                       
0     0000b538  _SCI_readCharArray                        
0     0000b573  _SCI_enableInterrupt                      
0     0000b5b7  _SCI_disableInterrupt                     
0     0000b5fd  _SCI_getInterruptStatus                   
0     0000b64c  _SCI_clearInterruptStatus                 
0     0000b692  _ADC_setMode                              
0     0000b729  _SysCtl_getClock                          
0     0000b797  _c_int00                                  
0     0000b7ff  __system_post_cinit                       
1     00000400  __stack                                   
1     00000800  __STACK_END                               
1     0000aa21  _escRed                                   
1     0000aa26  _escWhite                                 
1     0000aa2c  _adcAResult1                              
1     0000aa2e  _adcBResult1                              
1     0000aa2f  _adcBResult0                              
1     0000aa31  _adcAResult0                              
1     0000aa32  ___TI_enable_exit_profile_output          
1     0000aa34  ___TI_cleanup_ptr                         
1     0000aa36  ___TI_dtors_ptr                           
1     0000aa38  __lock                                    
1     0000aa3a  __unlock                                  
abs   00000400  __STACK_SIZE                              
abs   ffffffff  .text                                     
abs   ffffffff  ___TI_pprof_out_hndl                      
abs   ffffffff  ___TI_prof_data_size                      
abs   ffffffff  ___TI_prof_data_start                     
abs   ffffffff  ___binit__                                
abs   ffffffff  ___c_args__                               
abs   ffffffff  ___etext__                                
abs   ffffffff  ___pinit__                                
abs   ffffffff  ___text__                                 
abs   ffffffff  binit                                     
abs   ffffffff  etext                                     
abs   ffffffff  pinit                                     

[68 symbols]
