******************************************************************************
             TMS320C2000 Linker Unix v17.3.0                   
******************************************************************************
>> Linked Sat May  6 14:03:49 2017

OUTPUT FILE NAME:   <Example_28379D_LaunchPad.out>
ENTRY POINT SYMBOL: "_c_int00"  address: 000836d0


MEMORY CONFIGURATION

         name            origin    length      used     unused   attr    fill
----------------------  --------  ---------  --------  --------  ----  --------
PAGE 0:
  RAMM0                 00000122   000002de  00000000  000002de  RWIX
  RAMLS0                00008000   00000800  00000004  000007fc  RWIX
  RAMLS1                00008800   00000800  00000000  00000800  RWIX
  RAMLS2                00009000   00000800  00000000  00000800  RWIX
  RAMLS3                00009800   00000800  00000000  00000800  RWIX
  RAMLS4                0000a000   00000800  00000000  00000800  RWIX
  RAMD0                 0000b000   00000800  00000000  00000800  RWIX
  RAMGS14               0001a000   00001000  00000000  00001000  RWIX
  RAMGS15               0001b000   00001000  00000000  00001000  RWIX
  BEGIN                 00080000   00000002  00000002  00000000  RWIX
  FLASHA                00080002   00001ffe  00000000  00001ffe  RWIX
  FLASHB                00082000   00002000  000019c8  00000638  RWIX
  FLASHC                00084000   00002000  00000000  00002000  RWIX
  FLASHD                00086000   00002000  00000004  00001ffc  RWIX
  FLASHE                00088000   00008000  00000000  00008000  RWIX
  FLASHF                00090000   00008000  00001052  00006fae  RWIX
  FLASHG                00098000   00008000  00000000  00008000  RWIX
  FLASHH                000a0000   00008000  00000000  00008000  RWIX
  FLASHI                000a8000   00008000  00000000  00008000  RWIX
  FLASHJ                000b0000   00008000  00000000  00008000  RWIX
  FLASHK                000b8000   00002000  00000000  00002000  RWIX
  FLASHL                000ba000   00002000  00000000  00002000  RWIX
  FLASHM                000bc000   00002000  00000000  00002000  RWIX
  FLASHN                000be000   00002000  00000000  00002000  RWIX
  RESET                 003fffc0   00000002  00000000  00000002  RWIX

PAGE 1:
  BOOT_RSVD             00000002   00000120  00000000  00000120  RWIX
  RAMM1                 00000400   00000400  00000100  00000300  RWIX
  ADCA_RESULT           00000b00   00000020  00000018  00000008  RWIX
  ADCB_RESULT           00000b20   00000020  00000018  00000008  RWIX
  ADCC_RESULT           00000b40   00000020  00000018  00000008  RWIX
  ADCD_RESULT           00000b60   00000020  00000018  00000008  RWIX
  CPU_TIMER0            00000c00   00000008  00000008  00000000  RWIX
  CPU_TIMER1            00000c08   00000008  00000008  00000000  RWIX
  CPU_TIMER2            00000c10   00000008  00000008  00000000  RWIX
  PIE_CTRL              00000ce0   00000020  0000001a  00000006  RWIX
  PIE_VECT              00000d00   00000200  000001c0  00000040  RWIX
  DMA                   00001000   00000200  000000e0  00000120  RWIX
  CLA1                  00001400   00000040  0000003e  00000002  RWIX
  EPWM1                 00004000   00000100  00000100  00000000  RWIX
  EPWM2                 00004100   00000100  00000100  00000000  RWIX
  EPWM3                 00004200   00000100  00000100  00000000  RWIX
  EPWM4                 00004300   00000100  00000100  00000000  RWIX
  EPWM5                 00004400   00000100  00000100  00000000  RWIX
  EPWM6                 00004500   00000100  00000100  00000000  RWIX
  EPWM7                 00004600   00000100  00000100  00000000  RWIX
  EPWM8                 00004700   00000100  00000100  00000000  RWIX
  EPWM9                 00004800   00000100  00000100  00000000  RWIX
  EPWM10                00004900   00000100  00000100  00000000  RWIX
  EPWM11                00004a00   00000100  00000100  00000000  RWIX
  EPWM12                00004b00   00000100  00000100  00000000  RWIX
  ECAP1                 00005000   00000020  00000020  00000000  RWIX
  ECAP2                 00005020   00000020  00000020  00000000  RWIX
  ECAP3                 00005040   00000020  00000020  00000000  RWIX
  ECAP4                 00005060   00000020  00000020  00000000  RWIX
  ECAP5                 00005080   00000020  00000020  00000000  RWIX
  ECAP6                 000050a0   00000020  00000020  00000000  RWIX
  EQEP1                 00005100   00000040  00000022  0000001e  RWIX
  EQEP2                 00005140   00000040  00000022  0000001e  RWIX
  EQEP3                 00005180   00000040  00000022  0000001e  RWIX
  DACA                  00005c00   00000010  00000008  00000008  RWIX
  DACB                  00005c10   00000010  00000008  00000008  RWIX
  DACC                  00005c20   00000010  00000008  00000008  RWIX
  CMPSS1                00005c80   00000020  00000020  00000000  RWIX
  CMPSS2                00005ca0   00000020  00000020  00000000  RWIX
  CMPSS3                00005cc0   00000020  00000020  00000000  RWIX
  CMPSS4                00005ce0   00000020  00000020  00000000  RWIX
  CMPSS5                00005d00   00000020  00000020  00000000  RWIX
  CMPSS6                00005d20   00000020  00000020  00000000  RWIX
  CMPSS7                00005d40   00000020  00000020  00000000  RWIX
  CMPSS8                00005d60   00000020  00000020  00000000  RWIX
  SDFM1                 00005e00   00000080  00000080  00000000  RWIX
  SDFM2                 00005e80   00000080  00000080  00000000  RWIX
  MCBSPA                00006000   00000040  00000024  0000001c  RWIX
  MCBSPB                00006040   00000040  00000024  0000001c  RWIX
  SPIA                  00006100   00000010  00000010  00000000  RWIX
  SPIB                  00006110   00000010  00000010  00000000  RWIX
  SPIC                  00006120   00000010  00000010  00000000  RWIX
  SPID                  00006130   00000010  00000000  00000010  RWIX
  UPP                   00006200   00000100  00000048  000000b8  RWIX
  WD                    00007000   00000040  0000002b  00000015  RWIX
  NMIINTRUPT            00007060   00000010  00000007  00000009  RWIX
  XINT                  00007070   00000010  0000000b  00000005  RWIX
  SCIA                  00007200   00000010  00000010  00000000  RWIX
  SCIB                  00007210   00000010  00000010  00000000  RWIX
  SCIC                  00007220   00000010  00000010  00000000  RWIX
  SCID                  00007230   00000010  00000010  00000000  RWIX
  I2CA                  00007300   00000040  00000022  0000001e  RWIX
  I2CB                  00007340   00000040  00000022  0000001e  RWIX
  ADCA                  00007400   00000080  00000080  00000000  RWIX
  ADCB                  00007480   00000080  00000080  00000000  RWIX
  ADCC                  00007500   00000080  00000080  00000000  RWIX
  ADCD                  00007580   00000080  00000080  00000000  RWIX
  INPUT_XBAR            00007900   00000020  00000020  00000000  RWIX
  XBAR                  00007920   00000020  00000020  00000000  RWIX
  SYNC_SOC              00007940   00000010  00000006  0000000a  RWIX
  DMACLASRCSEL          00007980   00000040  0000001a  00000026  RWIX
  EPWM_XBAR             00007a00   00000040  00000040  00000000  RWIX
  CLB_XBAR              00007a40   00000040  00000000  00000040  RWIX
  OUTPUT_XBAR           00007a80   00000040  00000040  00000000  RWIX
  GPIOCTRL              00007c00   00000180  00000180  00000000  RWIX
  GPIODAT               00007f00   00000030  00000030  00000000  RWIX
  RAMLS5                0000a800   00000800  0000073f  000000c1  RWIX
  RAMD1                 0000b800   00000800  00000000  00000800  RWIX
  RAMGS0                0000c000   00001000  00000000  00001000  RWIX
  RAMGS1                0000d000   00001000  00000000  00001000  RWIX
  RAMGS2                0000e000   00001000  00000000  00001000  RWIX
  RAMGS3                0000f000   00001000  00000000  00001000  RWIX
  RAMGS4                00010000   00001000  00000000  00001000  RWIX
  RAMGS5                00011000   00001000  00000000  00001000  RWIX
  RAMGS6                00012000   00001000  00000000  00001000  RWIX
  RAMGS7                00013000   00001000  00000000  00001000  RWIX
  RAMGS8                00014000   00001000  00000000  00001000  RWIX
  RAMGS9                00015000   00001000  00000000  00001000  RWIX
  RAMGS10               00016000   00001000  00000000  00001000  RWIX
  RAMGS11               00017000   00001000  00000000  00001000  RWIX
  RAMGS12               00018000   00001000  00000000  00001000  RWIX
  RAMGS13               00019000   00001000  00000000  00001000  RWIX
  CPU2TOCPU1RAM         0003f800   00000400  00000000  00000400  RWIX
  CPU1TOCPU2RAM         0003fc00   00000400  00000000  00000400  RWIX
  EMIF1                 00047000   00000800  00000070  00000790  RWIX
  EMIF2                 00047800   00000800  00000070  00000790  RWIX
  CANA                  00048000   00000800  00000164  0000069c  RWIX
  CANB                  0004a000   00000800  00000164  0000069c  RWIX
  IPC                   00050000   00000024  00000024  00000000  RWIX
  FLASHPUMPSEMAPHORE    00050024   00000002  00000002  00000000  RWIX
  DEV_CFG               0005d000   00000180  0000012e  00000052  RWIX
  ANALOG_SUBSYS         0005d180   00000080  00000048  00000038  RWIX
  CLK_CFG               0005d200   00000100  00000032  000000ce  RWIX
  CPU_SYS               0005d300   00000100  00000082  0000007e  RWIX
  ROMPREFETCH           0005e608   00000002  00000002  00000000  RWIX
  DCSM_Z1               0005f000   00000030  00000024  0000000c  RWIX
  DCSM_Z2               0005f040   00000030  00000024  0000000c  RWIX
  DCSM_COMMON           0005f070   00000010  00000008  00000008  RWIX
  MEMCFG                0005f400   00000080  00000080  00000000  RWIX
  EMIF1CONFIG           0005f480   00000020  00000020  00000000  RWIX
  EMIF2CONFIG           0005f4a0   00000020  00000020  00000000  RWIX
  ACCESSPROTECTION      0005f4c0   00000040  00000040  00000000  RWIX
  MEMORYERROR           0005f500   00000040  00000040  00000000  RWIX
  ROMWAITSTATE          0005f540   00000002  00000002  00000000  RWIX
  FLASH0_CTRL           0005f800   00000300  00000182  0000017e  RWIX
  FLASH0_ECC            0005fb00   00000040  00000028  00000018  RWIX
  DCSM_Z1_OTP           00078000   00000020  00000020  00000000  RWIX
  DCSM_Z2_OTP           00078200   00000020  00000020  00000000  RWIX


SECTION ALLOCATION MAP

 output                                  attributes/
section   page    origin      length       input sections
--------  ----  ----------  ----------   ----------------
.cinit     0    00082000    00000089     
                  00082000    00000067     <whole-program> (.cinit)
                  00082067    0000000e     rts2800_fpu32.lib : exit.obj (.cinit)
                  00082075    00000008     Example_F28379D_LaunchPadDemo.obj (.cinit)
                  0008207d    00000005     <whole-program> (.cinit:__lock)
                  00082082    00000005     <whole-program> (.cinit:__unlock)
                  00082087    00000002     --HOLE-- [fill = 0]

.pinit     0    00082000    00000000     UNINITIALIZED

codestart 
*          0    00080000    00000002     
                  00080000    00000002     F2837xD_CodeStartBranch.obj (codestart)

.stack     1    00000400    00000100     UNINITIALIZED
                  00000400    00000100     --HOLE--

.esysmem   1    0000a800    00000400     UNINITIALIZED
                  0000a800    00000001     rts2800_fpu32.lib : memory.obj (.esysmem)
                  0000a801    000003ff     --HOLE--

.cio       1    0000ac00    00000120     UNINITIALIZED
                  0000ac00    00000120     rts2800_fpu32.lib : trgmsg.obj (.cio)

.reset     0    003fffc0    00000002     DSECT
                  003fffc0    00000002     rts2800_fpu32.lib : boot28.obj (.reset)

.TI.ramfunc 
*          0    00086000    00000004     RUN ADDR = 00008000
                  00086000    00000004     F2837xD_usDelay.obj (.TI.ramfunc)

GETBUFFER 
*          0    0003f800    00000000     DSECT

GETWRITEIDX 
*          0    0003f800    00000000     DSECT

PUTREADIDX 
*          0    0003f800    00000000     DSECT

.econst    0    00090000    00001052     
                  00090000    00000e3d     Example_F28379D_LaunchPadDemo.obj (.econst:_ti_ascii)
                  00090e3d    00000001     --HOLE-- [fill = 0]
                  00090e3e    000001c0     F2837xD_PieVect.obj (.econst:_PieVectTableInit)
                  00090ffe    00000020     Example_F28379D_LaunchPadDemo.obj (.econst:.string)
                  0009101e    00000016     Example_F28379D_LaunchPadDemo.obj (.econst:.string:_pucTempString)
                  00091034    00000014     rts2800_fpu32.lib : _printfi_min.obj (.econst:.string)
                  00091048    00000005     Example_F28379D_LaunchPadDemo.obj (.econst:.string:_escRed)
                  0009104d    00000005     Example_F28379D_LaunchPadDemo.obj (.econst:.string:_escWhite)

AdcaResultFile 
*          1    00000b00    00000018     UNINITIALIZED
                  00000b00    00000018     F2837xD_GlobalVariableDefs.obj (AdcaResultFile)

AdcbResultFile 
*          1    00000b20    00000018     UNINITIALIZED
                  00000b20    00000018     F2837xD_GlobalVariableDefs.obj (AdcbResultFile)

AdccResultFile 
*          1    00000b40    00000018     UNINITIALIZED
                  00000b40    00000018     F2837xD_GlobalVariableDefs.obj (AdccResultFile)

AdcdResultFile 
*          1    00000b60    00000018     UNINITIALIZED
                  00000b60    00000018     F2837xD_GlobalVariableDefs.obj (AdcdResultFile)

CpuTimer0RegsFile 
*          1    00000c00    00000008     UNINITIALIZED
                  00000c00    00000008     F2837xD_GlobalVariableDefs.obj (CpuTimer0RegsFile)

CpuTimer1RegsFile 
*          1    00000c08    00000008     UNINITIALIZED
                  00000c08    00000008     F2837xD_GlobalVariableDefs.obj (CpuTimer1RegsFile)

CpuTimer2RegsFile 
*          1    00000c10    00000008     UNINITIALIZED
                  00000c10    00000008     F2837xD_GlobalVariableDefs.obj (CpuTimer2RegsFile)

PieCtrlRegsFile 
*          1    00000ce0    0000001a     UNINITIALIZED
                  00000ce0    0000001a     F2837xD_GlobalVariableDefs.obj (PieCtrlRegsFile)

PieVectTableFile 
*          1    00000d00    000001c0     UNINITIALIZED
                  00000d00    000001c0     F2837xD_GlobalVariableDefs.obj (PieVectTableFile)

EmuKeyVar 
*          1    00000d00    00000001     UNINITIALIZED
                  00000d00    00000001     F2837xD_GlobalVariableDefs.obj (EmuKeyVar)

EmuBModeVar 
*          1    00000d01    00000001     UNINITIALIZED
                  00000d01    00000001     F2837xD_GlobalVariableDefs.obj (EmuBModeVar)

FlashCallbackVar 
*          1    00000d02    00000000     UNINITIALIZED

FlashScalingVar 
*          1    00000d02    00000000     UNINITIALIZED

Cla1RegsFile 
*          1    00001400    0000003e     UNINITIALIZED
                  00001400    0000003e     F2837xD_GlobalVariableDefs.obj (Cla1RegsFile)

DacaRegsFile 
*          1    00005c00    00000008     UNINITIALIZED
                  00005c00    00000008     F2837xD_GlobalVariableDefs.obj (DacaRegsFile)

DacbRegsFile 
*          1    00005c10    00000008     UNINITIALIZED
                  00005c10    00000008     F2837xD_GlobalVariableDefs.obj (DacbRegsFile)

DaccRegsFile 
*          1    00005c20    00000008     UNINITIALIZED
                  00005c20    00000008     F2837xD_GlobalVariableDefs.obj (DaccRegsFile)

AdcaRegsFile 
*          1    00007400    00000080     UNINITIALIZED
                  00007400    00000080     F2837xD_GlobalVariableDefs.obj (AdcaRegsFile)

AdcbRegsFile 
*          1    00007480    00000080     UNINITIALIZED
                  00007480    00000080     F2837xD_GlobalVariableDefs.obj (AdcbRegsFile)

AdccRegsFile 
*          1    00007500    00000080     UNINITIALIZED
                  00007500    00000080     F2837xD_GlobalVariableDefs.obj (AdccRegsFile)

AdcdRegsFile 
*          1    00007580    00000080     UNINITIALIZED
                  00007580    00000080     F2837xD_GlobalVariableDefs.obj (AdcdRegsFile)

CanaRegsFile 
*          1    00048000    00000164     UNINITIALIZED
                  00048000    00000164     F2837xD_GlobalVariableDefs.obj (CanaRegsFile)

CanbRegsFile 
*          1    0004a000    00000164     UNINITIALIZED
                  0004a000    00000164     F2837xD_GlobalVariableDefs.obj (CanbRegsFile)

AnalogSubsysRegsFile 
*          1    0005d180    00000048     UNINITIALIZED
                  0005d180    00000048     F2837xD_GlobalVariableDefs.obj (AnalogSubsysRegsFile)

Cla1SoftIntRegsFile 
*          1    00000ce0    00000004     DSECT
                  00000ce0    00000004     F2837xD_GlobalVariableDefs.obj (Cla1SoftIntRegsFile)

DmaRegsFile 
*          1    00001000    000000e0     UNINITIALIZED
                  00001000    000000e0     F2837xD_GlobalVariableDefs.obj (DmaRegsFile)

EPwm1RegsFile 
*          1    00004000    00000100     UNINITIALIZED
                  00004000    00000100     F2837xD_GlobalVariableDefs.obj (EPwm1RegsFile)

EPwm2RegsFile 
*          1    00004100    00000100     UNINITIALIZED
                  00004100    00000100     F2837xD_GlobalVariableDefs.obj (EPwm2RegsFile)

EPwm3RegsFile 
*          1    00004200    00000100     UNINITIALIZED
                  00004200    00000100     F2837xD_GlobalVariableDefs.obj (EPwm3RegsFile)

EPwm4RegsFile 
*          1    00004300    00000100     UNINITIALIZED
                  00004300    00000100     F2837xD_GlobalVariableDefs.obj (EPwm4RegsFile)

EPwm5RegsFile 
*          1    00004400    00000100     UNINITIALIZED
                  00004400    00000100     F2837xD_GlobalVariableDefs.obj (EPwm5RegsFile)

EPwm6RegsFile 
*          1    00004500    00000100     UNINITIALIZED
                  00004500    00000100     F2837xD_GlobalVariableDefs.obj (EPwm6RegsFile)

EPwm7RegsFile 
*          1    00004600    00000100     UNINITIALIZED
                  00004600    00000100     F2837xD_GlobalVariableDefs.obj (EPwm7RegsFile)

EPwm8RegsFile 
*          1    00004700    00000100     UNINITIALIZED
                  00004700    00000100     F2837xD_GlobalVariableDefs.obj (EPwm8RegsFile)

EPwm9RegsFile 
*          1    00004800    00000100     UNINITIALIZED
                  00004800    00000100     F2837xD_GlobalVariableDefs.obj (EPwm9RegsFile)

EPwm10RegsFile 
*          1    00004900    00000100     UNINITIALIZED
                  00004900    00000100     F2837xD_GlobalVariableDefs.obj (EPwm10RegsFile)

EPwm11RegsFile 
*          1    00004a00    00000100     UNINITIALIZED
                  00004a00    00000100     F2837xD_GlobalVariableDefs.obj (EPwm11RegsFile)

EPwm12RegsFile 
*          1    00004b00    00000100     UNINITIALIZED
                  00004b00    00000100     F2837xD_GlobalVariableDefs.obj (EPwm12RegsFile)

ECap1RegsFile 
*          1    00005000    00000020     UNINITIALIZED
                  00005000    00000020     F2837xD_GlobalVariableDefs.obj (ECap1RegsFile)

ECap2RegsFile 
*          1    00005020    00000020     UNINITIALIZED
                  00005020    00000020     F2837xD_GlobalVariableDefs.obj (ECap2RegsFile)

ECap3RegsFile 
*          1    00005040    00000020     UNINITIALIZED
                  00005040    00000020     F2837xD_GlobalVariableDefs.obj (ECap3RegsFile)

ECap4RegsFile 
*          1    00005060    00000020     UNINITIALIZED
                  00005060    00000020     F2837xD_GlobalVariableDefs.obj (ECap4RegsFile)

ECap5RegsFile 
*          1    00005080    00000020     UNINITIALIZED
                  00005080    00000020     F2837xD_GlobalVariableDefs.obj (ECap5RegsFile)

ECap6RegsFile 
*          1    000050a0    00000020     UNINITIALIZED
                  000050a0    00000020     F2837xD_GlobalVariableDefs.obj (ECap6RegsFile)

EQep1RegsFile 
*          1    00005100    00000022     UNINITIALIZED
                  00005100    00000022     F2837xD_GlobalVariableDefs.obj (EQep1RegsFile)

EQep2RegsFile 
*          1    00005140    00000022     UNINITIALIZED
                  00005140    00000022     F2837xD_GlobalVariableDefs.obj (EQep2RegsFile)

EQep3RegsFile 
*          1    00005180    00000022     UNINITIALIZED
                  00005180    00000022     F2837xD_GlobalVariableDefs.obj (EQep3RegsFile)

Cmpss1RegsFile 
*          1    00005c80    00000020     UNINITIALIZED
                  00005c80    00000020     F2837xD_GlobalVariableDefs.obj (Cmpss1RegsFile)

Cmpss2RegsFile 
*          1    00005ca0    00000020     UNINITIALIZED
                  00005ca0    00000020     F2837xD_GlobalVariableDefs.obj (Cmpss2RegsFile)

Cmpss3RegsFile 
*          1    00005cc0    00000020     UNINITIALIZED
                  00005cc0    00000020     F2837xD_GlobalVariableDefs.obj (Cmpss3RegsFile)

Cmpss4RegsFile 
*          1    00005ce0    00000020     UNINITIALIZED
                  00005ce0    00000020     F2837xD_GlobalVariableDefs.obj (Cmpss4RegsFile)

Cmpss5RegsFile 
*          1    00005d00    00000020     UNINITIALIZED
                  00005d00    00000020     F2837xD_GlobalVariableDefs.obj (Cmpss5RegsFile)

Cmpss6RegsFile 
*          1    00005d20    00000020     UNINITIALIZED
                  00005d20    00000020     F2837xD_GlobalVariableDefs.obj (Cmpss6RegsFile)

Cmpss7RegsFile 
*          1    00005d40    00000020     UNINITIALIZED
                  00005d40    00000020     F2837xD_GlobalVariableDefs.obj (Cmpss7RegsFile)

Cmpss8RegsFile 
*          1    00005d60    00000020     UNINITIALIZED
                  00005d60    00000020     F2837xD_GlobalVariableDefs.obj (Cmpss8RegsFile)

Sdfm1RegsFile 
*          1    00005e00    00000080     UNINITIALIZED
                  00005e00    00000080     F2837xD_GlobalVariableDefs.obj (Sdfm1RegsFile)

Sdfm2RegsFile 
*          1    00005e80    00000080     UNINITIALIZED
                  00005e80    00000080     F2837xD_GlobalVariableDefs.obj (Sdfm2RegsFile)

McbspaRegsFile 
*          1    00006000    00000024     UNINITIALIZED
                  00006000    00000024     F2837xD_GlobalVariableDefs.obj (McbspaRegsFile)

McbspbRegsFile 
*          1    00006040    00000024     UNINITIALIZED
                  00006040    00000024     F2837xD_GlobalVariableDefs.obj (McbspbRegsFile)

SpiaRegsFile 
*          1    00006100    00000010     UNINITIALIZED
                  00006100    00000010     F2837xD_GlobalVariableDefs.obj (SpiaRegsFile)

SpibRegsFile 
*          1    00006110    00000010     UNINITIALIZED
                  00006110    00000010     F2837xD_GlobalVariableDefs.obj (SpibRegsFile)

SpicRegsFile 
*          1    00006120    00000010     UNINITIALIZED
                  00006120    00000010     F2837xD_GlobalVariableDefs.obj (SpicRegsFile)

UppRegsFile 
*          1    00006200    00000048     UNINITIALIZED
                  00006200    00000048     F2837xD_GlobalVariableDefs.obj (UppRegsFile)

WdRegsFile 
*          1    00007000    0000002b     UNINITIALIZED
                  00007000    0000002b     F2837xD_GlobalVariableDefs.obj (WdRegsFile)

NmiIntruptRegsFile 
*          1    00007060    00000007     UNINITIALIZED
                  00007060    00000007     F2837xD_GlobalVariableDefs.obj (NmiIntruptRegsFile)

XintRegsFile 
*          1    00007070    0000000b     UNINITIALIZED
                  00007070    0000000b     F2837xD_GlobalVariableDefs.obj (XintRegsFile)

SciaRegsFile 
*          1    00007200    00000010     UNINITIALIZED
                  00007200    00000010     F2837xD_GlobalVariableDefs.obj (SciaRegsFile)

ScibRegsFile 
*          1    00007210    00000010     UNINITIALIZED
                  00007210    00000010     F2837xD_GlobalVariableDefs.obj (ScibRegsFile)

ScicRegsFile 
*          1    00007220    00000010     UNINITIALIZED
                  00007220    00000010     F2837xD_GlobalVariableDefs.obj (ScicRegsFile)

ScidRegsFile 
*          1    00007230    00000010     UNINITIALIZED
                  00007230    00000010     F2837xD_GlobalVariableDefs.obj (ScidRegsFile)

I2caRegsFile 
*          1    00007300    00000022     UNINITIALIZED
                  00007300    00000022     F2837xD_GlobalVariableDefs.obj (I2caRegsFile)

I2cbRegsFile 
*          1    00007340    00000022     UNINITIALIZED
                  00007340    00000022     F2837xD_GlobalVariableDefs.obj (I2cbRegsFile)

InputXbarRegsFile 
*          1    00007900    00000020     UNINITIALIZED
                  00007900    00000020     F2837xD_GlobalVariableDefs.obj (InputXbarRegsFile)

XbarRegsFile 
*          1    00007920    00000020     UNINITIALIZED
                  00007920    00000020     F2837xD_GlobalVariableDefs.obj (XbarRegsFile)

SyncSocRegsFile 
*          1    00007940    00000006     UNINITIALIZED
                  00007940    00000006     F2837xD_GlobalVariableDefs.obj (SyncSocRegsFile)

DmaClaSrcSelRegsFile 
*          1    00007980    0000001a     UNINITIALIZED
                  00007980    0000001a     F2837xD_GlobalVariableDefs.obj (DmaClaSrcSelRegsFile)

EPwmXbarRegsFile 
*          1    00007a00    00000040     UNINITIALIZED
                  00007a00    00000040     F2837xD_GlobalVariableDefs.obj (EPwmXbarRegsFile)

OutputXbarRegsFile 
*          1    00007a80    00000040     UNINITIALIZED
                  00007a80    00000040     F2837xD_GlobalVariableDefs.obj (OutputXbarRegsFile)

GpioCtrlRegsFile 
*          1    00007c00    00000180     UNINITIALIZED
                  00007c00    00000180     F2837xD_GlobalVariableDefs.obj (GpioCtrlRegsFile)

GpioDataRegsFile 
*          1    00007f00    00000030     UNINITIALIZED
                  00007f00    00000030     F2837xD_GlobalVariableDefs.obj (GpioDataRegsFile)

Emif1RegsFile 
*          1    00047000    00000070     UNINITIALIZED
                  00047000    00000070     F2837xD_GlobalVariableDefs.obj (Emif1RegsFile)

Emif2RegsFile 
*          1    00047800    00000070     UNINITIALIZED
                  00047800    00000070     F2837xD_GlobalVariableDefs.obj (Emif2RegsFile)

IpcRegsFile 
*          1    00050000    00000024     UNINITIALIZED
                  00050000    00000024     F2837xD_GlobalVariableDefs.obj (IpcRegsFile)

FlashPumpSemaphoreRegsFile 
*          1    00050024    00000002     UNINITIALIZED
                  00050024    00000002     F2837xD_GlobalVariableDefs.obj (FlashPumpSemaphoreRegsFile)

RomPrefetchRegsFile 
*          1    0005e608    00000002     UNINITIALIZED
                  0005e608    00000002     F2837xD_GlobalVariableDefs.obj (RomPrefetchRegsFile)

DcsmZ1RegsFile 
*          1    0005f000    00000024     UNINITIALIZED
                  0005f000    00000024     F2837xD_GlobalVariableDefs.obj (DcsmZ1RegsFile)

DcsmZ2RegsFile 
*          1    0005f040    00000024     UNINITIALIZED
                  0005f040    00000024     F2837xD_GlobalVariableDefs.obj (DcsmZ2RegsFile)

DcsmCommonRegsFile 
*          1    0005f070    00000008     UNINITIALIZED
                  0005f070    00000008     F2837xD_GlobalVariableDefs.obj (DcsmCommonRegsFile)

MemCfgRegsFile 
*          1    0005f400    00000080     UNINITIALIZED
                  0005f400    00000080     F2837xD_GlobalVariableDefs.obj (MemCfgRegsFile)

Emif1ConfigRegsFile 
*          1    0005f480    00000020     UNINITIALIZED
                  0005f480    00000020     F2837xD_GlobalVariableDefs.obj (Emif1ConfigRegsFile)

Emif2ConfigRegsFile 
*          1    0005f4a0    00000020     UNINITIALIZED
                  0005f4a0    00000020     F2837xD_GlobalVariableDefs.obj (Emif2ConfigRegsFile)

AccessProtectionRegsFile 
*          1    0005f4c0    00000040     UNINITIALIZED
                  0005f4c0    00000040     F2837xD_GlobalVariableDefs.obj (AccessProtectionRegsFile)

MemoryErrorRegsFile 
*          1    0005f500    00000040     UNINITIALIZED
                  0005f500    00000040     F2837xD_GlobalVariableDefs.obj (MemoryErrorRegsFile)

RomWaitStateRegsFile 
*          1    0005f540    00000002     UNINITIALIZED
                  0005f540    00000002     F2837xD_GlobalVariableDefs.obj (RomWaitStateRegsFile)

Flash0CtrlRegsFile 
*          1    0005f800    00000182     UNINITIALIZED
                  0005f800    00000182     F2837xD_GlobalVariableDefs.obj (Flash0CtrlRegsFile)

Flash0EccRegsFile 
*          1    0005fb00    00000028     UNINITIALIZED
                  0005fb00    00000028     F2837xD_GlobalVariableDefs.obj (Flash0EccRegsFile)

DcsmZ1OtpFile 
*          1    00078000    00000020     NOLOAD SECTION
                  00078000    00000020     F2837xD_GlobalVariableDefs.obj (DcsmZ1OtpFile)

DcsmZ2OtpFile 
*          1    00078200    00000020     NOLOAD SECTION
                  00078200    00000020     F2837xD_GlobalVariableDefs.obj (DcsmZ2OtpFile)

DevCfgRegsFile 
*          1    0005d000    0000012e     UNINITIALIZED
                  0005d000    0000012e     F2837xD_GlobalVariableDefs.obj (DevCfgRegsFile)

ClkCfgRegsFile 
*          1    0005d200    00000032     UNINITIALIZED
                  0005d200    00000032     F2837xD_GlobalVariableDefs.obj (ClkCfgRegsFile)

CpuSysRegsFile 
*          1    0005d300    00000082     UNINITIALIZED
                  0005d300    00000082     F2837xD_GlobalVariableDefs.obj (CpuSysRegsFile)

.text      0    0008208c    0000193f     
                  0008208c    00000585     F2837xD_DefaultISR.obj (.text:retain)
                  00082611    0000037b     F2837xD_SysCtrl.obj (.text)
                  0008298c    00000206     Example_F28379D_LaunchPadDemo.obj (.text)
                  00082b92    000001d0     F2837xD_Gpio.obj (.text)
                  00082d62    000001b7     rts2800_fpu32.lib : trgdrv.obj (.text)
                  00082f19    00000188                       : _printfi_min.obj (.text)
                  000830a1    0000015c                       : lowlev.obj (.text)
                  000831fd    000000f7                       : fopen.obj (.text)
                  000832f4    000000d1                       : memory.obj (.text)
                  000833c5    000000cf     F2837xD_Adc.obj (.text)
                  00083494    0000009f     rts2800_fpu32.lib : fputs.obj (.text)
                  00083533    00000001                       : _lock.obj (.text)
                  00083534    00000094                       : trgmsg.obj (.text)
                  000835c8    00000089                       : setvbuf.obj (.text)
                  00083651    0000007f                       : fclose.obj (.text)
                  000836d0    00000056                       : boot28.obj (.text)
                  00083726    00000053                       : fputc.obj (.text)
                  00083779    00000040                       : fseek.obj (.text)
                  000837b9    00000040     sci_io.obj (.text)
                  000837f9    0000003b     rts2800_fpu32.lib : _io_perm.obj (.text)
                  00083834    00000034                       : printf.obj (.text)
                  00083868    0000002f                       : fflush.obj (.text)
                  00083897    00000029                       : exit.obj (.text)
                  000838c0    00000028     F2837xD_PieCtrl.obj (.text)
                  000838e8    00000024     rts2800_fpu32.lib : cpy_tbl.obj (.text)
                  0008390c    0000001d                       : strncpy.obj (.text)
                  00083929    0000001c                       : memcpy.obj (.text)
                  00083945    00000019                       : args_main.obj (.text)
                  0008395e    00000019                       : prolog28.obj (.text)
                  00083977    00000011     F2837xD_PieVect.obj (.text)
                  00083988    00000010     rts2800_fpu32.lib : memchr.obj (.text)
                  00083998    0000000d                       : memccpy.obj (.text)
                  000839a5    0000000c                       : epilog28.obj (.text)
                  000839b1    0000000b                       : memset.obj (.text)
                  000839bc    00000008                       : strlen.obj (.text)
                  000839c4    00000004                       : strcpy.obj (.text)
                  000839c8    00000002                       : pre_init.obj (.text)
                  000839ca    00000001                       : startup.obj (.text)

.ebss.1    1    0000ad20    00000197     UNINITIALIZED
                  0000ad20    00000018     F2837xD_CpuTimers.obj (.ebss)
                  0000ad38    00000008     rts2800_fpu32.lib : memory.obj (.ebss)
                  0000ad40    00000160                       : defs.obj (.ebss)
                  0000aea0    00000008                       : trgdrv.obj (.ebss)
                  0000aea8    00000006                       : exit.obj (.ebss)
                  0000aeae    00000003     Example_F28379D_LaunchPadDemo.obj (.ebss)
                  0000aeb1    00000001     rts2800_fpu32.lib : fopen.obj (.ebss)
                  0000aeb2    00000002                       : _lock.obj (.ebss:__lock)
                  0000aeb4    00000002                       : _lock.obj (.ebss:__unlock)
                  0000aeb6    00000001     sci_io.obj (.ebss)

.ebss.2    1    0000aec0    00000088     UNINITIALIZED
                  0000aec0    00000088     rts2800_fpu32.lib : lowlev.obj (.ebss)

MODULE SUMMARY

       Module                              code   initialized data   uninitialized data
       ------                              ----   ----------------   ------------------
    ./
       Example_F28379D_LaunchPadDemo.obj   518    3717               3                 
       sci_io.obj                          64     0                  1                 
    +--+-----------------------------------+------+------------------+--------------------+
       Total:                              582    3717               4                 
                                                                                       
    ./bsp/
       F2837xD_GlobalVariableDefs.obj      0      0                  8759              
       F2837xD_DefaultISR.obj              1413   0                  0                 
       F2837xD_SysCtrl.obj                 891    0                  0                 
       F2837xD_PieVect.obj                 17     448                0                 
       F2837xD_Gpio.obj                    464    0                  0                 
       F2837xD_Adc.obj                     207    0                  0                 
       F2837xD_PieCtrl.obj                 40     0                  0                 
       F2837xD_CpuTimers.obj               0      0                  24                
       F2837xD_usDelay.obj                 8      0                  0                 
       F2837xD_CodeStartBranch.obj         2      0                  0                 
    +--+-----------------------------------+------+------------------+--------------------+
       Total:                              3042   448                8783              
                                                                                       
    /tmp/
       06407Wk82Ax                         0      113                0                 
    +--+-----------------------------------+------+------------------+--------------------+
       Total:                              0      113                0                 
                                                                                       
    /opt/ti/ccsv7/tools/compiler/ti-cgt-c2000_17.3.0.STS/lib/rts2800_fpu32.lib
       lowlev.obj                          348    0                  136               
       trgdrv.obj                          439    0                  8                 
       trgmsg.obj                          148    0                  288               
       _printfi_min.obj                    392    20                 0                 
       defs.obj                            0      0                  352               
       fopen.obj                           247    0                  1                 
       memory.obj                          209    0                  8                 
       fputs.obj                           159    0                  0                 
       setvbuf.obj                         137    0                  0                 
       fclose.obj                          127    0                  0                 
       boot28.obj                          86     0                  0                 
       fputc.obj                           83     0                  0                 
       fseek.obj                           64     0                  0                 
       exit.obj                            41     14                 6                 
       _io_perm.obj                        59     0                  0                 
       printf.obj                          52     0                  0                 
       fflush.obj                          47     0                  0                 
       cpy_tbl.obj                         36     0                  0                 
       strncpy.obj                         29     0                  0                 
       memcpy.obj                          28     0                  0                 
       args_main.obj                       25     0                  0                 
       prolog28.obj                        25     0                  0                 
       memchr.obj                          16     0                  0                 
       memccpy.obj                         13     0                  0                 
       epilog28.obj                        12     0                  0                 
       memset.obj                          11     0                  0                 
       strlen.obj                          8      0                  0                 
       _lock.obj                           1      0                  4                 
       strcpy.obj                          4      0                  0                 
       pre_init.obj                        2      0                  0                 
       startup.obj                         1      0                  0                 
    +--+-----------------------------------+------+------------------+--------------------+
       Total:                              2849   34                 803               
                                                                                       
       Heap:                               0      0                  1024              
       Stack:                              0      0                  256               
    +--+-----------------------------------+------+------------------+--------------------+
       Grand Total:                        6473   4312               10870             


GLOBAL DATA SYMBOLS: SORTED BY DATA PAGE

address     data page           name
--------    ----------------    ----
00000400      10 (00000400)     __stack

00000b00      2c (00000b00)     _AdcaResultRegs
00000b20      2c (00000b00)     _AdcbResultRegs

00000b40      2d (00000b40)     _AdccResultRegs
00000b60      2d (00000b40)     _AdcdResultRegs

00000c00      30 (00000c00)     _CpuTimer0Regs
00000c08      30 (00000c00)     _CpuTimer1Regs
00000c10      30 (00000c00)     _CpuTimer2Regs

00000ce0      33 (00000cc0)     _Cla1SoftIntRegs
00000ce0      33 (00000cc0)     _PieCtrlRegs

00000d00      34 (00000d00)     _EmuKey
00000d00      34 (00000d00)     _PieVectTable
00000d01      34 (00000d00)     _EmuBMode

00001000      40 (00001000)     _DmaRegs

00001400      50 (00001400)     _Cla1Regs

00004000     100 (00004000)     _EPwm1Regs

00004100     104 (00004100)     _EPwm2Regs

00004200     108 (00004200)     _EPwm3Regs

00004300     10c (00004300)     _EPwm4Regs

00004400     110 (00004400)     _EPwm5Regs

00004500     114 (00004500)     _EPwm6Regs

00004600     118 (00004600)     _EPwm7Regs

00004700     11c (00004700)     _EPwm8Regs

00004800     120 (00004800)     _EPwm9Regs

00004900     124 (00004900)     _EPwm10Regs

00004a00     128 (00004a00)     _EPwm11Regs

00004b00     12c (00004b00)     _EPwm12Regs

00005000     140 (00005000)     _ECap1Regs
00005020     140 (00005000)     _ECap2Regs

00005040     141 (00005040)     _ECap3Regs
00005060     141 (00005040)     _ECap4Regs

00005080     142 (00005080)     _ECap5Regs
000050a0     142 (00005080)     _ECap6Regs

00005100     144 (00005100)     _EQep1Regs

00005140     145 (00005140)     _EQep2Regs

00005180     146 (00005180)     _EQep3Regs

00005c00     170 (00005c00)     _DacaRegs
00005c10     170 (00005c00)     _DacbRegs
00005c20     170 (00005c00)     _DaccRegs

00005c80     172 (00005c80)     _Cmpss1Regs
00005ca0     172 (00005c80)     _Cmpss2Regs

00005cc0     173 (00005cc0)     _Cmpss3Regs
00005ce0     173 (00005cc0)     _Cmpss4Regs

00005d00     174 (00005d00)     _Cmpss5Regs
00005d20     174 (00005d00)     _Cmpss6Regs

00005d40     175 (00005d40)     _Cmpss7Regs
00005d60     175 (00005d40)     _Cmpss8Regs

00005e00     178 (00005e00)     _Sdfm1Regs

00005e80     17a (00005e80)     _Sdfm2Regs

00006000     180 (00006000)     _McbspaRegs

00006040     181 (00006040)     _McbspbRegs

00006100     184 (00006100)     _SpiaRegs
00006110     184 (00006100)     _SpibRegs
00006120     184 (00006100)     _SpicRegs

00006200     188 (00006200)     _UppRegs

00007000     1c0 (00007000)     _WdRegs

00007060     1c1 (00007040)     _NmiIntruptRegs
00007070     1c1 (00007040)     _XintRegs

00007200     1c8 (00007200)     _SciaRegs
00007210     1c8 (00007200)     _ScibRegs
00007220     1c8 (00007200)     _ScicRegs
00007230     1c8 (00007200)     _ScidRegs

00007300     1cc (00007300)     _I2caRegs

00007340     1cd (00007340)     _I2cbRegs

00007400     1d0 (00007400)     _AdcaRegs

00007480     1d2 (00007480)     _AdcbRegs

00007500     1d4 (00007500)     _AdccRegs

00007580     1d6 (00007580)     _AdcdRegs

00007900     1e4 (00007900)     _InputXbarRegs
00007920     1e4 (00007900)     _XbarRegs

00007940     1e5 (00007940)     _SyncSocRegs

00007980     1e6 (00007980)     _DmaClaSrcSelRegs

00007a00     1e8 (00007a00)     _EPwmXbarRegs

00007a80     1ea (00007a80)     _OutputXbarRegs

00007c00     1f0 (00007c00)     _GpioCtrlRegs

00007f00     1fc (00007f00)     _GpioDataRegs

0000a800     2a0 (0000a800)     __sys_memory

0000ac00     2b0 (0000ac00)     __CIOBUF_

0000ad20     2b4 (0000ad00)     _CpuTimer0
0000ad28     2b4 (0000ad00)     _CpuTimer1
0000ad30     2b4 (0000ad00)     _CpuTimer2

0000ad40     2b5 (0000ad40)     ___TI_ft_end

0000ad80     2b6 (0000ad80)     __ftable

0000ae00     2b8 (0000ae00)     ___TI_tmpnams

0000aea8     2ba (0000ae80)     ___TI_enable_exit_profile_output
0000aeaa     2ba (0000ae80)     ___TI_cleanup_ptr
0000aeac     2ba (0000ae80)     ___TI_dtors_ptr
0000aeae     2ba (0000ae80)     _currentSample
0000aeb2     2ba (0000ae80)     __lock
0000aeb4     2ba (0000ae80)     __unlock
0000aeb6     2ba (0000ae80)     _deviceOpen

00047000    11c0 (00047000)     _Emif1Regs

00047800    11e0 (00047800)     _Emif2Regs

00048000    1200 (00048000)     _CanaRegs

0004a000    1280 (0004a000)     _CanbRegs

00050000    1400 (00050000)     _IpcRegs
00050024    1400 (00050000)     _FlashPumpSemaphoreRegs

0005d000    1740 (0005d000)     _DevCfgRegs

0005d180    1746 (0005d180)     _AnalogSubsysRegs

0005d200    1748 (0005d200)     _ClkCfgRegs

0005d300    174c (0005d300)     _CpuSysRegs

0005e608    1798 (0005e600)     _RomPrefetchRegs

0005f000    17c0 (0005f000)     _DcsmZ1Regs

0005f040    17c1 (0005f040)     _DcsmZ2Regs
0005f070    17c1 (0005f040)     _DcsmCommonRegs

0005f400    17d0 (0005f400)     _MemCfgRegs

0005f480    17d2 (0005f480)     _Emif1ConfigRegs
0005f4a0    17d2 (0005f480)     _Emif2ConfigRegs

0005f4c0    17d3 (0005f4c0)     _AccessProtectionRegs

0005f500    17d4 (0005f500)     _MemoryErrorRegs

0005f540    17d5 (0005f540)     _RomWaitStateRegs

0005f800    17e0 (0005f800)     _Flash0CtrlRegs

0005fb00    17ec (0005fb00)     _Flash0EccRegs

00078000    1e00 (00078000)     _DcsmZ1Otp

00078200    1e08 (00078200)     _DcsmZ2Otp

00090000    2400 (00090000)     _ti_ascii

00090e3e    2438 (00090e00)     _PieVectTableInit

0009101e    2440 (00091000)     _pucTempString

00091048    2441 (00091040)     _escRed
0009104d    2441 (00091040)     _escWhite


GLOBAL SYMBOLS: SORTED ALPHABETICALLY BY Name 

page  address   name                                  
----  -------   ----                                  
abs   ffffffff  .text                                 
0     00083897  C$$EXIT                               
0     00083587  C$$IO$$                               
0     00082607  _ADCA1_ISR                            
0     000825fd  _ADCA2_ISR                            
0     000825f3  _ADCA3_ISR                            
0     000825e9  _ADCA4_ISR                            
0     000825df  _ADCA_EVT_ISR                         
0     000825d5  _ADCB1_ISR                            
0     000825cb  _ADCB2_ISR                            
0     000825c1  _ADCB3_ISR                            
0     000825b7  _ADCB4_ISR                            
0     000825ad  _ADCB_EVT_ISR                         
0     000825a3  _ADCC1_ISR                            
0     00082599  _ADCC2_ISR                            
0     0008258f  _ADCC3_ISR                            
0     00082585  _ADCC4_ISR                            
0     0008257b  _ADCC_EVT_ISR                         
0     00082571  _ADCD1_ISR                            
0     00082567  _ADCD2_ISR                            
0     0008255d  _ADCD3_ISR                            
0     00082553  _ADCD4_ISR                            
0     00082549  _ADCD_EVT_ISR                         
0     0008253f  _AUX_PLL_SLIP_ISR                     
1     0005f4c0  _AccessProtectionRegs                 
0     000833c5  _AdcSetMode                           
1     00007400  _AdcaRegs                             
1     00000b00  _AdcaResultRegs                       
1     00007480  _AdcbRegs                             
1     00000b20  _AdcbResultRegs                       
1     00007500  _AdccRegs                             
1     00000b40  _AdccResultRegs                       
1     00007580  _AdcdRegs                             
1     00000b60  _AdcdResultRegs                       
1     0005d180  _AnalogSubsysRegs                     
0     00082817  _AuxAuxClkSel                         
0     00082832  _AuxIntOsc2Sel                        
0     00082821  _AuxXtalOscSel                        
0     00082535  _CANA0_ISR                            
0     0008252b  _CANA1_ISR                            
0     00082521  _CANB0_ISR                            
0     00082517  _CANB1_ISR                            
0     0008250d  _CLA1_1_ISR                           
0     00082503  _CLA1_2_ISR                           
0     000824f9  _CLA1_3_ISR                           
0     000824ef  _CLA1_4_ISR                           
0     000824e5  _CLA1_5_ISR                           
0     000824db  _CLA1_6_ISR                           
0     000824d1  _CLA1_7_ISR                           
0     000824c7  _CLA1_8_ISR                           
0     000824bd  _CLA_OVERFLOW_ISR                     
0     000824b3  _CLA_UNDERFLOW_ISR                    
1     00048000  _CanaRegs                             
1     0004a000  _CanbRegs                             
1     00001400  _Cla1Regs                             
0     00000ce0  _Cla1SoftIntRegs                      
1     0005d200  _ClkCfgRegs                           
1     00005c80  _Cmpss1Regs                           
1     00005ca0  _Cmpss2Regs                           
1     00005cc0  _Cmpss3Regs                           
1     00005ce0  _Cmpss4Regs                           
1     00005d00  _Cmpss5Regs                           
1     00005d20  _Cmpss6Regs                           
1     00005d40  _Cmpss7Regs                           
1     00005d60  _Cmpss8Regs                           
1     0005d300  _CpuSysRegs                           
1     0000ad20  _CpuTimer0                            
1     00000c00  _CpuTimer0Regs                        
1     0000ad28  _CpuTimer1                            
1     00000c08  _CpuTimer1Regs                        
1     0000ad30  _CpuTimer2                            
1     00000c10  _CpuTimer2Regs                        
0     0008296b  _CsmUnlock                            
0     000824a9  _DATALOG_ISR                          
0     0008249f  _DMA_CH1_ISR                          
0     00082495  _DMA_CH2_ISR                          
0     0008248b  _DMA_CH3_ISR                          
0     00082481  _DMA_CH4_ISR                          
0     00082477  _DMA_CH5_ISR                          
0     0008246d  _DMA_CH6_ISR                          
1     00005c00  _DacaRegs                             
1     00005c10  _DacbRegs                             
1     00005c20  _DaccRegs                             
1     0005f070  _DcsmCommonRegs                       
1     00078000  _DcsmZ1Otp                            
1     0005f000  _DcsmZ1Regs                           
1     00078200  _DcsmZ2Otp                            
1     0005f040  _DcsmZ2Regs                           
1     0005d000  _DevCfgRegs                           
0     00082729  _DisableDog                           
0     00082912  _DisablePeripheralClocks              
1     00007980  _DmaClaSrcSelRegs                     
1     00001000  _DmaRegs                              
0     00082463  _ECAP1_ISR                            
0     00082459  _ECAP2_ISR                            
0     0008244f  _ECAP3_ISR                            
0     00082445  _ECAP4_ISR                            
0     0008243b  _ECAP5_ISR                            
0     00082431  _ECAP6_ISR                            
1     00005000  _ECap1Regs                            
1     00005020  _ECap2Regs                            
1     00005040  _ECap3Regs                            
1     00005060  _ECap4Regs                            
1     00005080  _ECap5Regs                            
1     000050a0  _ECap6Regs                            
0     00082427  _EMIF_ERROR_ISR                       
0     0008241a  _EMPTY_ISR                            
0     00082410  _EMU_ISR                              
0     00082406  _EPWM10_ISR                           
0     000823fc  _EPWM10_TZ_ISR                        
0     000823f2  _EPWM11_ISR                           
0     000823e8  _EPWM11_TZ_ISR                        
0     000823de  _EPWM12_ISR                           
0     000823d4  _EPWM12_TZ_ISR                        
0     000823ca  _EPWM1_ISR                            
0     000823c0  _EPWM1_TZ_ISR                         
0     000823b6  _EPWM2_ISR                            
0     000823ac  _EPWM2_TZ_ISR                         
0     000823a2  _EPWM3_ISR                            
0     00082398  _EPWM3_TZ_ISR                         
0     0008238e  _EPWM4_ISR                            
0     00082384  _EPWM4_TZ_ISR                         
0     0008237a  _EPWM5_ISR                            
0     00082370  _EPWM5_TZ_ISR                         
0     00082366  _EPWM6_ISR                            
0     0008235c  _EPWM6_TZ_ISR                         
0     00082352  _EPWM7_ISR                            
0     00082348  _EPWM7_TZ_ISR                         
0     0008233e  _EPWM8_ISR                            
0     00082334  _EPWM8_TZ_ISR                         
0     0008232a  _EPWM9_ISR                            
0     00082320  _EPWM9_TZ_ISR                         
1     00004900  _EPwm10Regs                           
1     00004a00  _EPwm11Regs                           
1     00004b00  _EPwm12Regs                           
1     00004000  _EPwm1Regs                            
1     00004100  _EPwm2Regs                            
1     00004200  _EPwm3Regs                            
1     00004300  _EPwm4Regs                            
1     00004400  _EPwm5Regs                            
1     00004500  _EPwm6Regs                            
1     00004600  _EPwm7Regs                            
1     00004700  _EPwm8Regs                            
1     00004800  _EPwm9Regs                            
1     00007a00  _EPwmXbarRegs                         
0     00082316  _EQEP1_ISR                            
0     0008230c  _EQEP2_ISR                            
0     00082302  _EQEP3_ISR                            
1     00005100  _EQep1Regs                            
1     00005140  _EQep2Regs                            
1     00005180  _EQep3Regs                            
1     0005f480  _Emif1ConfigRegs                      
1     00047000  _Emif1Regs                            
1     0005f4a0  _Emif2ConfigRegs                      
1     00047800  _Emif2Regs                            
1     00000d01  _EmuBMode                             
1     00000d00  _EmuKey                               
0     000838df  _EnableInterrupts                     
0     00008000  _F28x_usDelay                         
0     000822f8  _FLASH_CORRECTABLE_ERROR_ISR          
0     000822ee  _FPU_OVERFLOW_ISR                     
0     000822e4  _FPU_UNDERFLOW_ISR                    
1     0005f800  _Flash0CtrlRegs                       
1     0005fb00  _Flash0EccRegs                        
1     00050024  _FlashPumpSemaphoreRegs               
0     00082d52  _GPIO_EnableUnbondedIOPullups         
0     00082d2d  _GPIO_EnableUnbondedIOPullupsFor100Pin
0     00082d14  _GPIO_EnableUnbondedIOPullupsFor176Pin
0     00082d00  _GPIO_ReadPin                         
0     00082cde  _GPIO_SetupLock                       
0     00082c89  _GPIO_SetupPinMux                     
0     00082c06  _GPIO_SetupPinOptions                 
0     00082bff  _GPIO_SetupXINT1Gpio                  
0     00082bf8  _GPIO_SetupXINT2Gpio                  
0     00082bf1  _GPIO_SetupXINT3Gpio                  
0     00082bea  _GPIO_SetupXINT4Gpio                  
0     00082be3  _GPIO_SetupXINT5Gpio                  
0     00082bc9  _GPIO_WritePin                        
1     00007c00  _GpioCtrlRegs                         
1     00007f00  _GpioDataRegs                         
0     00082952  _HALT                                 
0     0008292f  _HIB                                  
0     00082da4  _HOSTclose                            
0     00082e44  _HOSTlseek                            
0     00082d62  _HOSTopen                             
0     00082dcd  _HOSTread                             
0     00082ece  _HOSTrename                           
0     00082ea5  _HOSTunlink                           
0     00082e0c  _HOSTwrite                            
0     000822da  _I2CA_FIFO_ISR                        
0     000822d0  _I2CA_ISR                             
0     000822c6  _I2CB_FIFO_ISR                        
0     000822bc  _I2CB_ISR                             
1     00007300  _I2caRegs                             
1     00007340  _I2cbRegs                             
0     00082909  _IDLE                                 
0     000822b2  _ILLEGAL_ISR                          
0     000822a8  _IPC0_ISR                             
0     0008229e  _IPC1_ISR                             
0     00082294  _IPC2_ISR                             
0     0008228a  _IPC3_ISR                             
0     0008283f  _InitAuxPll                           
0     00082b92  _InitGpio                             
0     00082736  _InitPeripheralClocks                 
0     000838c0  _InitPieCtrl                          
0     00083977  _InitPieVectTable                     
0     000827df  _InitSysCtrl                          
0     0008266a  _InitSysPll                           
1     00007900  _InputXbarRegs                        
1     00050000  _IpcRegs                              
0     00082280  _MCBSPA_RX_ISR                        
0     00082276  _MCBSPA_TX_ISR                        
0     0008226c  _MCBSPB_RX_ISR                        
0     00082262  _MCBSPB_TX_ISR                        
1     00006000  _McbspaRegs                           
1     00006040  _McbspbRegs                           
1     0005f400  _MemCfgRegs                           
1     0005f500  _MemoryErrorRegs                      
0     00082258  _NMI_ISR                              
0     0008224e  _NOTUSED_ISR                          
1     00007060  _NmiIntruptRegs                       
1     00007a80  _OutputXbarRegs                       
0     00082244  _PIE_RESERVED_ISR                     
1     00000ce0  _PieCtrlRegs                          
1     00000d00  _PieVectTable                         
0     00090e3e  _PieVectTableInit                     
0     0008223a  _RAM_ACCESS_VIOLATION_ISR             
0     00082230  _RAM_CORRECTABLE_ERROR_ISR            
0     00082226  _RTOS_ISR                             
0     00086004  _RamfuncsLoadEnd                      
abs   00000004  _RamfuncsLoadSize                     
0     00086000  _RamfuncsLoadStart                    
0     00008004  _RamfuncsRunEnd                       
abs   00000004  _RamfuncsRunSize                      
0     00008000  _RamfuncsRunStart                     
0     00082660  _ReleaseFlashPump                     
1     0005e608  _RomPrefetchRegs                      
1     0005f540  _RomWaitStateRegs                     
0     0008221c  _SCIA_RX_ISR                          
0     00082212  _SCIA_TX_ISR                          
0     00082208  _SCIB_RX_ISR                          
0     000821fe  _SCIB_TX_ISR                          
0     000821f4  _SCIC_RX_ISR                          
0     000821ea  _SCIC_TX_ISR                          
0     000821e0  _SCID_RX_ISR                          
0     000821d6  _SCID_TX_ISR                          
0     000837ed  _SCI_close                            
0     000837eb  _SCI_lseek                            
0     000837e0  _SCI_open                             
0     000837ce  _SCI_read                             
0     000837cc  _SCI_rename                           
0     000837ca  _SCI_unlink                           
0     000837b9  _SCI_write                            
0     000821cc  _SD1_ISR                              
0     000821c2  _SD2_ISR                              
0     000821b8  _SPIA_RX_ISR                          
0     000821ae  _SPIA_TX_ISR                          
0     000821a4  _SPIB_RX_ISR                          
0     0008219a  _SPIB_TX_ISR                          
0     00082190  _SPIC_RX_ISR                          
0     00082186  _SPIC_TX_ISR                          
0     00082655  _STANDBY                              
0     0008217c  _SYS_PLL_SLIP_ISR                     
1     00007200  _SciaRegs                             
1     00007210  _ScibRegs                             
1     00007220  _ScicRegs                             
1     00007230  _ScidRegs                             
1     00005e00  _Sdfm1Regs                            
1     00005e80  _Sdfm2Regs                            
0     00082643  _SeizeFlashPump                       
0     00082635  _ServiceDog                           
1     00006100  _SpiaRegs                             
1     00006110  _SpibRegs                             
1     00006120  _SpicRegs                             
1     00007940  _SyncSocRegs                          
0     00082629  _SysIntOsc1Sel                        
0     0008261d  _SysIntOsc2Sel                        
0     00082611  _SysXtalOscSel                        
0     00082172  _TIMER0_ISR                           
0     00082168  _TIMER1_ISR                           
0     0008215e  _TIMER2_ISR                           
0     00082154  _UPPA_ISR                             
0     0008214a  _USBA_ISR                             
0     00082140  _USER10_ISR                           
0     00082136  _USER11_ISR                           
0     0008212c  _USER12_ISR                           
0     00082122  _USER1_ISR                            
0     00082118  _USER2_ISR                            
0     0008210e  _USER3_ISR                            
0     00082104  _USER4_ISR                            
0     000820fa  _USER5_ISR                            
0     000820f0  _USER6_ISR                            
0     000820e6  _USER7_ISR                            
0     000820dc  _USER8_ISR                            
0     000820d2  _USER9_ISR                            
1     00006200  _UppRegs                              
0     000820c8  _VCU_ISR                              
0     000820be  _WAKE_ISR                             
1     00007000  _WdRegs                               
0     000820b4  _XINT1_ISR                            
0     000820aa  _XINT2_ISR                            
0     000820a0  _XINT3_ISR                            
0     00082096  _XINT4_ISR                            
0     0008208c  _XINT5_ISR                            
1     00007920  _XbarRegs                             
1     00007070  _XintRegs                             
1     0000ac00  __CIOBUF_                             
1     00000500  __STACK_END                           
abs   00000100  __STACK_SIZE                          
abs   00000400  __SYSMEM_SIZE                         
0     000831fd  ___TI_cleanup                         
1     0000aeaa  ___TI_cleanup_ptr                     
0     00083651  ___TI_closefile                       
0     00083868  ___TI_doflush                         
1     0000aeac  ___TI_dtors_ptr                       
1     0000aea8  ___TI_enable_exit_profile_output      
1     0000ad40  ___TI_ft_end                          
abs   ffffffff  ___TI_pprof_out_hndl                  
0     00083026  ___TI_printfi_minimal                 
abs   ffffffff  ___TI_prof_data_size                  
abs   ffffffff  ___TI_prof_data_start                 
0     0008358c  ___TI_readmsg                         
1     0000ae00  ___TI_tmpnams                         
0     00083534  ___TI_writemsg                        
0     000837f9  ___TI_wrt_ok                          
abs   ffffffff  ___binit__                            
abs   ffffffff  ___c_args__                           
0     00082000  ___cinit__                            
abs   ffffffff  ___etext__                            
abs   ffffffff  ___pinit__                            
abs   ffffffff  ___text__                             
0     00083945  __args_main                           
1     0000ad80  __ftable                              
1     0000aeb2  __lock                                
0     00083533  __nop                                 
1     00000400  __stack                               
1     0000a800  __sys_memory                          
0     000839ca  __system_post_cinit                   
0     000839c8  __system_pre_init                     
1     0000aeb4  __unlock                              
0     00083897  _abort                                
0     00083180  _add_device                           
0     000836d0  _c_int00                              
0     00082a18  _clearTextBox                         
0     000838e8  _copy_in                              
1     0000aeae  _currentSample                        
1     0000aeb6  _deviceOpen                           
0     000829bd  _drawTILogo                           
0     000839a5  _epilog_c28x_1                        
0     000839a9  _epilog_c28x_2                        
0     00091048  _escRed                               
0     0009104d  _escWhite                             
0     00083899  _exit                                 
0     000832ae  _fopen                                
0     00083726  _fputc                                
0     00083494  _fputs                                
0     000832f4  _free                                 
0     00083290  _freopen                              
0     00083779  _fseek                                
0     00082a75  _main                                 
0     00083342  _malloc                               
0     00083998  _memccpy                              
0     00083988  _memchr                               
0     00083929  _memcpy                               
0     000839b1  _memset                               
0     0008310a  _open                                 
0     0008383a  _printf                               
0     0008395e  _prolog_c28x_1                        
0     00083962  _prolog_c28x_2                        
0     0008396a  _prolog_c28x_3                        
0     0009101e  _pucTempString                        
0     00083774  _putchar                              
0     000829b1  _sampleADC                            
0     000829a1  _scia_init                            
0     000835c8  _setvbuf                              
0     000839c4  _strcpy                               
0     000839bc  _strlen                               
0     0008390c  _strncpy                              
0     00090000  _ti_ascii                             
0     0008298c  _updateDisplay                        
0     000830f1  _write                                
abs   ffffffff  binit                                 
0     00082000  cinit                                 
0     00080000  code_start                            
abs   ffffffff  etext                                 
abs   ffffffff  pinit                                 


GLOBAL SYMBOLS: SORTED BY Symbol Address 

page  address   name                                  
----  -------   ----                                  
0     00000ce0  _Cla1SoftIntRegs                      
0     00008000  _F28x_usDelay                         
0     00008000  _RamfuncsRunStart                     
0     00008004  _RamfuncsRunEnd                       
0     00080000  code_start                            
0     00082000  ___cinit__                            
0     00082000  cinit                                 
0     0008208c  _XINT5_ISR                            
0     00082096  _XINT4_ISR                            
0     000820a0  _XINT3_ISR                            
0     000820aa  _XINT2_ISR                            
0     000820b4  _XINT1_ISR                            
0     000820be  _WAKE_ISR                             
0     000820c8  _VCU_ISR                              
0     000820d2  _USER9_ISR                            
0     000820dc  _USER8_ISR                            
0     000820e6  _USER7_ISR                            
0     000820f0  _USER6_ISR                            
0     000820fa  _USER5_ISR                            
0     00082104  _USER4_ISR                            
0     0008210e  _USER3_ISR                            
0     00082118  _USER2_ISR                            
0     00082122  _USER1_ISR                            
0     0008212c  _USER12_ISR                           
0     00082136  _USER11_ISR                           
0     00082140  _USER10_ISR                           
0     0008214a  _USBA_ISR                             
0     00082154  _UPPA_ISR                             
0     0008215e  _TIMER2_ISR                           
0     00082168  _TIMER1_ISR                           
0     00082172  _TIMER0_ISR                           
0     0008217c  _SYS_PLL_SLIP_ISR                     
0     00082186  _SPIC_TX_ISR                          
0     00082190  _SPIC_RX_ISR                          
0     0008219a  _SPIB_TX_ISR                          
0     000821a4  _SPIB_RX_ISR                          
0     000821ae  _SPIA_TX_ISR                          
0     000821b8  _SPIA_RX_ISR                          
0     000821c2  _SD2_ISR                              
0     000821cc  _SD1_ISR                              
0     000821d6  _SCID_TX_ISR                          
0     000821e0  _SCID_RX_ISR                          
0     000821ea  _SCIC_TX_ISR                          
0     000821f4  _SCIC_RX_ISR                          
0     000821fe  _SCIB_TX_ISR                          
0     00082208  _SCIB_RX_ISR                          
0     00082212  _SCIA_TX_ISR                          
0     0008221c  _SCIA_RX_ISR                          
0     00082226  _RTOS_ISR                             
0     00082230  _RAM_CORRECTABLE_ERROR_ISR            
0     0008223a  _RAM_ACCESS_VIOLATION_ISR             
0     00082244  _PIE_RESERVED_ISR                     
0     0008224e  _NOTUSED_ISR                          
0     00082258  _NMI_ISR                              
0     00082262  _MCBSPB_TX_ISR                        
0     0008226c  _MCBSPB_RX_ISR                        
0     00082276  _MCBSPA_TX_ISR                        
0     00082280  _MCBSPA_RX_ISR                        
0     0008228a  _IPC3_ISR                             
0     00082294  _IPC2_ISR                             
0     0008229e  _IPC1_ISR                             
0     000822a8  _IPC0_ISR                             
0     000822b2  _ILLEGAL_ISR                          
0     000822bc  _I2CB_ISR                             
0     000822c6  _I2CB_FIFO_ISR                        
0     000822d0  _I2CA_ISR                             
0     000822da  _I2CA_FIFO_ISR                        
0     000822e4  _FPU_UNDERFLOW_ISR                    
0     000822ee  _FPU_OVERFLOW_ISR                     
0     000822f8  _FLASH_CORRECTABLE_ERROR_ISR          
0     00082302  _EQEP3_ISR                            
0     0008230c  _EQEP2_ISR                            
0     00082316  _EQEP1_ISR                            
0     00082320  _EPWM9_TZ_ISR                         
0     0008232a  _EPWM9_ISR                            
0     00082334  _EPWM8_TZ_ISR                         
0     0008233e  _EPWM8_ISR                            
0     00082348  _EPWM7_TZ_ISR                         
0     00082352  _EPWM7_ISR                            
0     0008235c  _EPWM6_TZ_ISR                         
0     00082366  _EPWM6_ISR                            
0     00082370  _EPWM5_TZ_ISR                         
0     0008237a  _EPWM5_ISR                            
0     00082384  _EPWM4_TZ_ISR                         
0     0008238e  _EPWM4_ISR                            
0     00082398  _EPWM3_TZ_ISR                         
0     000823a2  _EPWM3_ISR                            
0     000823ac  _EPWM2_TZ_ISR                         
0     000823b6  _EPWM2_ISR                            
0     000823c0  _EPWM1_TZ_ISR                         
0     000823ca  _EPWM1_ISR                            
0     000823d4  _EPWM12_TZ_ISR                        
0     000823de  _EPWM12_ISR                           
0     000823e8  _EPWM11_TZ_ISR                        
0     000823f2  _EPWM11_ISR                           
0     000823fc  _EPWM10_TZ_ISR                        
0     00082406  _EPWM10_ISR                           
0     00082410  _EMU_ISR                              
0     0008241a  _EMPTY_ISR                            
0     00082427  _EMIF_ERROR_ISR                       
0     00082431  _ECAP6_ISR                            
0     0008243b  _ECAP5_ISR                            
0     00082445  _ECAP4_ISR                            
0     0008244f  _ECAP3_ISR                            
0     00082459  _ECAP2_ISR                            
0     00082463  _ECAP1_ISR                            
0     0008246d  _DMA_CH6_ISR                          
0     00082477  _DMA_CH5_ISR                          
0     00082481  _DMA_CH4_ISR                          
0     0008248b  _DMA_CH3_ISR                          
0     00082495  _DMA_CH2_ISR                          
0     0008249f  _DMA_CH1_ISR                          
0     000824a9  _DATALOG_ISR                          
0     000824b3  _CLA_UNDERFLOW_ISR                    
0     000824bd  _CLA_OVERFLOW_ISR                     
0     000824c7  _CLA1_8_ISR                           
0     000824d1  _CLA1_7_ISR                           
0     000824db  _CLA1_6_ISR                           
0     000824e5  _CLA1_5_ISR                           
0     000824ef  _CLA1_4_ISR                           
0     000824f9  _CLA1_3_ISR                           
0     00082503  _CLA1_2_ISR                           
0     0008250d  _CLA1_1_ISR                           
0     00082517  _CANB1_ISR                            
0     00082521  _CANB0_ISR                            
0     0008252b  _CANA1_ISR                            
0     00082535  _CANA0_ISR                            
0     0008253f  _AUX_PLL_SLIP_ISR                     
0     00082549  _ADCD_EVT_ISR                         
0     00082553  _ADCD4_ISR                            
0     0008255d  _ADCD3_ISR                            
0     00082567  _ADCD2_ISR                            
0     00082571  _ADCD1_ISR                            
0     0008257b  _ADCC_EVT_ISR                         
0     00082585  _ADCC4_ISR                            
0     0008258f  _ADCC3_ISR                            
0     00082599  _ADCC2_ISR                            
0     000825a3  _ADCC1_ISR                            
0     000825ad  _ADCB_EVT_ISR                         
0     000825b7  _ADCB4_ISR                            
0     000825c1  _ADCB3_ISR                            
0     000825cb  _ADCB2_ISR                            
0     000825d5  _ADCB1_ISR                            
0     000825df  _ADCA_EVT_ISR                         
0     000825e9  _ADCA4_ISR                            
0     000825f3  _ADCA3_ISR                            
0     000825fd  _ADCA2_ISR                            
0     00082607  _ADCA1_ISR                            
0     00082611  _SysXtalOscSel                        
0     0008261d  _SysIntOsc2Sel                        
0     00082629  _SysIntOsc1Sel                        
0     00082635  _ServiceDog                           
0     00082643  _SeizeFlashPump                       
0     00082655  _STANDBY                              
0     00082660  _ReleaseFlashPump                     
0     0008266a  _InitSysPll                           
0     00082729  _DisableDog                           
0     00082736  _InitPeripheralClocks                 
0     000827df  _InitSysCtrl                          
0     00082817  _AuxAuxClkSel                         
0     00082821  _AuxXtalOscSel                        
0     00082832  _AuxIntOsc2Sel                        
0     0008283f  _InitAuxPll                           
0     00082909  _IDLE                                 
0     00082912  _DisablePeripheralClocks              
0     0008292f  _HIB                                  
0     00082952  _HALT                                 
0     0008296b  _CsmUnlock                            
0     0008298c  _updateDisplay                        
0     000829a1  _scia_init                            
0     000829b1  _sampleADC                            
0     000829bd  _drawTILogo                           
0     00082a18  _clearTextBox                         
0     00082a75  _main                                 
0     00082b92  _InitGpio                             
0     00082bc9  _GPIO_WritePin                        
0     00082be3  _GPIO_SetupXINT5Gpio                  
0     00082bea  _GPIO_SetupXINT4Gpio                  
0     00082bf1  _GPIO_SetupXINT3Gpio                  
0     00082bf8  _GPIO_SetupXINT2Gpio                  
0     00082bff  _GPIO_SetupXINT1Gpio                  
0     00082c06  _GPIO_SetupPinOptions                 
0     00082c89  _GPIO_SetupPinMux                     
0     00082cde  _GPIO_SetupLock                       
0     00082d00  _GPIO_ReadPin                         
0     00082d14  _GPIO_EnableUnbondedIOPullupsFor176Pin
0     00082d2d  _GPIO_EnableUnbondedIOPullupsFor100Pin
0     00082d52  _GPIO_EnableUnbondedIOPullups         
0     00082d62  _HOSTopen                             
0     00082da4  _HOSTclose                            
0     00082dcd  _HOSTread                             
0     00082e0c  _HOSTwrite                            
0     00082e44  _HOSTlseek                            
0     00082ea5  _HOSTunlink                           
0     00082ece  _HOSTrename                           
0     00083026  ___TI_printfi_minimal                 
0     000830f1  _write                                
0     0008310a  _open                                 
0     00083180  _add_device                           
0     000831fd  ___TI_cleanup                         
0     00083290  _freopen                              
0     000832ae  _fopen                                
0     000832f4  _free                                 
0     00083342  _malloc                               
0     000833c5  _AdcSetMode                           
0     00083494  _fputs                                
0     00083533  __nop                                 
0     00083534  ___TI_writemsg                        
0     00083587  C$$IO$$                               
0     0008358c  ___TI_readmsg                         
0     000835c8  _setvbuf                              
0     00083651  ___TI_closefile                       
0     000836d0  _c_int00                              
0     00083726  _fputc                                
0     00083774  _putchar                              
0     00083779  _fseek                                
0     000837b9  _SCI_write                            
0     000837ca  _SCI_unlink                           
0     000837cc  _SCI_rename                           
0     000837ce  _SCI_read                             
0     000837e0  _SCI_open                             
0     000837eb  _SCI_lseek                            
0     000837ed  _SCI_close                            
0     000837f9  ___TI_wrt_ok                          
0     0008383a  _printf                               
0     00083868  ___TI_doflush                         
0     00083897  C$$EXIT                               
0     00083897  _abort                                
0     00083899  _exit                                 
0     000838c0  _InitPieCtrl                          
0     000838df  _EnableInterrupts                     
0     000838e8  _copy_in                              
0     0008390c  _strncpy                              
0     00083929  _memcpy                               
0     00083945  __args_main                           
0     0008395e  _prolog_c28x_1                        
0     00083962  _prolog_c28x_2                        
0     0008396a  _prolog_c28x_3                        
0     00083977  _InitPieVectTable                     
0     00083988  _memchr                               
0     00083998  _memccpy                              
0     000839a5  _epilog_c28x_1                        
0     000839a9  _epilog_c28x_2                        
0     000839b1  _memset                               
0     000839bc  _strlen                               
0     000839c4  _strcpy                               
0     000839c8  __system_pre_init                     
0     000839ca  __system_post_cinit                   
0     00086000  _RamfuncsLoadStart                    
0     00086004  _RamfuncsLoadEnd                      
0     00090000  _ti_ascii                             
0     00090e3e  _PieVectTableInit                     
0     0009101e  _pucTempString                        
0     00091048  _escRed                               
0     0009104d  _escWhite                             
1     00000400  __stack                               
1     00000500  __STACK_END                           
1     00000b00  _AdcaResultRegs                       
1     00000b20  _AdcbResultRegs                       
1     00000b40  _AdccResultRegs                       
1     00000b60  _AdcdResultRegs                       
1     00000c00  _CpuTimer0Regs                        
1     00000c08  _CpuTimer1Regs                        
1     00000c10  _CpuTimer2Regs                        
1     00000ce0  _PieCtrlRegs                          
1     00000d00  _EmuKey                               
1     00000d00  _PieVectTable                         
1     00000d01  _EmuBMode                             
1     00001000  _DmaRegs                              
1     00001400  _Cla1Regs                             
1     00004000  _EPwm1Regs                            
1     00004100  _EPwm2Regs                            
1     00004200  _EPwm3Regs                            
1     00004300  _EPwm4Regs                            
1     00004400  _EPwm5Regs                            
1     00004500  _EPwm6Regs                            
1     00004600  _EPwm7Regs                            
1     00004700  _EPwm8Regs                            
1     00004800  _EPwm9Regs                            
1     00004900  _EPwm10Regs                           
1     00004a00  _EPwm11Regs                           
1     00004b00  _EPwm12Regs                           
1     00005000  _ECap1Regs                            
1     00005020  _ECap2Regs                            
1     00005040  _ECap3Regs                            
1     00005060  _ECap4Regs                            
1     00005080  _ECap5Regs                            
1     000050a0  _ECap6Regs                            
1     00005100  _EQep1Regs                            
1     00005140  _EQep2Regs                            
1     00005180  _EQep3Regs                            
1     00005c00  _DacaRegs                             
1     00005c10  _DacbRegs                             
1     00005c20  _DaccRegs                             
1     00005c80  _Cmpss1Regs                           
1     00005ca0  _Cmpss2Regs                           
1     00005cc0  _Cmpss3Regs                           
1     00005ce0  _Cmpss4Regs                           
1     00005d00  _Cmpss5Regs                           
1     00005d20  _Cmpss6Regs                           
1     00005d40  _Cmpss7Regs                           
1     00005d60  _Cmpss8Regs                           
1     00005e00  _Sdfm1Regs                            
1     00005e80  _Sdfm2Regs                            
1     00006000  _McbspaRegs                           
1     00006040  _McbspbRegs                           
1     00006100  _SpiaRegs                             
1     00006110  _SpibRegs                             
1     00006120  _SpicRegs                             
1     00006200  _UppRegs                              
1     00007000  _WdRegs                               
1     00007060  _NmiIntruptRegs                       
1     00007070  _XintRegs                             
1     00007200  _SciaRegs                             
1     00007210  _ScibRegs                             
1     00007220  _ScicRegs                             
1     00007230  _ScidRegs                             
1     00007300  _I2caRegs                             
1     00007340  _I2cbRegs                             
1     00007400  _AdcaRegs                             
1     00007480  _AdcbRegs                             
1     00007500  _AdccRegs                             
1     00007580  _AdcdRegs                             
1     00007900  _InputXbarRegs                        
1     00007920  _XbarRegs                             
1     00007940  _SyncSocRegs                          
1     00007980  _DmaClaSrcSelRegs                     
1     00007a00  _EPwmXbarRegs                         
1     00007a80  _OutputXbarRegs                       
1     00007c00  _GpioCtrlRegs                         
1     00007f00  _GpioDataRegs                         
1     0000a800  __sys_memory                          
1     0000ac00  __CIOBUF_                             
1     0000ad20  _CpuTimer0                            
1     0000ad28  _CpuTimer1                            
1     0000ad30  _CpuTimer2                            
1     0000ad40  ___TI_ft_end                          
1     0000ad80  __ftable                              
1     0000ae00  ___TI_tmpnams                         
1     0000aea8  ___TI_enable_exit_profile_output      
1     0000aeaa  ___TI_cleanup_ptr                     
1     0000aeac  ___TI_dtors_ptr                       
1     0000aeae  _currentSample                        
1     0000aeb2  __lock                                
1     0000aeb4  __unlock                              
1     0000aeb6  _deviceOpen                           
1     00047000  _Emif1Regs                            
1     00047800  _Emif2Regs                            
1     00048000  _CanaRegs                             
1     0004a000  _CanbRegs                             
1     00050000  _IpcRegs                              
1     00050024  _FlashPumpSemaphoreRegs               
1     0005d000  _DevCfgRegs                           
1     0005d180  _AnalogSubsysRegs                     
1     0005d200  _ClkCfgRegs                           
1     0005d300  _CpuSysRegs                           
1     0005e608  _RomPrefetchRegs                      
1     0005f000  _DcsmZ1Regs                           
1     0005f040  _DcsmZ2Regs                           
1     0005f070  _DcsmCommonRegs                       
1     0005f400  _MemCfgRegs                           
1     0005f480  _Emif1ConfigRegs                      
1     0005f4a0  _Emif2ConfigRegs                      
1     0005f4c0  _AccessProtectionRegs                 
1     0005f500  _MemoryErrorRegs                      
1     0005f540  _RomWaitStateRegs                     
1     0005f800  _Flash0CtrlRegs                       
1     0005fb00  _Flash0EccRegs                        
1     00078000  _DcsmZ1Otp                            
1     00078200  _DcsmZ2Otp                            
abs   00000004  _RamfuncsLoadSize                     
abs   00000004  _RamfuncsRunSize                      
abs   00000100  __STACK_SIZE                          
abs   00000400  __SYSMEM_SIZE                         
abs   ffffffff  .text                                 
abs   ffffffff  ___TI_pprof_out_hndl                  
abs   ffffffff  ___TI_prof_data_size                  
abs   ffffffff  ___TI_prof_data_start                 
abs   ffffffff  ___binit__                            
abs   ffffffff  ___c_args__                           
abs   ffffffff  ___etext__                            
abs   ffffffff  ___pinit__                            
abs   ffffffff  ___text__                             
abs   ffffffff  binit                                 
abs   ffffffff  etext                                 
abs   ffffffff  pinit                                 

[386 symbols]
